2026-01-12 04:48:20.718  1401-1556  PhoneWindow             system_server                        D  forceLight changed to false [Splash Screen com.android.sun.tattva] from com.android.internal.policy.PhoneWindow.updateForceLightNavigationBar:4280 com.android.internal.policy.DecorView.updateColorViews:1547 com.android.internal.policy.PhoneWindow.dispatchWindowAttributesChanged:3252 android.view.Window.setFlags:1153 com.android.internal.policy.PhoneWindow.generateLayout:2620 
2026-01-12 04:48:20.719  1401-1555  GameSDK@LifeCycle       system_server                        D  onFocusedStackChanged(): focusedStackInfo: Stack id=219 bounds=[0,0][1080,2220] displayId=0 userId=0
                                                                                                     configuration={1.3 226mcc5mnc [en_US] ldltr sw411dp w411dp h773dp 420dpi nrml long port finger -keyb/v/h -nav/h winConfig={ mBounds=Rect(0, 0 - 1080, 2220) mAppBounds=Rect(0, 0 - 1080, 2094) mWindowingMode=fullscreen mDisplayWindowingMode=fullscreen mActivityType=standard mAlwaysOnTop=undefined mRotation=ROTATION_0} s.299 desktop/d ?dc bts=0 ff=0 bf=0 themeSeq=0}
                                                                                                      taskId=36545: com.android.sun.tattva/com.android.sun.MainActivity bounds=[0,0][1080,2220] userId=0 visible=true topActivity=ComponentInfo{com.android.sun.tattva/com.android.sun.MainActivity}
2026-01-12 04:48:20.731  1401-5057  GamePkgDataHelper       system_server                        D  notifyAppCreate(), pkgName: com.android.sun.tattva, sendRet: true
2026-01-12 04:48:20.731  1401-1991  GameManagerService      system_server                        D  onLooperPrepared(), msg: { when=0 what=10010 obj=com.android.sun.tattva target=com.samsung.android.game.GameManagerService$FgCheckThread$1 }
2026-01-12 04:48:20.731  1401-1991  GameManagerService      system_server                        D  handleMessage(), received MSG_APP_CREATE of pkgName: com.android.sun.tattva
2026-01-12 04:48:20.734  1401-5057  MARsPolicyManager       system_server                        D  onPackageResumedFG pkgName = com.android.sun.tattva, userId = 0
2026-01-12 04:48:20.753  1401-1556  WindowManager           system_server                        D  makeSurface duration=1 name=Splash Screen com.android.sun.tattva
2026-01-12 04:48:20.756  1401-1555  GameSDK@LifeCycle       system_server                        D  onFocusedPackageChanged(): newPkgName: com.android.sun.tattva, newPid: 9423
2026-01-12 04:48:20.766  1401-1556  WindowManager           system_server                        D  finishDrawingWindow: Window{cfd1a3a u0 Splash Screen com.android.sun.tattva} mDrawState=DRAW_PENDING
2026-01-12 04:48:20.771  1401-1556  RemoteAnim...Controller system_server                        D  createAnimationAdapter(): token=AppWindowToken{40926da token=Token{a481885 ActivityRecord{78869fc u0 com.android.sun.tattva/com.android.sun.MainActivity t36545}}}
2026-01-12 04:48:20.773  1401-1556  WindowManager           system_server                        D  makeSurface duration=1 leash=Surface(name=Surface(name=AppWindowToken{40926da token=Token{a481885 ActivityRecord{78869fc u0 com.android.sun.tattva/com.android.sun.MainActivity t36545}}})/@0x3f66ef1 - animation-leash)/@0x520dad6
2026-01-12 04:48:20.774  1401-1556  RemoteAnim...Controller system_server                        D  	Add token=AppWindowToken{40926da token=Token{a481885 ActivityRecord{78869fc u0 com.android.sun.tattva/com.android.sun.MainActivity t36545}}}
2026-01-12 04:48:20.785  1401-1553  CodecSolution           system_server                        D  isMaxAspectPackageEx: com.android.sun.tattva : true(2)
2026-01-12 04:48:20.785  1401-1937  PkgPredictorService     system_server                        D  com.android.sun.tattva go to foreground!
2026-01-12 04:48:20.785  1401-1937  PkgPredictorService     system_server                        D  previous pkgs: com.android.sun.tattva,com.android.sun.tattva,com.android.sun.tattva running pkg: com.android.sun.tattva, uid: 0 is system: false
2026-01-12 04:48:20.785  1401-1937  PkgPredict...-Collector system_server                        D  save record...
                                                                                                     (hour:4 day:2 previous:[com.android.sun.tattva, com.android.sun.tattva, com.android.sun.tattva] activityName:unknown running:com.android.sun.tattva userId:0 screenOrientation:0 wifi:1 bt:0 predictTime:2 apkVersion:2.03 consumeTime:-1 preloaded:false>)
2026-01-12 04:48:20.785  1401-1937  PkgPredict...Controller system_server                        D  User using: com.android.sun.tattva
2026-01-12 04:48:20.787  1401-1555  GameManagerService      system_server                        D  identifyGamePackage. com.android.sun.tattva, mCurrentUserId: 0, callerUserId: 0
2026-01-12 04:48:20.787  1401-1555  GamePkgDataHelper       system_server                        D  getGamePkgData(). com.android.sun.tattva
2026-01-12 04:48:20.789  1401-5057  GamePkgDataHelper       system_server                        D  getSosPolicy(). com.android.sun.tattva
2026-01-12 04:48:20.792  1401-1556  WindowManager           system_server                        D  finishDrawingWindow: Window{cfd1a3a u0 Splash Screen com.android.sun.tattva} mDrawState=HAS_DRAWN
2026-01-12 04:48:20.795  1401-1555  GameManagerService      system_server                        D  noteResumeComponent(), received resumed-component: com.android.sun.tattva
2026-01-12 04:48:20.795  1401-1991  GameManagerService      system_server                        D  onLooperPrepared(), msg: { when=0 what=10000 obj=ComponentInfo{com.android.sun.tattva/com.android.sun.MainActivity} target=com.samsung.android.game.GameManagerService$FgCheckThread$1 }
2026-01-12 04:48:20.795  1401-1555  GamePkgDataHelper       system_server                        D  getSosPolicy(). com.android.sun.tattva
2026-01-12 04:48:20.795  1401-1991  GameManagerService      system_server                        D  notifyResumePause(). of pkg: com.android.sun.tattva, type: 4, isMinimized: false, isTunableApp: false
2026-01-12 04:48:20.795  1401-1555  GameManagerService      system_server                        D  identifyGamePackage. com.android.sun.tattva, mCurrentUserId: 0, callerUserId: 0
2026-01-12 04:48:20.795  1401-1555  GamePkgDataHelper       system_server                        D  getGamePkgData(). com.android.sun.tattva
2026-01-12 04:48:20.796  1401-1553  WindowManager           system_server                        D  setSystemUiVisibility: displayId=0, vis=0x8008, fullVis=0x0, dockVis=0x0, win=Window{cfd1a3a u0 Splash Screen com.android.sun.tattva}
2026-01-12 04:48:20.802  1401-1567  ApplicationPolicy       system_server                        D  isStatusBarNotificationAllowedAsUser: packageName = com.android.sun.tattva,userId = 0
2026-01-12 04:48:20.803  1401-1567  ApplicationPolicy       system_server                        D  isStatusBarNotificationAllowedAsUser: packageName = com.android.sun.tattva,userId = 0
2026-01-12 04:48:20.903  9423-11137 SwissEphWrapper         usap64                               D  ✅ Swiss Ephemeris initialized at:  /data/user/0/com.android.sun.tattva/files/sweph/data
2026-01-12 04:48:20.911  2406-2406  Launcher.N...onListener com.sec.android.app.launcher         D  onNotificationPosted : com.android.sun.tattva number : 0 listener : null
2026-01-12 04:48:20.914  1401-2120  MdnieScena...rolService system_server                        D   packageName : com.android.sun.tattva    className : com.android.sun.MainActivity
2026-01-12 04:48:20.965  1401-1567  ApplicationPolicy       system_server                        D  isStatusBarNotificationAllowedAsUser: packageName = com.android.sun.tattva,userId = 0
2026-01-12 04:48:20.966  1401-1567  ApplicationPolicy       system_server                        D  isStatusBarNotificationAllowedAsUser: packageName = com.android.sun.tattva,userId = 0
2026-01-12 04:48:20.971  1401-3927  ApplicationPolicy       system_server                        D  isStatusBarNotificationAllowedAsUser: packageName = com.android.sun.tattva,userId = 0
2026-01-12 04:48:20.973  1401-3927  ApplicationPolicy       system_server                        D  isStatusBarNotificationAllowedAsUser: packageName = com.android.sun.tattva,userId = 0
2026-01-12 04:48:21.000  9423-9423  SwissEphWrapper         usap64                               D  ✅ Swiss Ephemeris initialized at:  /data/user/0/com.android.sun.tattva/files/sweph/data
2026-01-12 04:48:21.071  2406-2406  Launcher.N...onListener com.sec.android.app.launcher         D  onNotificationPosted : com.android.sun.tattva number : 0 listener : null
2026-01-12 04:48:21.078  2406-2406  Launcher.N...onListener com.sec.android.app.launcher         D  onNotificationPosted : com.android.sun.tattva number : 0 listener : null
2026-01-12 04:48:21.131  1401-2111  RemoteAnim...Controller system_server                        D  	AppWindowToken{40926da token=Token{a481885 ActivityRecord{78869fc u0 com.android.sun.tattva/com.android.sun.MainActivity t36545}}}
2026-01-12 04:48:21.132  9423-9423  SwissEphWrapper         usap64                               D  ✅ Swiss Ephemeris initialized at:  /data/user/0/com.android.sun.tattva/files/sweph/data
2026-01-12 04:48:21.143  1401-2111  WindowManager           system_server                        D  makeSurface duration=1 name=com.android.sun.tattva/com.android.sun.MainActivity$_9423
2026-01-12 04:48:21.143  1401-1553  WindowManager           system_server                        D  setSystemUiVisibility: displayId=0, vis=0xa708, fullVis=0x0, dockVis=0x0, win=Window{f27ce62 u0 com.android.sun.tattva/com.android.sun.MainActivity}
2026-01-12 04:48:21.148   933-933   Layer                   surfaceflinger                       E  [Surface(name=AppWindowToken{40926da token=Token{a481885 ActivityRecord{78869fc u0 com.android.sun.tattva/com.android.sun.MainActivity t36545}}})/@0x3f66ef1 - animation-leash#0] No local sync point found, barrierLayer : [com.sec.android.app.launcher/com.sec.android.app.launcher.activities.LauncherActivity$_2406#0]
2026-01-12 04:48:21.148   933-933   Layer                   surfaceflinger                       E  [Surface(name=AppWindowToken{40926da token=Token{a481885 ActivityRecord{78869fc u0 com.android.sun.tattva/com.android.sun.MainActivity t36545}}})/@0x3f66ef1 - animation-leash#0] No local sync point found, barrierLayer : [com.sec.android.app.launcher/com.sec.android.app.launcher.activities.LauncherActivity$_2406#0]
2026-01-12 04:48:21.155  1401-2111  WindowManager           system_server                        D  finishDrawingWindow: Window{f27ce62 u0 com.android.sun.tattva/com.android.sun.MainActivity} mDrawState=DRAW_PENDING
2026-01-12 04:48:21.158  1401-1556  PkgPredictorService     system_server                        D  pkg:com.android.sun.tattva activity:com.android.sun.MainActivity thisTime:460
2026-01-12 04:48:21.166  1401-1556  WindowManager           system_server                        D  makeSurface duration=1 leash=Surface(name=Surface(name=cfd1a3a Splash Screen com.android.sun.tattva)/@0x66664be - animation-leash)/@0xfa00eca
2026-01-12 04:48:21.214  1401-2295  WindowManager           system_server                        D  finishDrawingWindow: Window{f27ce62 u0 com.android.sun.tattva/com.android.sun.MainActivity} mDrawState=HAS_DRAWN
2026-01-12 04:48:21.230  1401-1556  WindowManager           system_server                        E  win=Window{cfd1a3a u0 Splash Screen com.android.sun.tattva EXITING} destroySurfaces: appStopped=false win.mWindowRemovalAllowed=true win.mRemoveOnExit=true win.mViewVisibility=0 caller=com.android.server.wm.AppWindowToken.destroySurfaces:1249 com.android.server.wm.AppWindowToken.destroySurfaces:1230 com.android.server.wm.WindowState.onExitAnimationDone:5189 com.android.server.wm.WindowStateAnimator.onAnimationFinished:320 com.android.server.wm.WindowState.onAnimationFinished:5630 com.android.server.wm.-$$Lambda$yVRF8YoeNdTa8GR1wDStVsHu8xM.run:2 com.android.server.wm.SurfaceAnimator.lambda$getFinishedCallback$0$SurfaceAnimator:100 
2026-01-12 04:48:21.232  1401-1553  WindowManager           system_server                        D  setSystemUiVisibility: displayId=0, vis=0xa718, fullVis=0x2000, dockVis=0x0, win=Window{f27ce62 u0 com.android.sun.tattva/com.android.sun.MainActivity}
2026-01-12 04:48:21.239  1401-1553  CodecSolution           system_server                        D  isMaxAspectPackageEx: com.android.sun.tattva : true(2)
2026-01-12 04:48:21.367  1401-2120  MdnieScena...rolService system_server                        D   packageName : com.android.sun.tattva    className : com.android.sun.MainActivity
2026-01-12 04:48:21.709  1401-8965  GameManagerService      system_server                        D  identifyGamePackage. com.android.sun.tattva, mCurrentUserId: 0, callerUserId: 0
2026-01-12 04:48:21.709  1401-8965  GamePkgDataHelper       system_server                        D  getGamePkgData(). com.android.sun.tattva
2026-01-12 04:48:23.092  2406-3677  Recommende...msProvider com.sec.android.app.launcher         D  <RecentApps> : (3) [{com.android.sun.tattva/com.android.sun.MainActivity} / UserHandle{0}, {org.telegram.messenger/org.telegram.messenger.DefaultIcon} / UserHandle{0}, {com.android.settings/com.android.settings.Settings} / UserHandle{0}]
2026-01-12 04:48:23.092  2406-3677  Recommende...msProvider com.sec.android.app.launcher         D  <Excludings> : (3) [{org.telegram.messenger/org.telegram.messenger.DefaultIcon} / UserHandle{0}, {com.android.sun.tattva/com.android.sun.MainActivity} / UserHandle{0}, {com.android.settings/com.android.settings.Settings} / UserHandle{0}]
2026-01-12 04:48:23.103  1401-1555  GameManagerService      system_server                        D  notePauseComponent(), received paused-component: com.android.sun.tattva
2026-01-12 04:48:23.132  1401-1556  RemoteAnim...Controller system_server                        D  createAnimationAdapter(): token=AppWindowToken{40926da token=Token{a481885 ActivityRecord{78869fc u0 com.android.sun.tattva/com.android.sun.MainActivity t36545}}}
2026-01-12 04:48:23.133  1401-1556  WindowManager           system_server                        D  makeSurface duration=1 leash=Surface(name=Surface(name=AppWindowToken{40926da token=Token{a481885 ActivityRecord{78869fc u0 com.android.sun.tattva/com.android.sun.MainActivity t36545}}})/@0x3f66ef1 - animation-leash)/@0x3d587bb
2026-01-12 04:48:23.138  1401-1556  RemoteAnim...Controller system_server                        D  	Add token=AppWindowToken{40926da token=Token{a481885 ActivityRecord{78869fc u0 com.android.sun.tattva/com.android.sun.MainActivity t36545}}}
2026-01-12 04:48:23.564  1401-2295  RemoteAnim...Controller system_server                        D  	AppWindowToken{40926da token=Token{a481885 ActivityRecord{78869fc u0 com.android.sun.tattva/com.android.sun.MainActivity t36545}}}
2026-01-12 04:48:23.580   933-933   Layer                   surfaceflinger                       E  [Surface(name=AppWindowToken{40926da token=Token{a481885 ActivityRecord{78869fc u0 com.android.sun.tattva/com.android.sun.MainActivity t36545}}})/@0x3f66ef1 - animation-leash#0] No local sync point found, barrierLayer : [com.sec.android.app.launcher/com.sec.android.app.launcher.activities.LauncherActivity$_2406#0]
2026-01-12 04:48:23.580   933-933   Layer                   surfaceflinger                       E  [Surface(name=AppWindowToken{40926da token=Token{a481885 ActivityRecord{78869fc u0 com.android.sun.tattva/com.android.sun.MainActivity t36545}}})/@0x3f66ef1 - animation-leash#0] No local sync point found, barrierLayer : [com.sec.android.app.launcher/com.sec.android.app.launcher.activities.LauncherActivity$_2406#0]
2026-01-12 04:48:23.601  1401-2295  WindowManager           system_server                        E  win=Window{f27ce62 u0 com.android.sun.tattva/com.android.sun.MainActivity} destroySurfaces: appStopped=true win.mWindowRemovalAllowed=false win.mRemoveOnExit=false win.mViewVisibility=8 caller=com.android.server.wm.AppWindowToken.destroySurfaces:1249 com.android.server.wm.AppWindowToken.destroySurfaces:1230 com.android.server.wm.AppWindowToken.notifyAppStopped:1285 com.android.server.wm.ActivityRecord.activityStoppedLocked:2776 com.android.server.wm.ActivityTaskManagerService.activityStopped:2512 android.app.IActivityTaskManager$Stub.onTransact:2280 android.os.Binder.execTransactInternal:1056 
2026-01-12 04:48:28.204  2406-3677  RecommendedItemUtils    com.sec.android.app.launcher         D  createItemInfoFromModel: com.android.sun.tattva, com.android.sun.MainActivity, UserHandle{0}
2026-01-12 04:48:28.207  2406-3677  Recommende...msProvider com.sec.android.app.launcher         D  <NEW> : (1) [{com.android.sun.tattva/com.android.sun.MainActivity} / UserHandle{0}]
2026-01-12 04:48:28.209  2406-3677  Recommende...msProvider com.sec.android.app.launcher         D  <RecommendedItems> : (7) [{com.android.sun.tattva/com.android.sun.MainActivity} / UserHandle{0}, {com.android.vending/com.android.vending.AssetBrowserActivity} / UserHandle{0}, {com.whatsapp/com.whatsapp.Main} / UserHandle{0}, {com.sec.android.gallery3d/com.samsung.android.gallery.app.activity.GalleryActivity} / UserHandle{0}, {com.samsung.android.calendar/com.samsung.android.app.calendar.activity.MainActivity} / UserHandle{0}, {com.sec.android.app.clockpackage/com.sec.android.app.clockpackage.ClockPackage} / UserHandle{0}, {com.sec.android.app.samsungapps/com.sec.android.app.samsungapps.SamsungAppsMainActivity} / UserHandle{0}]
2026-01-12 04:48:28.209  2406-3677  Recommende...msProvider com.sec.android.app.launcher         D  <*Result*> : (5) [{com.android.sun.tattva/com.android.sun.MainActivity} / UserHandle{0}, {com.android.vending/com.android.vending.AssetBrowserActivity} / UserHandle{0}, {com.whatsapp/com.whatsapp.Main} / UserHandle{0}, {com.sec.android.gallery3d/com.samsung.android.gallery.app.activity.GalleryActivity} / UserHandle{0}, {com.samsung.android.calendar/com.samsung.android.app.calendar.activity.MainActivity} / UserHandle{0}]
2026-01-12 04:48:31.415  1401-1556  PhoneWindow             system_server                        D  forceLight changed to true [Splash Screen com.android.sun.tattva] from com.android.internal.policy.PhoneWindow.updateForceLightNavigationBar:4274 com.android.internal.policy.DecorView.updateColorViews:1547 com.android.internal.policy.PhoneWindow.dispatchWindowAttributesChanged:3252 android.view.Window.setFlags:1153 com.android.internal.policy.PhoneWindow.generateLayout:2474 
2026-01-12 04:48:31.415  1401-1556  PhoneWindow             system_server                        D  forceLight changed to false [Splash Screen com.android.sun.tattva] from com.android.internal.policy.PhoneWindow.updateForceLightNavigationBar:4280 com.android.internal.policy.DecorView.updateColorViews:1547 com.android.internal.policy.PhoneWindow.dispatchWindowAttributesChanged:3252 android.view.Window.setFlags:1153 com.android.internal.policy.PhoneWindow.generateLayout:2620 
2026-01-12 04:48:31.419  1401-5056  GamePkgDataHelper       system_server                        D  notifyAppCreate(), pkgName: com.android.sun.tattva, sendRet: true
2026-01-12 04:48:31.419  1401-1991  GameManagerService      system_server                        D  onLooperPrepared(), msg: { when=0 what=10010 obj=com.android.sun.tattva target=com.samsung.android.game.GameManagerService$FgCheckThread$1 }
2026-01-12 04:48:31.419  1401-1991  GameManagerService      system_server                        D  handleMessage(), received MSG_APP_CREATE of pkgName: com.android.sun.tattva
2026-01-12 04:48:31.420  1401-5056  MARsPolicyManager       system_server                        D  onPackageResumedFG pkgName = com.android.sun.tattva, userId = 0
2026-01-12 04:48:31.453  1401-1556  WindowManager           system_server                        D  makeSurface duration=2 name=Splash Screen com.android.sun.tattva
2026-01-12 04:48:31.456  1401-1555  GameManagerService      system_server                        D  getForegroundPair(), state=0, bounds=[0,0][1080,2220], displayId=0, userId=0, taskName=com.android.sun.tattva/com.android.sun.MainActivity
2026-01-12 04:48:31.456  1401-1555  GameManagerService      system_server                        D  MultiWindowEventListener.onFocusedStackChanged(), pkgName: com.android.sun.tattva, clsName: com.android.sun.MainActivity, fgActivityName:com.android.sun.tattva/com.android.sun.MainActivity, userID:0
2026-01-12 04:48:31.457  1401-1991  GameManagerService      system_server                        D  onLooperPrepared(), msg: { when=-1ms what=10000 obj=ComponentInfo{com.android.sun.tattva/com.android.sun.MainActivity} target=com.samsung.android.game.GameManagerService$FgCheckThread$1 }
2026-01-12 04:48:31.457  1401-1991  GameManagerService      system_server                        D  notifyResumePause(). of pkg: com.android.sun.tattva, type: 4, isMinimized: false, isTunableApp: false
2026-01-12 04:48:31.457  1401-1555  GameSDK@LifeCycle       system_server                        D  onFocusedStackChanged(): focusedStackInfo: Stack id=220 bounds=[0,0][1080,2220] displayId=0 userId=0
                                                                                                     configuration={1.3 226mcc5mnc [en_US] ldltr sw411dp w411dp h773dp 420dpi nrml long port finger -keyb/v/h -nav/h winConfig={ mBounds=Rect(0, 0 - 1080, 2220) mAppBounds=Rect(0, 0 - 1080, 2094) mWindowingMode=fullscreen mDisplayWindowingMode=fullscreen mActivityType=standard mAlwaysOnTop=undefined mRotation=ROTATION_0} s.299 desktop/d ?dc bts=0 ff=0 bf=0 themeSeq=0}
                                                                                                      taskId=36546: com.android.sun.tattva/com.android.sun.MainActivity bounds=[0,0][1080,2220] userId=0 visible=true topActivity=ComponentInfo{com.android.sun.tattva/com.android.sun.MainActivity}
2026-01-12 04:48:31.460  1401-1553  CodecSolution           system_server                        D  isMaxAspectPackageEx: com.android.sun.tattva : true(2)
2026-01-12 04:48:31.462  1401-1937  PkgPredictorService     system_server                        D  com.android.sun.tattva go to foreground!
2026-01-12 04:48:31.462  1401-1937  PkgPredictorService     system_server                        D  previous pkgs: com.android.sun.tattva,com.android.sun.tattva,com.android.sun.tattva running pkg: com.android.sun.tattva, uid: 0 is system: false
2026-01-12 04:48:31.462  1401-1937  PkgPredict...-Collector system_server                        D  save record...
                                                                                                     (hour:4 day:2 previous:[com.android.sun.tattva, com.android.sun.tattva, com.android.sun.tattva] activityName:unknown running:com.android.sun.tattva userId:0 screenOrientation:0 wifi:1 bt:0 predictTime:1 apkVersion:2.03 consumeTime:-1 preloaded:false>)
2026-01-12 04:48:31.462  1401-1937  PkgPredict...Controller system_server                        D  User using: com.android.sun.tattva
2026-01-12 04:48:31.463  1401-1556  WindowManager           system_server                        D  finishDrawingWindow: Window{cd0acb6 u0 Splash Screen com.android.sun.tattva} mDrawState=DRAW_PENDING
2026-01-12 04:48:31.469  1401-1556  RemoteAnim...Controller system_server                        D  createAnimationAdapter(): token=AppWindowToken{c2d7e3f token=Token{ad54a5e ActivityRecord{fd04799 u0 com.android.sun.tattva/com.android.sun.MainActivity t36546}}}
2026-01-12 04:48:31.470  1401-1556  WindowManager           system_server                        D  makeSurface duration=1 leash=Surface(name=Surface(name=AppWindowToken{c2d7e3f token=Token{ad54a5e ActivityRecord{fd04799 u0 com.android.sun.tattva/com.android.sun.MainActivity t36546}}})/@0xc6cee53 - animation-leash)/@0x230f390
2026-01-12 04:48:31.471  1401-1556  RemoteAnim...Controller system_server                        D  	Add token=AppWindowToken{c2d7e3f token=Token{ad54a5e ActivityRecord{fd04799 u0 com.android.sun.tattva/com.android.sun.MainActivity t36546}}}
2026-01-12 04:48:31.474  1401-1555  GameSDK@LifeCycle       system_server                        D  onFocusedPackageChanged(): newPkgName: com.android.sun.tattva, newPid: 9423
2026-01-12 04:48:31.476  1401-1553  WindowManager           system_server                        D  setSystemUiVisibility: displayId=0, vis=0x8008, fullVis=0x0, dockVis=0x0, win=Window{cd0acb6 u0 Splash Screen com.android.sun.tattva}
2026-01-12 04:48:31.477  1401-1567  ApplicationPolicy       system_server                        D  isStatusBarNotificationAllowedAsUser: packageName = com.android.sun.tattva,userId = 0
2026-01-12 04:48:31.479  1401-1567  ApplicationPolicy       system_server                        D  isStatusBarNotificationAllowedAsUser: packageName = com.android.sun.tattva,userId = 0
2026-01-12 04:48:31.482  1401-2111  GamePkgDataHelper       system_server                        D  getSosPolicy(). com.android.sun.tattva
2026-01-12 04:48:31.483  1401-1555  GameManagerService      system_server                        D  identifyGamePackage. com.android.sun.tattva, mCurrentUserId: 0, callerUserId: 0
2026-01-12 04:48:31.483  1401-1555  GamePkgDataHelper       system_server                        D  getGamePkgData(). com.android.sun.tattva
2026-01-12 04:48:31.486  1401-1555  GameManagerService      system_server                        D  noteResumeComponent(), received resumed-component: com.android.sun.tattva
2026-01-12 04:48:31.486  1401-1555  GamePkgDataHelper       system_server                        D  getSosPolicy(). com.android.sun.tattva
2026-01-12 04:48:31.486  1401-1991  GameManagerService      system_server                        D  onLooperPrepared(), msg: { when=0 what=10000 obj=ComponentInfo{com.android.sun.tattva/com.android.sun.MainActivity} target=com.samsung.android.game.GameManagerService$FgCheckThread$1 }
2026-01-12 04:48:31.486  1401-1991  GameManagerService      system_server                        D  notifyResumePause(). of pkg: com.android.sun.tattva, type: 4, isMinimized: false, isTunableApp: false
2026-01-12 04:48:31.488  1401-1555  GameManagerService      system_server                        D  identifyGamePackage. com.android.sun.tattva, mCurrentUserId: 0, callerUserId: 0
2026-01-12 04:48:31.488  1401-1555  GamePkgDataHelper       system_server                        D  getGamePkgData(). com.android.sun.tattva
2026-01-12 04:48:31.571  9423-10987 SwissEphWrapper         usap64                               D  ✅ Swiss Ephemeris initialized at:  /data/user/0/com.android.sun.tattva/files/sweph/data
2026-01-12 04:48:31.584  2406-2406  Launcher.N...onListener com.sec.android.app.launcher         D  onNotificationPosted : com.android.sun.tattva number : 0 listener : null
2026-01-12 04:48:31.590  1401-2120  MdnieScena...rolService system_server                        D   packageName : com.android.sun.tattva    className : com.android.sun.MainActivity
2026-01-12 04:48:31.611  1401-1567  ApplicationPolicy       system_server                        D  isStatusBarNotificationAllowedAsUser: packageName = com.android.sun.tattva,userId = 0
2026-01-12 04:48:31.613  1401-2111  ApplicationPolicy       system_server                        D  isStatusBarNotificationAllowedAsUser: packageName = com.android.sun.tattva,userId = 0
2026-01-12 04:48:31.615  1401-1567  ApplicationPolicy       system_server                        D  isStatusBarNotificationAllowedAsUser: packageName = com.android.sun.tattva,userId = 0
2026-01-12 04:48:31.616  1401-2111  ApplicationPolicy       system_server                        D  isStatusBarNotificationAllowedAsUser: packageName = com.android.sun.tattva,userId = 0
2026-01-12 04:48:31.702  9423-9423  SwissEphWrapper         usap64                               D  ✅ Swiss Ephemeris initialized at:  /data/user/0/com.android.sun.tattva/files/sweph/data
2026-01-12 04:48:31.724  2406-2406  Launcher.N...onListener com.sec.android.app.launcher         D  onNotificationPosted : com.android.sun.tattva number : 0 listener : null
2026-01-12 04:48:31.727  2406-2406  Launcher.N...onListener com.sec.android.app.launcher         D  onNotificationPosted : com.android.sun.tattva number : 0 listener : null
2026-01-12 04:48:31.782  9423-9423  SwissEphWrapper         usap64                               D  ✅ Swiss Ephemeris initialized at:  /data/user/0/com.android.sun.tattva/files/sweph/data
2026-01-12 04:48:31.791  1401-5056  WindowManager           system_server                        D  makeSurface duration=2 name=com.android.sun.tattva/com.android.sun.MainActivity$_9423
2026-01-12 04:48:31.792  1401-1553  WindowManager           system_server                        D  setSystemUiVisibility: displayId=0, vis=0xa708, fullVis=0x0, dockVis=0x0, win=Window{a41ec8d u0 com.android.sun.tattva/com.android.sun.MainActivity}
2026-01-12 04:48:31.801  1401-3927  WindowManager           system_server                        D  finishDrawingWindow: Window{a41ec8d u0 com.android.sun.tattva/com.android.sun.MainActivity} mDrawState=DRAW_PENDING
2026-01-12 04:48:31.805  1401-1556  PkgPredictorService     system_server                        D  pkg:com.android.sun.tattva activity:com.android.sun.MainActivity thisTime:405
2026-01-12 04:48:31.810  1401-1556  WindowManager           system_server                        D  makeSurface duration=1 leash=Surface(name=Surface(name=cd0acb6 Splash Screen com.android.sun.tattva)/@0x85e1243 - animation-leash)/@0xc7060c0
2026-01-12 04:48:31.833  1401-5056  RemoteAnim...Controller system_server                        D  	AppWindowToken{c2d7e3f token=Token{ad54a5e ActivityRecord{fd04799 u0 com.android.sun.tattva/com.android.sun.MainActivity t36546}}}
2026-01-12 04:48:31.846   933-933   Layer                   surfaceflinger                       E  [Surface(name=AppWindowToken{c2d7e3f token=Token{ad54a5e ActivityRecord{fd04799 u0 com.android.sun.tattva/com.android.sun.MainActivity t36546}}})/@0xc6cee53 - animation-leash#0] No local sync point found, barrierLayer : [com.sec.android.app.launcher/com.sec.android.app.launcher.activities.LauncherActivity$_2406#0]
2026-01-12 04:48:31.881  1401-1556  WindowManager           system_server                        E  win=Window{cd0acb6 u0 Splash Screen com.android.sun.tattva EXITING} destroySurfaces: appStopped=false win.mWindowRemovalAllowed=true win.mRemoveOnExit=true win.mViewVisibility=0 caller=com.android.server.wm.AppWindowToken.destroySurfaces:1249 com.android.server.wm.AppWindowToken.destroySurfaces:1230 com.android.server.wm.WindowState.onExitAnimationDone:5189 com.android.server.wm.WindowStateAnimator.onAnimationFinished:320 com.android.server.wm.WindowState.onAnimationFinished:5630 com.android.server.wm.-$$Lambda$yVRF8YoeNdTa8GR1wDStVsHu8xM.run:2 com.android.server.wm.SurfaceAnimator.lambda$getFinishedCallback$0$SurfaceAnimator:100 
2026-01-12 04:48:31.882  1401-1553  WindowManager           system_server                        D  setSystemUiVisibility: displayId=0, vis=0xa718, fullVis=0x2000, dockVis=0x0, win=Window{a41ec8d u0 com.android.sun.tattva/com.android.sun.MainActivity}
2026-01-12 04:48:31.888  1401-1553  CodecSolution           system_server                        D  isMaxAspectPackageEx: com.android.sun.tattva : true(2)
2026-01-12 04:48:32.016  1401-2120  MdnieScena...rolService system_server                        D   packageName : com.android.sun.tattva    className : com.android.sun.MainActivity
2026-01-12 04:48:37.520  1401-8965  GameManagerService      system_server                        D  identifyGamePackage. com.android.sun.tattva, mCurrentUserId: 0, callerUserId: 0
2026-01-12 04:48:37.520  1401-8965  GamePkgDataHelper       system_server                        D  getGamePkgData(). com.android.sun.tattva
2026-01-12 04:48:57.893  1401-1401  GameManagerService      system_server                        D  identifyGamePackage. com.android.sun.tattva, mCurrentUserId: 0, callerUserId: 0
2026-01-12 04:48:57.893  1401-1401  GamePkgDataHelper       system_server                        D  getGamePkgData(). com.android.sun.tattva
2026-01-12 04:48:58.764  1401-1401  GameManagerService      system_server                        D  identifyGamePackage. com.android.sun.tattva, mCurrentUserId: 0, callerUserId: 0
2026-01-12 04:48:58.764  1401-1401  GamePkgDataHelper       system_server                        D  getGamePkgData(). com.android.sun.tattva
2026-01-12 04:48:59.751  1401-1553  WindowManager           system_server                        D  setSystemUiVisibility: displayId=0, vis=0x8708, fullVis=0x0, dockVis=0x0, win=Window{a41ec8d u0 com.android.sun.tattva/com.android.sun.MainActivity}
2026-01-12 04:49:01.746  9423-10988 SwissEphWrapper         usap64                               D  ✅ Swiss Ephemeris initialized at:  /data/user/0/com.android.sun.tattva/files/sweph/data
2026-01-12 04:49:01.789  1401-1567  ApplicationPolicy       system_server                        D  isStatusBarNotificationAllowedAsUser: packageName = com.android.sun.tattva,userId = 0
2026-01-12 04:49:01.789  1401-3927  ApplicationPolicy       system_server                        D  isStatusBarNotificationAllowedAsUser: packageName = com.android.sun.tattva,userId = 0
2026-01-12 04:49:01.790  1401-3927  ApplicationPolicy       system_server                        D  isStatusBarNotificationAllowedAsUser: packageName = com.android.sun.tattva,userId = 0
2026-01-12 04:49:01.791  1401-1567  ApplicationPolicy       system_server                        D  isStatusBarNotificationAllowedAsUser: packageName = com.android.sun.tattva,userId = 0
2026-01-12 04:49:01.913  2406-2406  Launcher.N...onListener com.sec.android.app.launcher         D  onNotificationPosted : com.android.sun.tattva number : 0 listener : null
2026-01-12 04:49:01.917  2406-2406  Launcher.N...onListener com.sec.android.app.launcher         D  onNotificationPosted : com.android.sun.tattva number : 0 listener : null
2026-01-12 04:49:05.217  2406-3677  Recommende...msProvider com.sec.android.app.launcher         D  <RecentApps> : (3) [{com.android.sun.tattva/com.android.sun.MainActivity} / UserHandle{0}, {org.telegram.messenger/org.telegram.messenger.DefaultIcon} / UserHandle{0}, {com.android.settings/com.android.settings.Settings} / UserHandle{0}]
2026-01-12 04:49:05.217  2406-3677  Recommende...msProvider com.sec.android.app.launcher         D  <Excludings> : (3) [{org.telegram.messenger/org.telegram.messenger.DefaultIcon} / UserHandle{0}, {com.android.sun.tattva/com.android.sun.MainActivity} / UserHandle{0}, {com.android.settings/com.android.settings.Settings} / UserHandle{0}]
2026-01-12 04:49:05.224  1401-1555  GameManagerService      system_server                        D  notePauseComponent(), received paused-component: com.android.sun.tattva
2026-01-12 04:49:05.268  1401-1556  RemoteAnim...Controller system_server                        D  createAnimationAdapter(): token=AppWindowToken{c2d7e3f token=Token{ad54a5e ActivityRecord{fd04799 u0 com.android.sun.tattva/com.android.sun.MainActivity t36546}}}
2026-01-12 04:49:05.269  1401-1556  WindowManager           system_server                        D  makeSurface duration=1 leash=Surface(name=Surface(name=AppWindowToken{c2d7e3f token=Token{ad54a5e ActivityRecord{fd04799 u0 com.android.sun.tattva/com.android.sun.MainActivity t36546}}})/@0xc6cee53 - animation-leash)/@0x5b166b9
2026-01-12 04:49:05.275  1401-1556  RemoteAnim...Controller system_server                        D  	Add token=AppWindowToken{c2d7e3f token=Token{ad54a5e ActivityRecord{fd04799 u0 com.android.sun.tattva/com.android.sun.MainActivity t36546}}}
2026-01-12 04:49:05.689  1401-5057  RemoteAnim...Controller system_server                        D  	AppWindowToken{c2d7e3f token=Token{ad54a5e ActivityRecord{fd04799 u0 com.android.sun.tattva/com.android.sun.MainActivity t36546}}}
2026-01-12 04:49:05.705   933-933   Layer                   surfaceflinger                       E  [Surface(name=AppWindowToken{c2d7e3f token=Token{ad54a5e ActivityRecord{fd04799 u0 com.android.sun.tattva/com.android.sun.MainActivity t36546}}})/@0xc6cee53 - animation-leash#0] No local sync point found, barrierLayer : [com.sec.android.app.launcher/com.sec.android.app.launcher.activities.LauncherActivity$_2406#0]
2026-01-12 04:49:05.705   933-933   Layer                   surfaceflinger                       E  [Surface(name=AppWindowToken{c2d7e3f token=Token{ad54a5e ActivityRecord{fd04799 u0 com.android.sun.tattva/com.android.sun.MainActivity t36546}}})/@0xc6cee53 - animation-leash#0] No local sync point found, barrierLayer : [com.sec.android.app.launcher/com.sec.android.app.launcher.activities.LauncherActivity$_2406#0]
2026-01-12 04:49:05.789  1401-3927  WindowManager           system_server                        E  win=Window{a41ec8d u0 com.android.sun.tattva/com.android.sun.MainActivity} destroySurfaces: appStopped=true win.mWindowRemovalAllowed=false win.mRemoveOnExit=false win.mViewVisibility=8 caller=com.android.server.wm.AppWindowToken.destroySurfaces:1249 com.android.server.wm.AppWindowToken.destroySurfaces:1230 com.android.server.wm.AppWindowToken.notifyAppStopped:1285 com.android.server.wm.ActivityRecord.activityStoppedLocked:2776 com.android.server.wm.ActivityTaskManagerService.activityStopped:2512 android.app.IActivityTaskManager$Stub.onTransact:2280 android.os.Binder.execTransactInternal:1056 
2026-01-12 04:49:08.533  1401-1556  PhoneWindow             system_server                        D  forceLight changed to true [Splash Screen com.android.sun.tattva] from com.android.internal.policy.PhoneWindow.updateForceLightNavigationBar:4274 com.android.internal.policy.DecorView.updateColorViews:1547 com.android.internal.policy.PhoneWindow.dispatchWindowAttributesChanged:3252 android.view.Window.setFlags:1153 com.android.internal.policy.PhoneWindow.generateLayout:2474 
2026-01-12 04:49:08.533  1401-1556  PhoneWindow             system_server                        D  forceLight changed to false [Splash Screen com.android.sun.tattva] from com.android.internal.policy.PhoneWindow.updateForceLightNavigationBar:4280 com.android.internal.policy.DecorView.updateColorViews:1547 com.android.internal.policy.PhoneWindow.dispatchWindowAttributesChanged:3252 android.view.Window.setFlags:1153 com.android.internal.policy.PhoneWindow.generateLayout:2620 
2026-01-12 04:49:08.539  1401-5057  GamePkgDataHelper       system_server                        D  notifyAppCreate(), pkgName: com.android.sun.tattva, sendRet: true
2026-01-12 04:49:08.539  1401-1991  GameManagerService      system_server                        D  onLooperPrepared(), msg: { when=0 what=10010 obj=com.android.sun.tattva target=com.samsung.android.game.GameManagerService$FgCheckThread$1 }
2026-01-12 04:49:08.539  1401-1991  GameManagerService      system_server                        D  handleMessage(), received MSG_APP_CREATE of pkgName: com.android.sun.tattva
2026-01-12 04:49:08.540  1401-5057  MARsPolicyManager       system_server                        D  onPackageResumedFG pkgName = com.android.sun.tattva, userId = 0
2026-01-12 04:49:08.562  1401-1556  WindowManager           system_server                        D  makeSurface duration=1 name=Splash Screen com.android.sun.tattva
2026-01-12 04:49:08.566  1401-1553  CodecSolution           system_server                        D  isMaxAspectPackageEx: com.android.sun.tattva : true(2)
2026-01-12 04:49:08.567  1401-1555  GameManagerService      system_server                        D  getForegroundPair(), state=0, bounds=[0,0][1080,2220], displayId=0, userId=0, taskName=com.android.sun.tattva/com.android.sun.MainActivity
2026-01-12 04:49:08.567  1401-1555  GameManagerService      system_server                        D  MultiWindowEventListener.onFocusedStackChanged(), pkgName: com.android.sun.tattva, clsName: com.android.sun.MainActivity, fgActivityName:com.android.sun.tattva/com.android.sun.MainActivity, userID:0
2026-01-12 04:49:08.568  1401-1991  GameManagerService      system_server                        D  onLooperPrepared(), msg: { when=0 what=10000 obj=ComponentInfo{com.android.sun.tattva/com.android.sun.MainActivity} target=com.samsung.android.game.GameManagerService$FgCheckThread$1 }
2026-01-12 04:49:08.568  1401-1991  GameManagerService      system_server                        D  notifyResumePause(). of pkg: com.android.sun.tattva, type: 4, isMinimized: false, isTunableApp: false
2026-01-12 04:49:08.569  1401-1555  GameSDK@LifeCycle       system_server                        D  onFocusedStackChanged(): focusedStackInfo: Stack id=221 bounds=[0,0][1080,2220] displayId=0 userId=0
                                                                                                     configuration={1.3 226mcc5mnc [en_US] ldltr sw411dp w411dp h773dp 420dpi nrml long port finger -keyb/v/h -nav/h winConfig={ mBounds=Rect(0, 0 - 1080, 2220) mAppBounds=Rect(0, 0 - 1080, 2094) mWindowingMode=fullscreen mDisplayWindowingMode=fullscreen mActivityType=standard mAlwaysOnTop=undefined mRotation=ROTATION_0} s.299 desktop/d ?dc bts=0 ff=0 bf=0 themeSeq=0}
                                                                                                      taskId=36547: com.android.sun.tattva/com.android.sun.MainActivity bounds=[0,0][1080,2220] userId=0 visible=true topActivity=ComponentInfo{com.android.sun.tattva/com.android.sun.MainActivity}
2026-01-12 04:49:08.569  1401-1937  PkgPredictorService     system_server                        D  com.android.sun.tattva go to foreground!
2026-01-12 04:49:08.569  1401-1937  PkgPredictorService     system_server                        D  previous pkgs: com.android.sun.tattva,com.android.sun.tattva,com.android.sun.tattva running pkg: com.android.sun.tattva, uid: 0 is system: false
2026-01-12 04:49:08.569  1401-1937  PkgPredict...-Collector system_server                        D  save record...
                                                                                                     (hour:4 day:2 previous:[com.android.sun.tattva, com.android.sun.tattva, com.android.sun.tattva] activityName:unknown running:com.android.sun.tattva userId:0 screenOrientation:0 wifi:1 bt:0 predictTime:1 apkVersion:2.03 consumeTime:-1 preloaded:false>)
2026-01-12 04:49:08.569  1401-1937  PkgPredict...Controller system_server                        D  User using: com.android.sun.tattva
2026-01-12 04:49:08.570  1401-1556  WindowManager           system_server                        D  finishDrawingWindow: Window{aeabaaf u0 Splash Screen com.android.sun.tattva} mDrawState=DRAW_PENDING
2026-01-12 04:49:08.574  1401-1556  RemoteAnim...Controller system_server                        D  createAnimationAdapter(): token=AppWindowToken{2523927 token=Token{8dffe6 ActivityRecord{f9bbe41 u0 com.android.sun.tattva/com.android.sun.MainActivity t36547}}}
2026-01-12 04:49:08.574  1401-1556  WindowManager           system_server                        D  makeSurface duration=1 leash=Surface(name=Surface(name=AppWindowToken{2523927 token=Token{8dffe6 ActivityRecord{f9bbe41 u0 com.android.sun.tattva/com.android.sun.MainActivity t36547}}})/@0xdebad4a - animation-leash)/@0xc98add8
2026-01-12 04:49:08.576  1401-1556  RemoteAnim...Controller system_server                        D  	Add token=AppWindowToken{2523927 token=Token{8dffe6 ActivityRecord{f9bbe41 u0 com.android.sun.tattva/com.android.sun.MainActivity t36547}}}
2026-01-12 04:49:08.577  1401-1553  WindowManager           system_server                        D  setSystemUiVisibility: displayId=0, vis=0x8008, fullVis=0x0, dockVis=0x0, win=Window{aeabaaf u0 Splash Screen com.android.sun.tattva}
2026-01-12 04:49:08.583  1401-1555  GameSDK@LifeCycle       system_server                        D  onFocusedPackageChanged(): newPkgName: com.android.sun.tattva, newPid: 9423
2026-01-12 04:49:08.591  1401-1567  ApplicationPolicy       system_server                        D  isStatusBarNotificationAllowedAsUser: packageName = com.android.sun.tattva,userId = 0
2026-01-12 04:49:08.593  1401-1567  ApplicationPolicy       system_server                        D  isStatusBarNotificationAllowedAsUser: packageName = com.android.sun.tattva,userId = 0
2026-01-12 04:49:08.596  1401-1555  GameManagerService      system_server                        D  identifyGamePackage. com.android.sun.tattva, mCurrentUserId: 0, callerUserId: 0
2026-01-12 04:49:08.596  1401-1555  GamePkgDataHelper       system_server                        D  getGamePkgData(). com.android.sun.tattva
2026-01-12 04:49:08.596  1401-3927  GamePkgDataHelper       system_server                        D  getSosPolicy(). com.android.sun.tattva
2026-01-12 04:49:08.598  1401-1555  GameManagerService      system_server                        D  noteResumeComponent(), received resumed-component: com.android.sun.tattva
2026-01-12 04:49:08.598  1401-1555  GamePkgDataHelper       system_server                        D  getSosPolicy(). com.android.sun.tattva
2026-01-12 04:49:08.598  1401-1991  GameManagerService      system_server                        D  onLooperPrepared(), msg: { when=0 what=10000 obj=ComponentInfo{com.android.sun.tattva/com.android.sun.MainActivity} target=com.samsung.android.game.GameManagerService$FgCheckThread$1 }
2026-01-12 04:49:08.599  1401-1991  GameManagerService      system_server                        D  notifyResumePause(). of pkg: com.android.sun.tattva, type: 4, isMinimized: false, isTunableApp: false
2026-01-12 04:49:08.599  1401-1555  GameManagerService      system_server                        D  identifyGamePackage. com.android.sun.tattva, mCurrentUserId: 0, callerUserId: 0
2026-01-12 04:49:08.599  1401-1555  GamePkgDataHelper       system_server                        D  getGamePkgData(). com.android.sun.tattva
2026-01-12 04:49:08.686  9423-10987 SwissEphWrapper         usap64                               D  ✅ Swiss Ephemeris initialized at:  /data/user/0/com.android.sun.tattva/files/sweph/data
2026-01-12 04:49:08.706  2406-2406  Launcher.N...onListener com.sec.android.app.launcher         D  onNotificationPosted : com.android.sun.tattva number : 0 listener : null
2026-01-12 04:49:08.720  1401-1567  ApplicationPolicy       system_server                        D  isStatusBarNotificationAllowedAsUser: packageName = com.android.sun.tattva,userId = 0
2026-01-12 04:49:08.721  1401-1567  ApplicationPolicy       system_server                        D  isStatusBarNotificationAllowedAsUser: packageName = com.android.sun.tattva,userId = 0
2026-01-12 04:49:08.725  1401-3927  ApplicationPolicy       system_server                        D  isStatusBarNotificationAllowedAsUser: packageName = com.android.sun.tattva,userId = 0
2026-01-12 04:49:08.725  1401-3927  ApplicationPolicy       system_server                        D  isStatusBarNotificationAllowedAsUser: packageName = com.android.sun.tattva,userId = 0
2026-01-12 04:49:08.810  9423-9423  SwissEphWrapper         usap64                               D  ✅ Swiss Ephemeris initialized at:  /data/user/0/com.android.sun.tattva/files/sweph/data
2026-01-12 04:49:08.827  2406-2406  Launcher.N...onListener com.sec.android.app.launcher         D  onNotificationPosted : com.android.sun.tattva number : 0 listener : null
2026-01-12 04:49:08.832  2406-2406  Launcher.N...onListener com.sec.android.app.launcher         D  onNotificationPosted : com.android.sun.tattva number : 0 listener : null
2026-01-12 04:49:08.868  1401-2120  MdnieScena...rolService system_server                        D   packageName : com.android.sun.tattva    className : com.android.sun.MainActivity
2026-01-12 04:49:08.886  9423-9423  SwissEphWrapper         usap64                               D  ✅ Swiss Ephemeris initialized at:  /data/user/0/com.android.sun.tattva/files/sweph/data
2026-01-12 04:49:08.895  1401-2295  WindowManager           system_server                        D  makeSurface duration=1 name=com.android.sun.tattva/com.android.sun.MainActivity$_9423
2026-01-12 04:49:08.896  1401-1553  WindowManager           system_server                        D  setSystemUiVisibility: displayId=0, vis=0x8708, fullVis=0x0, dockVis=0x0, win=Window{dd6cf84 u0 com.android.sun.tattva/com.android.sun.MainActivity}
2026-01-12 04:49:08.903  1401-3927  WindowManager           system_server                        D  finishDrawingWindow: Window{dd6cf84 u0 com.android.sun.tattva/com.android.sun.MainActivity} mDrawState=DRAW_PENDING
2026-01-12 04:49:08.907  1401-1556  PkgPredictorService     system_server                        D  pkg:com.android.sun.tattva activity:com.android.sun.MainActivity thisTime:390
2026-01-12 04:49:08.915  1401-1556  WindowManager           system_server                        D  makeSurface duration=1 leash=Surface(name=Surface(name=aeabaaf Splash Screen com.android.sun.tattva)/@0x6759ca1 - animation-leash)/@0xb52eec6
2026-01-12 04:49:08.942  1401-2111  RemoteAnim...Controller system_server                        D  	AppWindowToken{2523927 token=Token{8dffe6 ActivityRecord{f9bbe41 u0 com.android.sun.tattva/com.android.sun.MainActivity t36547}}}
2026-01-12 04:49:08.955   933-933   Layer                   surfaceflinger                       E  [Surface(name=AppWindowToken{2523927 token=Token{8dffe6 ActivityRecord{f9bbe41 u0 com.android.sun.tattva/com.android.sun.MainActivity t36547}}})/@0xdebad4a - animation-leash#0] No local sync point found, barrierLayer : [com.sec.android.app.launcher/com.sec.android.app.launcher.activities.LauncherActivity$_2406#0]
