2026-01-12 01:42:08.368  1401-1555  GameManagerService      system_server                        D  MultiWindowEventListener.onFocusedStackChanged(), pkgName: com.android.sun.tattva, clsName: com.android.sun.MainActivity, fgActivityName:com.android.sun.tattva/com.android.sun.MainActivity, userID:0
2026-01-12 01:42:08.378  1401-1555  GameSDK@LifeCycle       system_server                        D  onFocusedStackChanged(): focusedStackInfo: Stack id=178 bounds=[0,0][1080,2220] displayId=0 userId=0
                                                                                                     configuration={1.3 226mcc5mnc [en_US] ldltr sw411dp w411dp h773dp 420dpi nrml long port finger -keyb/v/h -nav/h winConfig={ mBounds=Rect(0, 0 - 1080, 2220) mAppBounds=Rect(0, 0 - 1080, 2094) mWindowingMode=fullscreen mDisplayWindowingMode=fullscreen mActivityType=standard mAlwaysOnTop=undefined mRotation=ROTATION_0} s.136 desktop/d ?dc bts=0 ff=0 bf=0 themeSeq=0}
                                                                                                      taskId=36507: com.android.sun.tattva/com.android.sun.MainActivity bounds=[0,0][1080,2220] userId=0 visible=true topActivity=ComponentInfo{com.android.sun.tattva/com.android.sun.MainActivity}
2026-01-12 01:42:08.379  1401-1556  PhoneWindow             system_server                        D  forceLight changed to true [Splash Screen com.android.sun.tattva] from com.android.internal.policy.PhoneWindow.updateForceLightNavigationBar:4274 com.android.internal.policy.DecorView.updateColorViews:1547 com.android.internal.policy.PhoneWindow.dispatchWindowAttributesChanged:3252 android.view.Window.setFlags:1153 com.android.internal.policy.PhoneWindow.generateLayout:2474 
2026-01-12 01:42:08.379  1401-1556  PhoneWindow             system_server                        D  forceLight changed to false [Splash Screen com.android.sun.tattva] from com.android.internal.policy.PhoneWindow.updateForceLightNavigationBar:4280 com.android.internal.policy.DecorView.updateColorViews:1547 com.android.internal.policy.PhoneWindow.dispatchWindowAttributesChanged:3252 android.view.Window.setFlags:1153 com.android.internal.policy.PhoneWindow.generateLayout:2620 
2026-01-12 01:42:08.383  1401-2539  GamePkgDataHelper       system_server                        D  notifyAppCreate(), pkgName: com.android.sun.tattva, sendRet: true
2026-01-12 01:42:08.383  1401-1991  GameManagerService      system_server                        D  onLooperPrepared(), msg: { when=0 what=10010 obj=com.android.sun.tattva target=com.samsung.android.game.GameManagerService$FgCheckThread$1 }
2026-01-12 01:42:08.383  1401-1991  GameManagerService      system_server                        D  handleMessage(), received MSG_APP_CREATE of pkgName: com.android.sun.tattva
2026-01-12 01:42:08.384  1401-2539  MARsPolicyManager       system_server                        D  onPackageResumedFG pkgName = com.android.sun.tattva, userId = 0
2026-01-12 01:42:08.398  1401-1555  GameSDK@LifeCycle       system_server                        D  onFocusedPackageChanged(): newPkgName: com.android.sun.tattva, newPid: 14856
2026-01-12 01:42:08.400  1401-1556  WindowManager           system_server                        D  makeSurface duration=1 name=Splash Screen com.android.sun.tattva
2026-01-12 01:42:08.411  1401-1553  CodecSolution           system_server                        D  isMaxAspectPackageEx: com.android.sun.tattva : true(2)
2026-01-12 01:42:08.412  1401-1880  GamePkgDataHelper       system_server                        D  getSosPolicy(). com.android.sun.tattva
2026-01-12 01:42:08.414  1401-1556  WindowManager           system_server                        D  finishDrawingWindow: Window{37ef4b1 u0 Splash Screen com.android.sun.tattva} mDrawState=DRAW_PENDING
2026-01-12 01:42:08.416  1401-1937  PkgPredictorService     system_server                        D  com.android.sun.tattva go to foreground!
2026-01-12 01:42:08.416  1401-1937  PkgPredictorService     system_server                        D  previous pkgs: com.android.sun.tattva,com.android.sun.tattva,com.android.sun.tattva running pkg: com.android.sun.tattva, uid: 0 is system: false
2026-01-12 01:42:08.416  1401-1937  PkgPredict...-Collector system_server                        D  save record...
                                                                                                     (hour:1 day:2 previous:[com.android.sun.tattva, com.android.sun.tattva, com.android.sun.tattva] activityName:unknown running:com.android.sun.tattva userId:0 screenOrientation:0 wifi:1 bt:0 predictTime:0 apkVersion:2.03 consumeTime:-1 preloaded:false>)
2026-01-12 01:42:08.416  1401-1937  PkgPredict...Controller system_server                        D  User using: com.android.sun.tattva
2026-01-12 01:42:08.420  1401-1556  RemoteAnim...Controller system_server                        D  createAnimationAdapter(): token=AppWindowToken{33e90fa token=Token{3e65725 ActivityRecord{813ff1c u0 com.android.sun.tattva/com.android.sun.MainActivity t36507}}}
2026-01-12 01:42:08.421  1401-1556  WindowManager           system_server                        D  makeSurface duration=0 leash=Surface(name=Surface(name=AppWindowToken{33e90fa token=Token{3e65725 ActivityRecord{813ff1c u0 com.android.sun.tattva/com.android.sun.MainActivity t36507}}})/@0xd228d70 - animation-leash)/@0x36e88e9
2026-01-12 01:42:08.422  1401-1556  RemoteAnim...Controller system_server                        D  	Add token=AppWindowToken{33e90fa token=Token{3e65725 ActivityRecord{813ff1c u0 com.android.sun.tattva/com.android.sun.MainActivity t36507}}}
2026-01-12 01:42:08.424  1401-1555  GameManagerService      system_server                        D  identifyGamePackage. com.android.sun.tattva, mCurrentUserId: 0, callerUserId: 0
2026-01-12 01:42:08.424  1401-1555  GamePkgDataHelper       system_server                        D  getGamePkgData(). com.android.sun.tattva
2026-01-12 01:42:08.427  1401-1555  GameManagerService      system_server                        D  noteResumeComponent(), received resumed-component: com.android.sun.tattva
2026-01-12 01:42:08.427  1401-1555  GamePkgDataHelper       system_server                        D  getSosPolicy(). com.android.sun.tattva
2026-01-12 01:42:08.427  1401-1991  GameManagerService      system_server                        D  onLooperPrepared(), msg: { when=-1ms what=10000 obj=ComponentInfo{com.android.sun.tattva/com.android.sun.MainActivity} target=com.samsung.android.game.GameManagerService$FgCheckThread$1 }
2026-01-12 01:42:08.427  1401-1991  GameManagerService      system_server                        D  notifyResumePause(). of pkg: com.android.sun.tattva, type: 4, isMinimized: false, isTunableApp: false
2026-01-12 01:42:08.428  1401-1555  GameManagerService      system_server                        D  identifyGamePackage. com.android.sun.tattva, mCurrentUserId: 0, callerUserId: 0
2026-01-12 01:42:08.428  1401-1555  GamePkgDataHelper       system_server                        D  getGamePkgData(). com.android.sun.tattva
2026-01-12 01:42:08.433  1401-1553  WindowManager           system_server                        D  setSystemUiVisibility: displayId=0, vis=0x8008, fullVis=0x0, dockVis=0x0, win=Window{37ef4b1 u0 Splash Screen com.android.sun.tattva}
2026-01-12 01:42:08.441  1401-1556  WindowManager           system_server                        D  finishDrawingWindow: Window{37ef4b1 u0 Splash Screen com.android.sun.tattva} mDrawState=HAS_DRAWN
2026-01-12 01:42:08.461  1401-1567  ApplicationPolicy       system_server                        D  isStatusBarNotificationAllowedAsUser: packageName = com.android.sun.tattva,userId = 0
2026-01-12 01:42:08.463  1401-1567  ApplicationPolicy       system_server                        D  isStatusBarNotificationAllowedAsUser: packageName = com.android.sun.tattva,userId = 0
2026-01-12 01:42:08.501 14856-21127 SwissEphWrapper         usap64                               D  âœ… Swiss Ephemeris initialized at:  /data/user/0/com.android.sun.tattva/files/sweph/data
2026-01-12 01:42:08.541  1401-2120  MdnieScena...rolService system_server                        D   packageName : com.android.sun.tattva    className : com.android.sun.MainActivity
2026-01-12 01:42:08.541 14856-14856 SwissEphWrapper         usap64                               D  âœ… Swiss Ephemeris initialized at:  /data/user/0/com.android.sun.tattva/files/sweph/data
2026-01-12 01:42:08.563 14856-21130 SwissEphWrapper         usap64                               E  Rise/Set error: Ephemeris file /data/user/0/com.android.sun.tattva/files/sweph/data/sepl_18.se1 is damaged (0).  (6a)
2026-01-12 01:42:08.570 14856-14856 AndroidRuntime          usap64                               E  FATAL EXCEPTION: main
                                                                                                    Process: com.android.sun.tattva, PID: 14856
                                                                                                    java.lang.RuntimeException: Cannot create an instance of class s1.a
                                                                                                    	at androidx.lifecycle.x0.c(Unknown Source:53)
                                                                                                    	at androidx.lifecycle.x0.a(Unknown Source:4)
                                                                                                    	at androidx.lifecycle.x0.b(Unknown Source:4)
                                                                                                    	at androidx.lifecycle.t0.b(Unknown Source:63)
                                                                                                    	at androidx.core.view.g.b(Unknown Source:72)
                                                                                                    	at androidx.core.view.g.a(Unknown Source:12)
                                                                                                    	at w0.i0.N(Unknown Source:31)
                                                                                                    	at w0.i0.a(Unknown Source:248)
                                                                                                    	at k0.l.invoke(SourceFile:21)
                                                                                                    	at k0.l.invoke(SourceFile:3)
                                                                                                    	at androidx.compose.runtime.internal.ComposableLambdaImpl.invoke(SourceFile:23)
                                                                                                    	at androidx.compose.runtime.internal.ComposableLambdaImpl.invoke(SourceFile:1)
                                                                                                    	at androidx.compose.animation.a.B(Unknown Source:4)
                                                                                                    	at androidx.compose.material3.SurfaceKt$Surface$1.invoke(SourceFile:36)
                                                                                                    	at androidx.compose.material3.SurfaceKt$Surface$1.invoke(SourceFile:1)
                                                                                                    	at androidx.compose.runtime.internal.ComposableLambdaImpl.invoke(SourceFile:23)
                                                                                                    	at androidx.compose.runtime.internal.ComposableLambdaImpl.invoke(SourceFile:1)
                                                                                                    	at androidx.compose.runtime.CompositionLocalKt.CompositionLocalProvider(SourceFile:3)
                                                                                                    	at androidx.compose.material3.SurfaceKt.Surface-T9BRK9s(Unknown Source:176)
                                                                                                    	at j1.a.invoke(Unknown Source:90)
                                                                                                    	at androidx.compose.runtime.internal.ComposableLambdaImpl.invoke(SourceFile:23)
                                                                                                    	at androidx.compose.runtime.internal.ComposableLambdaImpl.invoke(SourceFile:1)
                                                                                                    	at androidx.compose.runtime.CompositionLocalKt.CompositionLocalProvider(SourceFile:7)
                                                                                                    	at androidx.compose.material3.TextKt.ProvideTextStyle(Unknown Source:91)
                                                                                                    	at androidx.compose.material3.MaterialThemeKt$MaterialTheme$1.invoke(SourceFile:2)
                                                                                                    	at androidx.compose.material3.MaterialThemeKt$MaterialTheme$1.invoke(SourceFile:1)
                                                                                                    	at androidx.compose.runtime.internal.ComposableLambdaImpl.invoke(SourceFile:23)
                                                                                                    	at androidx.compose.runtime.internal.ComposableLambdaImpl.invoke(SourceFile:1)
                                                                                                    	at androidx.compose.runtime.CompositionLocalKt.CompositionLocalProvider(SourceFile:3)
                                                                                                    	at androidx.compose.material3.MaterialThemeKt.MaterialTheme(Unknown Source:284)
                                                                                                    	at r1.c.a(Unknown Source:243)
                                                                                                    	at j1.b.invoke(SourceFile:7)
                                                                                                    	at j1.b.invoke(SourceFile:11)
                                                                                                    	at androidx.compose.runtime.internal.ComposableLambdaImpl.invoke(SourceFile:23)
                                                                                                    	at androidx.compose.runtime.internal.ComposableLambdaImpl.invoke(SourceFile:1)
                                                                                                    	at androidx.compose.ui.platform.ComposeView.Content(Unknown Source:35)
                                                                                                    	at androidx.compose.ui.platform.AbstractComposeView$ensureCompositionCreated$1.invoke(SourceFile:2)
                                                                                                    	at androidx.compose.ui.platform.AbstractComposeView$ensureCompositionCreated$1.invoke(SourceFile:1)
                                                                                                    	at androidx.compose.runtime.internal.ComposableLambdaImpl.invoke(SourceFile:23)
                                                                                                    	at androidx.compose.runtime.internal.ComposableLambdaImpl.invoke(SourceFile:1)
                                                                                                    	at androidx.compose.runtime.CompositionLocalKt.CompositionLocalProvider(SourceFile:3)
                                                                                                    	at androidx.compose.ui.platform.CompositionLocalsKt.ProvideCommonCompositionLocals(Unknown Source:281)
                                                                                                    	at androidx.compose.ui.platform.AndroidCompositionLocals_androidKt$ProvideAndroidCompositionLocals$3.invoke(SourceFile:8)
                                                                                                    	at androidx.compose.ui.platform.AndroidCompositionLocals_androidKt$ProvideAndroidCompositionLocals$3.invoke(SourceFile:1)
                                                                                                    	at androidx.compose.runtime.internal.ComposableLambdaImpl.invoke(SourceFile:23)
                                                                                                    	at androidx.compose.runtime.internal.ComposableLambdaImpl.invoke(SourceFile:1)
                                                                                                    	at androidx.compose.runtime.CompositionLocalKt.CompositionLocalProvider(SourceFile:3)
                                                                                                    	at androidx.compose.ui.platform.AndroidCompositionLocals_androidKt.ProvideAndroidCompositionLocals(Unknown Source:275)
                                                                                                    	at androidx.compose.ui.platform.WrappedComposition$setContent$1$1$2.invoke(SourceFile:2)
                                                                                                    	at androidx.compose.ui.platform.WrappedComposition$setContent$1$1$2.invoke(SourceFile:1)
                                                                                                    	at androidx.compose.runtime.internal.ComposableLambdaImpl.invoke(SourceFile:23)
                                                                                                    	at androidx.compose.runtime.internal.ComposableLambdaImpl.invoke(SourceFile:1)
                                                                                                    	at androidx.compose.runtime.CompositionLocalKt.CompositionLocalProvider(SourceFile:7)
2026-01-12 01:42:08.575  2406-2406  Launcher.N...onListener com.sec.android.app.launcher         D  onNotificationPosted : com.android.sun.tattva number : 0 listener : null
2026-01-12 01:42:08.601 20778-21137 AppErrorNotification    com.samsung.android.lool             D  errorType : 24, process : com.android.sun.tattva , uid : 0
2026-01-12 01:42:08.624  1401-1553  WindowManager           system_server                        D  makeSurface duration=1 name=Application Error: com.android.sun.tattva
2026-01-12 01:42:08.690  1401-1553  WindowManager           system_server                        D  finishDrawingWindow: Window{a55d5c7 u0 Application Error: com.android.sun.tattva} mDrawState=DRAW_PENDING
2026-01-12 01:42:08.691  1401-1553  WindowManager           system_server                        D  setSystemUiVisibility: displayId=0, vis=0x8008, fullVis=0x0, dockVis=0x0, win=Window{a55d5c7 u0 Application Error: com.android.sun.tattva}
2026-01-12 01:42:08.693  1401-1556  WindowManager           system_server                        D  makeSurface duration=1 leash=Surface(name=Surface(name=a55d5c7 Application Error: com.android.sun.tattva)/@0xc40ab49 - animation-leash)/@0xf2f5c4e
2026-01-12 01:42:08.702  1401-1553  WindowManager           system_server                        D  makeSurface duration=1 leash=Surface(name=Surface(name=a55d5c7 Application Error: com.android.sun.tattva)/@0xc40ab49 - animation-leash)/@0x6960fb2
2026-01-12 01:42:08.718  1401-8965  GameManagerService      system_server                        D  identifyGamePackage. com.android.sun.tattva, mCurrentUserId: 0, callerUserId: 0
2026-01-12 01:42:08.718  1401-8965  GamePkgDataHelper       system_server                        D  getGamePkgData(). com.android.sun.tattva
2026-01-12 01:42:08.737  1401-1567  ApplicationPolicy       system_server                        D  isStatusBarNotificationAllowedAsUser: packageName = com.android.sun.tattva,userId = 0
2026-01-12 01:42:08.740  1401-1567  ApplicationPolicy       system_server                        D  isStatusBarNotificationAllowedAsUser: packageName = com.android.sun.tattva,userId = 0
2026-01-12 01:42:08.744  1401-2090  ApplicationPolicy       system_server                        D  isStatusBarNotificationAllowedAsUser: packageName = com.android.sun.tattva,userId = 0
2026-01-12 01:42:08.750  1401-2090  ApplicationPolicy       system_server                        D  isStatusBarNotificationAllowedAsUser: packageName = com.android.sun.tattva,userId = 0
2026-01-12 01:42:08.785  1401-2539  RemoteAnim...Controller system_server                        D  	AppWindowToken{33e90fa token=Token{3e65725 ActivityRecord{813ff1c u0 com.android.sun.tattva/com.android.sun.MainActivity t36507}}}
2026-01-12 01:42:08.800   933-933   Layer                   surfaceflinger                       E  [Surface(name=AppWindowToken{33e90fa token=Token{3e65725 ActivityRecord{813ff1c u0 com.android.sun.tattva/com.android.sun.MainActivity t36507}}})/@0xd228d70 - animation-leash#0] No local sync point found, barrierLayer : [com.sec.android.app.launcher/com.sec.android.app.launcher.activities.LauncherActivity$_2406#0]
2026-01-12 01:42:08.843  2406-2406  Launcher.N...onListener com.sec.android.app.launcher         D  onNotificationPosted : com.android.sun.tattva number : 0 listener : null
2026-01-12 01:42:08.855  2406-2406  Launcher.N...onListener com.sec.android.app.launcher         D  onNotificationPosted : com.android.sun.tattva number : 0 listener : null
2026-01-12 01:42:09.098  1401-1555  GameManagerService      system_server                        D  notePauseComponent(), received paused-component: com.android.sun.tattva
2026-01-12 01:42:09.115  1401-1556  WindowManager           system_server                        E  win=Window{37ef4b1 u0 Splash Screen com.android.sun.tattva EXITING} destroySurfaces: appStopped=false win.mWindowRemovalAllowed=true win.mRemoveOnExit=true win.mViewVisibility=0 caller=com.android.server.wm.AppWindowToken.destroySurfaces:1249 com.android.server.wm.AppWindowToken.destroySurfaces:1230 com.android.server.wm.WindowState.onExitAnimationDone:5189 com.android.server.wm.-$$Lambda$01bPtngJg5AqEoOWfW3rWfV7MH4.accept:2 java.util.ArrayList.forEach:1262 com.android.server.wm.AppWindowToken.onAnimationFinished:3941 com.android.server.wm.AppWindowToken.commitVisibility:914 
2026-01-12 01:42:11.154  1401-1553  WindowManager           system_server                        D  makeSurface duration=1 leash=Surface(name=Surface(name=a55d5c7 Application Error: com.android.sun.tattva)/@0xc40ab49 - animation-leash)/@0xa154afe
2026-01-12 01:42:11.169  1401-1880  InputDispatcher         system_server                        E  Window handle Window{a55d5c7 u0 Application Error: com.android.sun.tattva} has no registered input channel
2026-01-12 01:42:11.171  2406-2406  Launcher.N...onListener com.sec.android.app.launcher         D  onNotificationRemoved : StatusBarNotification(pkg=com.android.sun.tattva user=UserHandle{0} id=1001 tag=null key=0|com.android.sun.tattva|1001|null|10463: Notification(channel=tattva_persistent_channel pri=0 contentView=null vibrate=null sound=null defaults=0x0 flags=0x62 color=0x00000000 groupKey=silent vis=PRIVATE semFlags=0x0 semPriority=0 semMissedCount=0)) listener : null
2026-01-12 01:42:12.618  1401-1996  ActivityManager         system_server                        D  package  com.android.sun.tattva, user - 0 is SDcard whitelisted
2026-01-12 01:42:12.669  1401-1555  GameManagerService      system_server                        D  getForegroundPair(), state=0, bounds=[0,0][1080,2220], displayId=0, userId=0, taskName=com.android.sun.tattva/com.android.sun.MainActivity
2026-01-12 01:42:12.669  1401-1555  GameManagerService      system_server                        D  MultiWindowEventListener.onFocusedStackChanged(), pkgName: com.android.sun.tattva, clsName: com.android.sun.MainActivity, fgActivityName:com.android.sun.tattva/com.android.sun.MainActivity, userID:0
2026-01-12 01:42:12.670  1401-1555  GameSDK@LifeCycle       system_server                        D  onFocusedStackChanged(): focusedStackInfo: Stack id=179 bounds=[0,0][1080,2220] displayId=0 userId=0
                                                                                                     configuration={1.3 226mcc5mnc [en_US] ldltr sw411dp w411dp h773dp 420dpi nrml long port finger -keyb/v/h -nav/h winConfig={ mBounds=Rect(0, 0 - 1080, 2220) mAppBounds=Rect(0, 0 - 1080, 2094) mWindowingMode=fullscreen mDisplayWindowingMode=fullscreen mActivityType=standard mAlwaysOnTop=undefined mRotation=ROTATION_0} s.136 desktop/d ?dc bts=0 ff=0 bf=0 themeSeq=0}
                                                                                                      taskId=36508: com.android.sun.tattva/com.android.sun.MainActivity bounds=[0,0][1080,2220] userId=0 visible=true topActivity=ComponentInfo{com.android.sun.tattva/com.android.sun.MainActivity}
2026-01-12 01:42:12.677  1401-1556  PhoneWindow             system_server                        D  forceLight changed to true [Splash Screen com.android.sun.tattva] from com.android.internal.policy.PhoneWindow.updateForceLightNavigationBar:4274 com.android.internal.policy.DecorView.updateColorViews:1547 com.android.internal.policy.PhoneWindow.dispatchWindowAttributesChanged:3252 android.view.Window.setFlags:1153 com.android.internal.policy.PhoneWindow.generateLayout:2474 
2026-01-12 01:42:12.677  1401-1556  PhoneWindow             system_server                        D  forceLight changed to false [Splash Screen com.android.sun.tattva] from com.android.internal.policy.PhoneWindow.updateForceLightNavigationBar:4280 com.android.internal.policy.DecorView.updateColorViews:1547 com.android.internal.policy.PhoneWindow.dispatchWindowAttributesChanged:3252 android.view.Window.setFlags:1153 com.android.internal.policy.PhoneWindow.generateLayout:2620 
2026-01-12 01:42:12.682  1401-1876  GamePkgDataHelper       system_server                        D  notifyAppCreate(), pkgName: com.android.sun.tattva, sendRet: true
2026-01-12 01:42:12.682  1401-1991  GameManagerService      system_server                        D  onLooperPrepared(), msg: { when=0 what=10010 obj=com.android.sun.tattva target=com.samsung.android.game.GameManagerService$FgCheckThread$1 }
2026-01-12 01:42:12.682  1401-1991  GameManagerService      system_server                        D  handleMessage(), received MSG_APP_CREATE of pkgName: com.android.sun.tattva
2026-01-12 01:42:12.683  1401-1876  MARsPolicyManager       system_server                        D  onPackageResumedFG pkgName = com.android.sun.tattva, userId = 0
2026-01-12 01:42:12.705  1401-1555  GameSDK@LifeCycle       system_server                        D  onFocusedPackageChanged(): newPkgName: com.android.sun.tattva, newPid: 20900
2026-01-12 01:42:12.708  1401-1556  WindowManager           system_server                        D  makeSurface duration=1 name=Splash Screen com.android.sun.tattva
2026-01-12 01:42:12.714  1401-1553  CodecSolution           system_server                        D  isMaxAspectPackageEx: com.android.sun.tattva : true(2)
2026-01-12 01:42:12.716  1401-1937  PkgPredictorService     system_server                        D  com.android.sun.tattva go to foreground!
2026-01-12 01:42:12.716  1401-1556  WindowManager           system_server                        D  finishDrawingWindow: Window{db521ad u0 Splash Screen com.android.sun.tattva} mDrawState=DRAW_PENDING
2026-01-12 01:42:12.716  1401-1937  PkgPredictorService     system_server                        D  previous pkgs: com.android.sun.tattva,com.android.sun.tattva,com.android.sun.tattva running pkg: com.android.sun.tattva, uid: 0 is system: false
2026-01-12 01:42:12.718  1401-1937  PkgPredict...-Collector system_server                        D  save record...
                                                                                                     (hour:1 day:2 previous:[com.android.sun.tattva, com.android.sun.tattva, com.android.sun.tattva] activityName:unknown running:com.android.sun.tattva userId:0 screenOrientation:0 wifi:1 bt:0 predictTime:1 apkVersion:2.03 consumeTime:-1 preloaded:false>)
2026-01-12 01:42:12.718  1401-1937  PkgPredict...Controller system_server                        D  User using: com.android.sun.tattva
2026-01-12 01:42:12.720  1401-1556  RemoteAnim...Controller system_server                        D  createAnimationAdapter(): token=AppWindowToken{852c686 token=Token{c32fb61 ActivityRecord{6fdec8 u0 com.android.sun.tattva/com.android.sun.MainActivity t36508}}}
2026-01-12 01:42:12.721  1401-1556  WindowManager           system_server                        D  makeSurface duration=1 leash=Surface(name=Surface(name=AppWindowToken{852c686 token=Token{c32fb61 ActivityRecord{6fdec8 u0 com.android.sun.tattva/com.android.sun.MainActivity t36508}}})/@0xb2f2ba9 - animation-leash)/@0xd6aa8cf
2026-01-12 01:42:12.725  1401-1556  RemoteAnim...Controller system_server                        D  	Add token=AppWindowToken{852c686 token=Token{c32fb61 ActivityRecord{6fdec8 u0 com.android.sun.tattva/com.android.sun.MainActivity t36508}}}
2026-01-12 01:42:12.737  1401-1553  WindowManager           system_server                        D  setSystemUiVisibility: displayId=0, vis=0x8008, fullVis=0x0, dockVis=0x0, win=Window{db521ad u0 Splash Screen com.android.sun.tattva}
2026-01-12 01:42:12.739  1401-2332  GamePkgDataHelper       system_server                        D  getSosPolicy(). com.android.sun.tattva
2026-01-12 01:42:12.739  1401-1555  GameManagerService      system_server                        D  identifyGamePackage. com.android.sun.tattva, mCurrentUserId: 0, callerUserId: 0
2026-01-12 01:42:12.739  1401-1555  GamePkgDataHelper       system_server                        D  getGamePkgData(). com.android.sun.tattva
2026-01-12 01:42:12.743  1401-1555  GameManagerService      system_server                        D  noteResumeComponent(), received resumed-component: com.android.sun.tattva
2026-01-12 01:42:12.743  1401-1555  GamePkgDataHelper       system_server                        D  getSosPolicy(). com.android.sun.tattva
2026-01-12 01:42:12.743  1401-1991  GameManagerService      system_server                        D  onLooperPrepared(), msg: { when=0 what=10000 obj=ComponentInfo{com.android.sun.tattva/com.android.sun.MainActivity} target=com.samsung.android.game.GameManagerService$FgCheckThread$1 }
2026-01-12 01:42:12.743  1401-1991  GameManagerService      system_server                        D  notifyResumePause(). of pkg: com.android.sun.tattva, type: 4, isMinimized: false, isTunableApp: false
2026-01-12 01:42:12.743  1401-1555  GameManagerService      system_server                        D  identifyGamePackage. com.android.sun.tattva, mCurrentUserId: 0, callerUserId: 0
2026-01-12 01:42:12.743  1401-1555  GamePkgDataHelper       system_server                        D  getGamePkgData(). com.android.sun.tattva
2026-01-12 01:42:12.844  1401-2120  MdnieScena...rolService system_server                        D   packageName : com.android.sun.tattva    className : com.android.sun.MainActivity
2026-01-12 01:42:12.863 20900-20900 SwissEphWrapper         usap64                               D  âœ… Swiss Ephemeris initialized at:  /data/user/0/com.android.sun.tattva/files/sweph/data
2026-01-12 01:42:12.896 20900-20900 SwissEphWrapper         usap64                               D  âœ… Swiss Ephemeris initialized at:  /data/user/0/com.android.sun.tattva/files/sweph/data
2026-01-12 01:42:12.948  1401-1876  WindowManager           system_server                        D  makeSurface duration=1 name=com.android.sun.tattva/com.android.sun.MainActivity$_20900
2026-01-12 01:42:12.949  1401-1553  WindowManager           system_server                        D  setSystemUiVisibility: displayId=0, vis=0x8708, fullVis=0x0, dockVis=0x0, win=Window{5ad63bf u0 com.android.sun.tattva/com.android.sun.MainActivity}
2026-01-12 01:42:13.030  1401-5057  WindowManager           system_server                        D  finishDrawingWindow: Window{5ad63bf u0 com.android.sun.tattva/com.android.sun.MainActivity} mDrawState=DRAW_PENDING
2026-01-12 01:42:13.033  1401-1556  PkgPredictorService     system_server                        D  pkg:com.android.sun.tattva activity:com.android.sun.MainActivity thisTime:378
2026-01-12 01:42:13.042  1401-1556  WindowManager           system_server                        D  makeSurface duration=1 leash=Surface(name=Surface(name=db521ad Splash Screen com.android.sun.tattva)/@0x1b7b289 - animation-leash)/@0x292f28e
2026-01-12 01:42:13.047  1401-1567  ApplicationPolicy       system_server                        D  isStatusBarNotificationAllowedAsUser: packageName = com.android.sun.tattva,userId = 0
2026-01-12 01:42:13.047  1401-1567  ApplicationPolicy       system_server                        D  isStatusBarNotificationAllowedAsUser: packageName = com.android.sun.tattva,userId = 0
2026-01-12 01:42:13.068 20900-21198 SwissEphWrapper         usap64                               D  âœ… Swiss Ephemeris initialized at:  /data/user/0/com.android.sun.tattva/files/sweph/data
2026-01-12 01:42:13.069  1401-1876  RemoteAnim...Controller system_server                        D  	AppWindowToken{852c686 token=Token{c32fb61 ActivityRecord{6fdec8 u0 com.android.sun.tattva/com.android.sun.MainActivity t36508}}}
2026-01-12 01:42:13.087   933-933   Layer                   surfaceflinger                       E  [Surface(name=AppWindowToken{852c686 token=Token{c32fb61 ActivityRecord{6fdec8 u0 com.android.sun.tattva/com.android.sun.MainActivity t36508}}})/@0xb2f2ba9 - animation-leash#0] No local sync point found, barrierLayer : [com.sec.android.app.launcher/com.sec.android.app.launcher.activities.LauncherActivity$_2406#0]
2026-01-12 01:42:13.106  1401-1556  WindowManager           system_server                        E  win=Window{db521ad u0 Splash Screen com.android.sun.tattva EXITING} destroySurfaces: appStopped=false win.mWindowRemovalAllowed=true win.mRemoveOnExit=true win.mViewVisibility=0 caller=com.android.server.wm.AppWindowToken.destroySurfaces:1249 com.android.server.wm.AppWindowToken.destroySurfaces:1230 com.android.server.wm.WindowState.onExitAnimationDone:5189 com.android.server.wm.WindowStateAnimator.onAnimationFinished:320 com.android.server.wm.WindowState.onAnimationFinished:5630 com.android.server.wm.-$$Lambda$yVRF8YoeNdTa8GR1wDStVsHu8xM.run:2 com.android.server.wm.SurfaceAnimator.lambda$getFinishedCallback$0$SurfaceAnimator:100 
2026-01-12 01:42:13.134  1401-1567  ApplicationPolicy       system_server                        D  isStatusBarNotificationAllowedAsUser: packageName = com.android.sun.tattva,userId = 0
2026-01-12 01:42:13.134  1401-1567  ApplicationPolicy       system_server                        D  isStatusBarNotificationAllowedAsUser: packageName = com.android.sun.tattva,userId = 0
2026-01-12 01:42:13.135  1401-1876  ApplicationPolicy       system_server                        D  isStatusBarNotificationAllowedAsUser: packageName = com.android.sun.tattva,userId = 0
2026-01-12 01:42:13.135  1401-1876  ApplicationPolicy       system_server                        D  isStatusBarNotificationAllowedAsUser: packageName = com.android.sun.tattva,userId = 0
2026-01-12 01:42:13.152  2406-2406  Launcher.N...onListener com.sec.android.app.launcher         D  onNotificationPosted : com.android.sun.tattva number : 0 listener : null
2026-01-12 01:42:13.241  2406-2406  Launcher.N...onListener com.sec.android.app.launcher         D  onNotificationPosted : com.android.sun.tattva number : 0 listener : null
2026-01-12 01:42:13.241  2406-2406  Launcher.N...onListener com.sec.android.app.launcher         D  onNotificationPosted : com.android.sun.tattva number : 0 listener : null
2026-01-12 01:42:13.339  1401-1553  CodecSolution           system_server                        D  isMaxAspectPackageEx: com.android.sun.tattva : true(2)
2026-01-12 01:42:13.469  1401-2120  MdnieScena...rolService system_server                        D   packageName : com.android.sun.tattva    className : com.android.sun.MainActivity
2026-01-12 01:42:16.823  2406-3677  Recommende...msProvider com.sec.android.app.launcher         D  <RecentApps> : (3) [{com.android.sun.tattva/com.android.sun.MainActivity} / UserHandle{0}, {com.android.settings/com.android.settings.applications.InstalledAppDetails} / UserHandle{0}, {com.android.settings/com.android.settings.Settings} / UserHandle{0}]
2026-01-12 01:42:16.823  2406-3677  Recommende...msProvider com.sec.android.app.launcher         D  <Excludings> : (3) [{com.android.settings/com.android.settings.applications.InstalledAppDetails} / UserHandle{0}, {com.android.sun.tattva/com.android.sun.MainActivity} / UserHandle{0}, {com.android.settings/com.android.settings.Settings} / UserHandle{0}]
2026-01-12 01:42:16.829  1401-1555  GameManagerService      system_server                        D  notePauseComponent(), received paused-component: com.android.sun.tattva
2026-01-12 01:42:16.882  1401-1556  RemoteAnim...Controller system_server                        D  createAnimationAdapter(): token=AppWindowToken{852c686 token=Token{c32fb61 ActivityRecord{6fdec8 u0 com.android.sun.tattva/com.android.sun.MainActivity t36508}}}
2026-01-12 01:42:16.883  1401-1556  WindowManager           system_server                        D  makeSurface duration=0 leash=Surface(name=Surface(name=AppWindowToken{852c686 token=Token{c32fb61 ActivityRecord{6fdec8 u0 com.android.sun.tattva/com.android.sun.MainActivity t36508}}})/@0xb2f2ba9 - animation-leash)/@0x7212a7a
2026-01-12 01:42:16.887  1401-1556  RemoteAnim...Controller system_server                        D  	Add token=AppWindowToken{852c686 token=Token{c32fb61 ActivityRecord{6fdec8 u0 com.android.sun.tattva/com.android.sun.MainActivity t36508}}}
2026-01-12 01:42:17.302  1401-2332  RemoteAnim...Controller system_server                        D  	AppWindowToken{852c686 token=Token{c32fb61 ActivityRecord{6fdec8 u0 com.android.sun.tattva/com.android.sun.MainActivity t36508}}}
2026-01-12 01:42:17.318   933-933   Layer                   surfaceflinger                       E  [Surface(name=AppWindowToken{852c686 token=Token{c32fb61 ActivityRecord{6fdec8 u0 com.android.sun.tattva/com.android.sun.MainActivity t36508}}})/@0xb2f2ba9 - animation-leash#0] No local sync point found, barrierLayer : [com.sec.android.app.launcher/com.sec.android.app.launcher.activities.LauncherActivity$_2406#0]
2026-01-12 01:42:17.318   933-933   Layer                   surfaceflinger                       E  [Surface(name=AppWindowToken{852c686 token=Token{c32fb61 ActivityRecord{6fdec8 u0 com.android.sun.tattva/com.android.sun.MainActivity t36508}}})/@0xb2f2ba9 - animation-leash#0] No local sync point found, barrierLayer : [com.sec.android.app.launcher/com.sec.android.app.launcher.activities.LauncherActivity$_2406#0]
2026-01-12 01:42:17.385  1401-3638  WindowManager           system_server                        E  win=Window{5ad63bf u0 com.android.sun.tattva/com.android.sun.MainActivity} destroySurfaces: appStopped=true win.mWindowRemovalAllowed=false win.mRemoveOnExit=false win.mViewVisibility=8 caller=com.android.server.wm.AppWindowToken.destroySurfaces:1249 com.android.server.wm.AppWindowToken.destroySurfaces:1230 com.android.server.wm.AppWindowToken.notifyAppStopped:1285 com.android.server.wm.ActivityRecord.activityStoppedLocked:2776 com.android.server.wm.ActivityTaskManagerService.activityStopped:2512 android.app.IActivityTaskManager$Stub.onTransact:2280 android.os.Binder.execTransactInternal:1056 
2026-01-12 01:42:17.803 20900-21236 ProfileInstaller        usap64                               D  Skipping profile installation for com.android.sun.tattva
2026-01-12 01:42:22.926  1401-1556  PhoneWindow             system_server                        D  forceLight changed to true [Splash Screen com.android.sun.tattva] from com.android.internal.policy.PhoneWindow.updateForceLightNavigationBar:4274 com.android.internal.policy.DecorView.updateColorViews:1547 com.android.internal.policy.PhoneWindow.dispatchWindowAttributesChanged:3252 android.view.Window.setFlags:1153 com.android.internal.policy.PhoneWindow.generateLayout:2474 
2026-01-12 01:42:22.926  1401-1556  PhoneWindow             system_server                        D  forceLight changed to false [Splash Screen com.android.sun.tattva] from com.android.internal.policy.PhoneWindow.updateForceLightNavigationBar:4280 com.android.internal.policy.DecorView.updateColorViews:1547 com.android.internal.policy.PhoneWindow.dispatchWindowAttributesChanged:3252 android.view.Window.setFlags:1153 com.android.internal.policy.PhoneWindow.generateLayout:2620 
2026-01-12 01:42:22.930  1401-2539  GamePkgDataHelper       system_server                        D  notifyAppCreate(), pkgName: com.android.sun.tattva, sendRet: true
2026-01-12 01:42:22.930  1401-1991  GameManagerService      system_server                        D  onLooperPrepared(), msg: { when=0 what=10010 obj=com.android.sun.tattva target=com.samsung.android.game.GameManagerService$FgCheckThread$1 }
2026-01-12 01:42:22.930  1401-1991  GameManagerService      system_server                        D  handleMessage(), received MSG_APP_CREATE of pkgName: com.android.sun.tattva
2026-01-12 01:42:22.931  1401-2539  MARsPolicyManager       system_server                        D  onPackageResumedFG pkgName = com.android.sun.tattva, userId = 0
2026-01-12 01:42:22.945  1401-1555  GameManagerService      system_server                        D  getForegroundPair(), state=0, bounds=[0,0][1080,2220], displayId=0, userId=0, taskName=com.android.sun.tattva/com.android.sun.MainActivity
2026-01-12 01:42:22.947  1401-1555  GameManagerService      system_server                        D  MultiWindowEventListener.onFocusedStackChanged(), pkgName: com.android.sun.tattva, clsName: com.android.sun.MainActivity, fgActivityName:com.android.sun.tattva/com.android.sun.MainActivity, userID:0
2026-01-12 01:42:22.947  1401-1991  GameManagerService      system_server                        D  onLooperPrepared(), msg: { when=-1ms what=10000 obj=ComponentInfo{com.android.sun.tattva/com.android.sun.MainActivity} target=com.samsung.android.game.GameManagerService$FgCheckThread$1 }
2026-01-12 01:42:22.947  1401-1991  GameManagerService      system_server                        D  notifyResumePause(). of pkg: com.android.sun.tattva, type: 4, isMinimized: false, isTunableApp: false
2026-01-12 01:42:22.954  1401-1555  GameSDK@LifeCycle       system_server                        D  onFocusedStackChanged(): focusedStackInfo: Stack id=180 bounds=[0,0][1080,2220] displayId=0 userId=0
                                                                                                     configuration={1.3 226mcc5mnc [en_US] ldltr sw411dp w411dp h773dp 420dpi nrml long port finger -keyb/v/h -nav/h winConfig={ mBounds=Rect(0, 0 - 1080, 2220) mAppBounds=Rect(0, 0 - 1080, 2094) mWindowingMode=fullscreen mDisplayWindowingMode=fullscreen mActivityType=standard mAlwaysOnTop=undefined mRotation=ROTATION_0} s.136 desktop/d ?dc bts=0 ff=0 bf=0 themeSeq=0}
                                                                                                      taskId=36509: com.android.sun.tattva/com.android.sun.MainActivity bounds=[0,0][1080,2220] userId=0 visible=true topActivity=ComponentInfo{com.android.sun.tattva/com.android.sun.MainActivity}
2026-01-12 01:42:22.958  1401-1556  WindowManager           system_server                        D  makeSurface duration=1 name=Splash Screen com.android.sun.tattva
2026-01-12 01:42:22.962  1401-1555  GameSDK@LifeCycle       system_server                        D  onFocusedPackageChanged(): newPkgName: com.android.sun.tattva, newPid: 20900
2026-01-12 01:42:22.965  1401-1553  CodecSolution           system_server                        D  isMaxAspectPackageEx: com.android.sun.tattva : true(2)
2026-01-12 01:42:22.968  1401-1556  WindowManager           system_server                        D  finishDrawingWindow: Window{8524f0a u0 Splash Screen com.android.sun.tattva} mDrawState=DRAW_PENDING
2026-01-12 01:42:22.969  1401-1937  PkgPredictorService     system_server                        D  com.android.sun.tattva go to foreground!
2026-01-12 01:42:22.970  1401-1937  PkgPredictorService     system_server                        D  previous pkgs: com.android.sun.tattva,com.android.sun.tattva,com.android.sun.tattva running pkg: com.android.sun.tattva, uid: 0 is system: false
2026-01-12 01:42:22.970  1401-1937  PkgPredict...-Collector system_server                        D  save record...
                                                                                                     (hour:1 day:2 previous:[com.android.sun.tattva, com.android.sun.tattva, com.android.sun.tattva] activityName:unknown running:com.android.sun.tattva userId:0 screenOrientation:0 wifi:1 bt:0 predictTime:1 apkVersion:2.03 consumeTime:-1 preloaded:false>)
2026-01-12 01:42:22.970  1401-1937  PkgPredict...Controller system_server                        D  User using: com.android.sun.tattva
2026-01-12 01:42:22.974  1401-1556  RemoteAnim...Controller system_server                        D  createAnimationAdapter(): token=AppWindowToken{6c2e13a token=Token{b04c065 ActivityRecord{f1455c u0 com.android.sun.tattva/com.android.sun.MainActivity t36509}}}
2026-01-12 01:42:22.975  1401-1556  WindowManager           system_server                        D  makeSurface duration=1 leash=Surface(name=Surface(name=AppWindowToken{6c2e13a token=Token{b04c065 ActivityRecord{f1455c u0 com.android.sun.tattva/com.android.sun.MainActivity t36509}}})/@0x2cc3c57 - animation-leash)/@0xda26344
2026-01-12 01:42:22.977  1401-1556  RemoteAnim...Controller system_server                        D  	Add token=AppWindowToken{6c2e13a token=Token{b04c065 ActivityRecord{f1455c u0 com.android.sun.tattva/com.android.sun.MainActivity t36509}}}
2026-01-12 01:42:22.990  1401-1553  WindowManager           system_server                        D  setSystemUiVisibility: displayId=0, vis=0x8008, fullVis=0x0, dockVis=0x0, win=Window{8524f0a u0 Splash Screen com.android.sun.tattva}
2026-01-12 01:42:22.992  1401-1567  ApplicationPolicy       system_server                        D  isStatusBarNotificationAllowedAsUser: packageName = com.android.sun.tattva,userId = 0
2026-01-12 01:42:22.998  1401-1567  ApplicationPolicy       system_server                        D  isStatusBarNotificationAllowedAsUser: packageName = com.android.sun.tattva,userId = 0
2026-01-12 01:42:23.012 20900-21198 SwissEphWrapper         usap64                               D  âœ… Swiss Ephemeris initialized at:  /data/user/0/com.android.sun.tattva/files/sweph/data
2026-01-12 01:42:23.017  1401-3638  GamePkgDataHelper       system_server                        D  getSosPolicy(). com.android.sun.tattva
2026-01-12 01:42:23.025  1401-1555  GameManagerService      system_server                        D  identifyGamePackage. com.android.sun.tattva, mCurrentUserId: 0, callerUserId: 0
2026-01-12 01:42:23.025  1401-1555  GamePkgDataHelper       system_server                        D  getGamePkgData(). com.android.sun.tattva
2026-01-12 01:42:23.030  1401-1555  GameManagerService      system_server                        D  noteResumeComponent(), received resumed-component: com.android.sun.tattva
2026-01-12 01:42:23.030  1401-1991  GameManagerService      system_server                        D  onLooperPrepared(), msg: { when=0 what=10000 obj=ComponentInfo{com.android.sun.tattva/com.android.sun.MainActivity} target=com.samsung.android.game.GameManagerService$FgCheckThread$1 }
2026-01-12 01:42:23.031  1401-1991  GameManagerService      system_server                        D  notifyResumePause(). of pkg: com.android.sun.tattva, type: 4, isMinimized: false, isTunableApp: false
2026-01-12 01:42:23.035  1401-1555  GamePkgDataHelper       system_server                        D  getSosPolicy(). com.android.sun.tattva
2026-01-12 01:42:23.038 20900-20900 SwissEphWrapper         usap64                               D  âœ… Swiss Ephemeris initialized at:  /data/user/0/com.android.sun.tattva/files/sweph/data
2026-01-12 01:42:23.047  1401-1555  GameManagerService      system_server                        D  identifyGamePackage. com.android.sun.tattva, mCurrentUserId: 0, callerUserId: 0
2026-01-12 01:42:23.047  1401-1555  GamePkgDataHelper       system_server                        D  getGamePkgData(). com.android.sun.tattva
2026-01-12 01:42:23.068 20900-20900 SwissEphWrapper         usap64                               D  âœ… Swiss Ephemeris initialized at:  /data/user/0/com.android.sun.tattva/files/sweph/data
2026-01-12 01:42:23.089  1401-5056  WindowManager           system_server                        D  makeSurface duration=1 name=com.android.sun.tattva/com.android.sun.MainActivity$_20900
2026-01-12 01:42:23.089  1401-1553  WindowManager           system_server                        D  setSystemUiVisibility: displayId=0, vis=0x8708, fullVis=0x0, dockVis=0x0, win=Window{32361f1 u0 com.android.sun.tattva/com.android.sun.MainActivity}
2026-01-12 01:42:23.094  1401-2120  MdnieScena...rolService system_server                        D   packageName : com.android.sun.tattva    className : com.android.sun.MainActivity
2026-01-12 01:42:23.106  1401-5056  WindowManager           system_server                        D  finishDrawingWindow: Window{32361f1 u0 com.android.sun.tattva/com.android.sun.MainActivity} mDrawState=DRAW_PENDING
