2026-01-12 04:49:08.973  1401-1556  WindowManager           system_server                        E  win=Window{aeabaaf u0 Splash Screen com.android.sun.tattva EXITING} destroySurfaces: appStopped=false win.mWindowRemovalAllowed=true win.mRemoveOnExit=true win.mViewVisibility=0 caller=com.android.server.wm.AppWindowToken.destroySurfaces:1249 com.android.server.wm.AppWindowToken.destroySurfaces:1230 com.android.server.wm.WindowState.onExitAnimationDone:5189 com.android.server.wm.WindowStateAnimator.onAnimationFinished:320 com.android.server.wm.WindowState.onAnimationFinished:5630 com.android.server.wm.-$$Lambda$yVRF8YoeNdTa8GR1wDStVsHu8xM.run:2 com.android.server.wm.SurfaceAnimator.lambda$getFinishedCallback$0$SurfaceAnimator:100 
2026-01-12 04:49:08.978  1401-1553  CodecSolution           system_server                        D  isMaxAspectPackageEx: com.android.sun.tattva : true(2)
2026-01-12 04:49:09.108  1401-2120  MdnieScena...rolService system_server                        D   packageName : com.android.sun.tattva    className : com.android.sun.MainActivity
2026-01-12 04:49:10.656  2406-3677  Recommende...msProvider com.sec.android.app.launcher         D  <RecentApps> : (3) [{com.android.sun.tattva/com.android.sun.MainActivity} / UserHandle{0}, {org.telegram.messenger/org.telegram.messenger.DefaultIcon} / UserHandle{0}, {com.android.settings/com.android.settings.Settings} / UserHandle{0}]
2026-01-12 04:49:10.656  2406-3677  Recommende...msProvider com.sec.android.app.launcher         D  <Excludings> : (3) [{org.telegram.messenger/org.telegram.messenger.DefaultIcon} / UserHandle{0}, {com.android.sun.tattva/com.android.sun.MainActivity} / UserHandle{0}, {com.android.settings/com.android.settings.Settings} / UserHandle{0}]
2026-01-12 04:49:10.658  1401-1555  GameManagerService      system_server                        D  notePauseComponent(), received paused-component: com.android.sun.tattva
2026-01-12 04:49:10.704  1401-1556  RemoteAnim...Controller system_server                        D  createAnimationAdapter(): token=AppWindowToken{2523927 token=Token{8dffe6 ActivityRecord{f9bbe41 u0 com.android.sun.tattva/com.android.sun.MainActivity t36547}}}
2026-01-12 04:49:10.705  1401-1556  WindowManager           system_server                        D  makeSurface duration=2 leash=Surface(name=Surface(name=AppWindowToken{2523927 token=Token{8dffe6 ActivityRecord{f9bbe41 u0 com.android.sun.tattva/com.android.sun.MainActivity t36547}}})/@0xdebad4a - animation-leash)/@0xe08eb01
2026-01-12 04:49:10.713  1401-1556  RemoteAnim...Controller system_server                        D  	Add token=AppWindowToken{2523927 token=Token{8dffe6 ActivityRecord{f9bbe41 u0 com.android.sun.tattva/com.android.sun.MainActivity t36547}}}
2026-01-12 04:49:11.139  1401-5057  RemoteAnim...Controller system_server                        D  	AppWindowToken{2523927 token=Token{8dffe6 ActivityRecord{f9bbe41 u0 com.android.sun.tattva/com.android.sun.MainActivity t36547}}}
2026-01-12 04:49:11.155   933-933   Layer                   surfaceflinger                       E  [Surface(name=AppWindowToken{2523927 token=Token{8dffe6 ActivityRecord{f9bbe41 u0 com.android.sun.tattva/com.android.sun.MainActivity t36547}}})/@0xdebad4a - animation-leash#0] No local sync point found, barrierLayer : [com.sec.android.app.launcher/com.sec.android.app.launcher.activities.LauncherActivity$_2406#0]
2026-01-12 04:49:11.222  1401-2295  WindowManager           system_server                        E  win=Window{dd6cf84 u0 com.android.sun.tattva/com.android.sun.MainActivity} destroySurfaces: appStopped=true win.mWindowRemovalAllowed=false win.mRemoveOnExit=false win.mViewVisibility=8 caller=com.android.server.wm.AppWindowToken.destroySurfaces:1249 com.android.server.wm.AppWindowToken.destroySurfaces:1230 com.android.server.wm.AppWindowToken.notifyAppStopped:1285 com.android.server.wm.ActivityRecord.activityStoppedLocked:2776 com.android.server.wm.ActivityTaskManagerService.activityStopped:2512 android.app.IActivityTaskManager$Stub.onTransact:2280 android.os.Binder.execTransactInternal:1056 
2026-01-12 04:49:15.020  1401-1556  PhoneWindow             system_server                        D  forceLight changed to true [Splash Screen com.android.sun.tattva] from com.android.internal.policy.PhoneWindow.updateForceLightNavigationBar:4274 com.android.internal.policy.DecorView.updateColorViews:1547 com.android.internal.policy.PhoneWindow.dispatchWindowAttributesChanged:3252 android.view.Window.setFlags:1153 com.android.internal.policy.PhoneWindow.generateLayout:2474 
2026-01-12 04:49:15.021  1401-1556  PhoneWindow             system_server                        D  forceLight changed to false [Splash Screen com.android.sun.tattva] from com.android.internal.policy.PhoneWindow.updateForceLightNavigationBar:4280 com.android.internal.policy.DecorView.updateColorViews:1547 com.android.internal.policy.PhoneWindow.dispatchWindowAttributesChanged:3252 android.view.Window.setFlags:1153 com.android.internal.policy.PhoneWindow.generateLayout:2620 
2026-01-12 04:49:15.024  1401-2111  GamePkgDataHelper       system_server                        D  notifyAppCreate(), pkgName: com.android.sun.tattva, sendRet: true
2026-01-12 04:49:15.024  1401-1991  GameManagerService      system_server                        D  onLooperPrepared(), msg: { when=0 what=10010 obj=com.android.sun.tattva target=com.samsung.android.game.GameManagerService$FgCheckThread$1 }
2026-01-12 04:49:15.024  1401-1991  GameManagerService      system_server                        D  handleMessage(), received MSG_APP_CREATE of pkgName: com.android.sun.tattva
2026-01-12 04:49:15.025  1401-2111  MARsPolicyManager       system_server                        D  onPackageResumedFG pkgName = com.android.sun.tattva, userId = 0
2026-01-12 04:49:15.046  1401-1555  GameManagerService      system_server                        D  getForegroundPair(), state=0, bounds=[0,0][1080,2220], displayId=0, userId=0, taskName=com.android.sun.tattva/com.android.sun.MainActivity
2026-01-12 04:49:15.047  1401-1555  GameManagerService      system_server                        D  MultiWindowEventListener.onFocusedStackChanged(), pkgName: com.android.sun.tattva, clsName: com.android.sun.MainActivity, fgActivityName:com.android.sun.tattva/com.android.sun.MainActivity, userID:0
2026-01-12 04:49:15.047  1401-1991  GameManagerService      system_server                        D  onLooperPrepared(), msg: { when=0 what=10000 obj=ComponentInfo{com.android.sun.tattva/com.android.sun.MainActivity} target=com.samsung.android.game.GameManagerService$FgCheckThread$1 }
2026-01-12 04:49:15.047  1401-1991  GameManagerService      system_server                        D  notifyResumePause(). of pkg: com.android.sun.tattva, type: 4, isMinimized: false, isTunableApp: false
2026-01-12 04:49:15.053  1401-1556  WindowManager           system_server                        D  makeSurface duration=1 name=Splash Screen com.android.sun.tattva
2026-01-12 04:49:15.054  1401-1555  GameSDK@LifeCycle       system_server                        D  onFocusedStackChanged(): focusedStackInfo: Stack id=222 bounds=[0,0][1080,2220] displayId=0 userId=0
                                                                                                     configuration={1.3 226mcc5mnc [en_US] ldltr sw411dp w411dp h773dp 420dpi nrml long port finger -keyb/v/h -nav/h winConfig={ mBounds=Rect(0, 0 - 1080, 2220) mAppBounds=Rect(0, 0 - 1080, 2094) mWindowingMode=fullscreen mDisplayWindowingMode=fullscreen mActivityType=standard mAlwaysOnTop=undefined mRotation=ROTATION_0} s.299 desktop/d ?dc bts=0 ff=0 bf=0 themeSeq=0}
                                                                                                      taskId=36548: com.android.sun.tattva/com.android.sun.MainActivity bounds=[0,0][1080,2220] userId=0 visible=true topActivity=ComponentInfo{com.android.sun.tattva/com.android.sun.MainActivity}
2026-01-12 04:49:15.056  1401-1555  GameSDK@LifeCycle       system_server                        D  onFocusedPackageChanged(): newPkgName: com.android.sun.tattva, newPid: 9423
2026-01-12 04:49:15.067  1401-1553  CodecSolution           system_server                        D  isMaxAspectPackageEx: com.android.sun.tattva : true(2)
2026-01-12 04:49:15.068  1401-1937  PkgPredictorService     system_server                        D  com.android.sun.tattva go to foreground!
2026-01-12 04:49:15.068  1401-1937  PkgPredictorService     system_server                        D  previous pkgs: com.android.sun.tattva,com.android.sun.tattva,com.android.sun.tattva running pkg: com.android.sun.tattva, uid: 0 is system: false
2026-01-12 04:49:15.068  1401-1937  PkgPredict...-Collector system_server                        D  save record...
                                                                                                     (hour:4 day:2 previous:[com.android.sun.tattva, com.android.sun.tattva, com.android.sun.tattva] activityName:unknown running:com.android.sun.tattva userId:0 screenOrientation:0 wifi:1 bt:0 predictTime:1 apkVersion:2.03 consumeTime:-1 preloaded:false>)
2026-01-12 04:49:15.068  1401-1937  PkgPredict...Controller system_server                        D  User using: com.android.sun.tattva
2026-01-12 04:49:15.069  1401-1567  ApplicationPolicy       system_server                        D  isStatusBarNotificationAllowedAsUser: packageName = com.android.sun.tattva,userId = 0
2026-01-12 04:49:15.069  1401-1567  ApplicationPolicy       system_server                        D  isStatusBarNotificationAllowedAsUser: packageName = com.android.sun.tattva,userId = 0
2026-01-12 04:49:15.071  1401-2295  GamePkgDataHelper       system_server                        D  getSosPolicy(). com.android.sun.tattva
2026-01-12 04:49:15.073  1401-1556  WindowManager           system_server                        D  finishDrawingWindow: Window{4576c41 u0 Splash Screen com.android.sun.tattva} mDrawState=DRAW_PENDING
2026-01-12 04:49:15.080  1401-1556  RemoteAnim...Controller system_server                        D  createAnimationAdapter(): token=AppWindowToken{4651d8e token=Token{a1ba989 ActivityRecord{34c90 u0 com.android.sun.tattva/com.android.sun.MainActivity t36548}}}
2026-01-12 04:49:15.080  1401-1556  WindowManager           system_server                        D  makeSurface duration=1 leash=Surface(name=Surface(name=AppWindowToken{4651d8e token=Token{a1ba989 ActivityRecord{34c90 u0 com.android.sun.tattva/com.android.sun.MainActivity t36548}}})/@0xd9cfbbe - animation-leash)/@0x37f441f
2026-01-12 04:49:15.081  1401-1556  RemoteAnim...Controller system_server                        D  	Add token=AppWindowToken{4651d8e token=Token{a1ba989 ActivityRecord{34c90 u0 com.android.sun.tattva/com.android.sun.MainActivity t36548}}}
2026-01-12 04:49:15.086  1401-1555  GameManagerService      system_server                        D  identifyGamePackage. com.android.sun.tattva, mCurrentUserId: 0, callerUserId: 0
2026-01-12 04:49:15.086  1401-1555  GamePkgDataHelper       system_server                        D  getGamePkgData(). com.android.sun.tattva
2026-01-12 04:49:15.089  1401-1555  GameManagerService      system_server                        D  noteResumeComponent(), received resumed-component: com.android.sun.tattva
2026-01-12 04:49:15.089  1401-1555  GamePkgDataHelper       system_server                        D  getSosPolicy(). com.android.sun.tattva
2026-01-12 04:49:15.089  1401-1991  GameManagerService      system_server                        D  onLooperPrepared(), msg: { when=0 what=10000 obj=ComponentInfo{com.android.sun.tattva/com.android.sun.MainActivity} target=com.samsung.android.game.GameManagerService$FgCheckThread$1 }
2026-01-12 04:49:15.089  1401-1991  GameManagerService      system_server                        D  notifyResumePause(). of pkg: com.android.sun.tattva, type: 4, isMinimized: false, isTunableApp: false
2026-01-12 04:49:15.089  1401-1555  GameManagerService      system_server                        D  identifyGamePackage. com.android.sun.tattva, mCurrentUserId: 0, callerUserId: 0
2026-01-12 04:49:15.089  1401-1555  GamePkgDataHelper       system_server                        D  getGamePkgData(). com.android.sun.tattva
2026-01-12 04:49:15.090  1401-1553  WindowManager           system_server                        D  setSystemUiVisibility: displayId=0, vis=0x8008, fullVis=0x0, dockVis=0x0, win=Window{4576c41 u0 Splash Screen com.android.sun.tattva}
2026-01-12 04:49:15.173  9423-10987 SwissEphWrapper         usap64                               D  ✅ Swiss Ephemeris initialized at:  /data/user/0/com.android.sun.tattva/files/sweph/data
2026-01-12 04:49:15.196  1401-2120  MdnieScena...rolService system_server                        D   packageName : com.android.sun.tattva    className : com.android.sun.MainActivity
2026-01-12 04:49:15.200  2406-2406  Launcher.N...onListener com.sec.android.app.launcher         D  onNotificationPosted : com.android.sun.tattva number : 0 listener : null
2026-01-12 04:49:15.209  1401-1567  ApplicationPolicy       system_server                        D  isStatusBarNotificationAllowedAsUser: packageName = com.android.sun.tattva,userId = 0
2026-01-12 04:49:15.210  1401-1567  ApplicationPolicy       system_server                        D  isStatusBarNotificationAllowedAsUser: packageName = com.android.sun.tattva,userId = 0
2026-01-12 04:49:15.210  1401-2111  ApplicationPolicy       system_server                        D  isStatusBarNotificationAllowedAsUser: packageName = com.android.sun.tattva,userId = 0
2026-01-12 04:49:15.215  1401-2111  ApplicationPolicy       system_server                        D  isStatusBarNotificationAllowedAsUser: packageName = com.android.sun.tattva,userId = 0
2026-01-12 04:49:15.293  9423-9423  SwissEphWrapper         usap64                               D  ✅ Swiss Ephemeris initialized at:  /data/user/0/com.android.sun.tattva/files/sweph/data
2026-01-12 04:49:15.314  2406-2406  Launcher.N...onListener com.sec.android.app.launcher         D  onNotificationPosted : com.android.sun.tattva number : 0 listener : null
2026-01-12 04:49:15.321  2406-2406  Launcher.N...onListener com.sec.android.app.launcher         D  onNotificationPosted : com.android.sun.tattva number : 0 listener : null
2026-01-12 04:49:15.394  9423-9423  SwissEphWrapper         usap64                               D  ✅ Swiss Ephemeris initialized at:  /data/user/0/com.android.sun.tattva/files/sweph/data
2026-01-12 04:49:15.403  1401-5057  WindowManager           system_server                        D  makeSurface duration=2 name=com.android.sun.tattva/com.android.sun.MainActivity$_9423
2026-01-12 04:49:15.404  1401-1553  WindowManager           system_server                        D  setSystemUiVisibility: displayId=0, vis=0x8708, fullVis=0x0, dockVis=0x0, win=Window{8106dd4 u0 com.android.sun.tattva/com.android.sun.MainActivity}
2026-01-12 04:49:15.414  1401-2295  WindowManager           system_server                        D  finishDrawingWindow: Window{8106dd4 u0 com.android.sun.tattva/com.android.sun.MainActivity} mDrawState=DRAW_PENDING
2026-01-12 04:49:15.417  1401-1556  PkgPredictorService     system_server                        D  pkg:com.android.sun.tattva activity:com.android.sun.MainActivity thisTime:412
2026-01-12 04:49:15.421  1401-1556  WindowManager           system_server                        D  makeSurface duration=1 leash=Surface(name=Surface(name=4576c41 Splash Screen com.android.sun.tattva)/@0x5ef4c70 - animation-leash)/@0x5ddd06e
2026-01-12 04:49:15.428  1401-2111  RemoteAnim...Controller system_server                        D  	AppWindowToken{4651d8e token=Token{a1ba989 ActivityRecord{34c90 u0 com.android.sun.tattva/com.android.sun.MainActivity t36548}}}
2026-01-12 04:49:15.441   933-933   Layer                   surfaceflinger                       E  [Surface(name=AppWindowToken{4651d8e token=Token{a1ba989 ActivityRecord{34c90 u0 com.android.sun.tattva/com.android.sun.MainActivity t36548}}})/@0xd9cfbbe - animation-leash#0] No local sync point found, barrierLayer : [com.sec.android.app.launcher/com.sec.android.app.launcher.activities.LauncherActivity$_2406#0]
2026-01-12 04:49:15.488  1401-1556  WindowManager           system_server                        E  win=Window{4576c41 u0 Splash Screen com.android.sun.tattva EXITING} destroySurfaces: appStopped=false win.mWindowRemovalAllowed=true win.mRemoveOnExit=true win.mViewVisibility=0 caller=com.android.server.wm.AppWindowToken.destroySurfaces:1249 com.android.server.wm.AppWindowToken.destroySurfaces:1230 com.android.server.wm.WindowState.onExitAnimationDone:5189 com.android.server.wm.WindowStateAnimator.onAnimationFinished:320 com.android.server.wm.WindowState.onAnimationFinished:5630 com.android.server.wm.-$$Lambda$yVRF8YoeNdTa8GR1wDStVsHu8xM.run:2 com.android.server.wm.SurfaceAnimator.lambda$getFinishedCallback$0$SurfaceAnimator:100 
2026-01-12 04:49:15.500  1401-1553  CodecSolution           system_server                        D  isMaxAspectPackageEx: com.android.sun.tattva : true(2)
2026-01-12 04:49:15.630  1401-2120  MdnieScena...rolService system_server                        D   packageName : com.android.sun.tattva    className : com.android.sun.MainActivity
2026-01-12 04:49:18.399  2406-3677  Recommende...msProvider com.sec.android.app.launcher         D  <RecentApps> : (3) [{com.android.sun.tattva/com.android.sun.MainActivity} / UserHandle{0}, {org.telegram.messenger/org.telegram.messenger.DefaultIcon} / UserHandle{0}, {com.android.settings/com.android.settings.Settings} / UserHandle{0}]
2026-01-12 04:49:18.399  2406-3677  Recommende...msProvider com.sec.android.app.launcher         D  <Excludings> : (3) [{org.telegram.messenger/org.telegram.messenger.DefaultIcon} / UserHandle{0}, {com.android.sun.tattva/com.android.sun.MainActivity} / UserHandle{0}, {com.android.settings/com.android.settings.Settings} / UserHandle{0}]
2026-01-12 04:49:18.399  1401-1555  GameManagerService      system_server                        D  notePauseComponent(), received paused-component: com.android.sun.tattva
2026-01-12 04:49:18.448  1401-1556  RemoteAnim...Controller system_server                        D  createAnimationAdapter(): token=AppWindowToken{4651d8e token=Token{a1ba989 ActivityRecord{34c90 u0 com.android.sun.tattva/com.android.sun.MainActivity t36548}}}
2026-01-12 04:49:18.449  1401-1556  WindowManager           system_server                        D  makeSurface duration=0 leash=Surface(name=Surface(name=AppWindowToken{4651d8e token=Token{a1ba989 ActivityRecord{34c90 u0 com.android.sun.tattva/com.android.sun.MainActivity t36548}}})/@0xd9cfbbe - animation-leash)/@0x36fad81
2026-01-12 04:49:18.456  1401-1556  RemoteAnim...Controller system_server                        D  	Add token=AppWindowToken{4651d8e token=Token{a1ba989 ActivityRecord{34c90 u0 com.android.sun.tattva/com.android.sun.MainActivity t36548}}}
2026-01-12 04:49:18.871  1401-2111  RemoteAnim...Controller system_server                        D  	AppWindowToken{4651d8e token=Token{a1ba989 ActivityRecord{34c90 u0 com.android.sun.tattva/com.android.sun.MainActivity t36548}}}
2026-01-12 04:49:18.887   933-933   Layer                   surfaceflinger                       E  [Surface(name=AppWindowToken{4651d8e token=Token{a1ba989 ActivityRecord{34c90 u0 com.android.sun.tattva/com.android.sun.MainActivity t36548}}})/@0xd9cfbbe - animation-leash#0] No local sync point found, barrierLayer : [com.sec.android.app.launcher/com.sec.android.app.launcher.activities.LauncherActivity$_2406#0]
2026-01-12 04:49:18.887   933-933   Layer                   surfaceflinger                       E  [Surface(name=AppWindowToken{4651d8e token=Token{a1ba989 ActivityRecord{34c90 u0 com.android.sun.tattva/com.android.sun.MainActivity t36548}}})/@0xd9cfbbe - animation-leash#0] No local sync point found, barrierLayer : [com.sec.android.app.launcher/com.sec.android.app.launcher.activities.LauncherActivity$_2406#0]
2026-01-12 04:49:18.970  1401-2111  WindowManager           system_server                        E  win=Window{8106dd4 u0 com.android.sun.tattva/com.android.sun.MainActivity} destroySurfaces: appStopped=true win.mWindowRemovalAllowed=false win.mRemoveOnExit=false win.mViewVisibility=8 caller=com.android.server.wm.AppWindowToken.destroySurfaces:1249 com.android.server.wm.AppWindowToken.destroySurfaces:1230 com.android.server.wm.AppWindowToken.notifyAppStopped:1285 com.android.server.wm.ActivityRecord.activityStoppedLocked:2776 com.android.server.wm.ActivityTaskManagerService.activityStopped:2512 android.app.IActivityTaskManager$Stub.onTransact:2280 android.os.Binder.execTransactInternal:1056 
2026-01-12 04:49:23.682  1401-1556  PhoneWindow             system_server                        D  forceLight changed to true [Splash Screen com.android.sun.tattva] from com.android.internal.policy.PhoneWindow.updateForceLightNavigationBar:4274 com.android.internal.policy.DecorView.updateColorViews:1547 com.android.internal.policy.PhoneWindow.dispatchWindowAttributesChanged:3252 android.view.Window.setFlags:1153 com.android.internal.policy.PhoneWindow.generateLayout:2474 
2026-01-12 04:49:23.683  1401-1556  PhoneWindow             system_server                        D  forceLight changed to false [Splash Screen com.android.sun.tattva] from com.android.internal.policy.PhoneWindow.updateForceLightNavigationBar:4280 com.android.internal.policy.DecorView.updateColorViews:1547 com.android.internal.policy.PhoneWindow.dispatchWindowAttributesChanged:3252 android.view.Window.setFlags:1153 com.android.internal.policy.PhoneWindow.generateLayout:2620 
2026-01-12 04:49:23.687  1401-5051  GamePkgDataHelper       system_server                        D  notifyAppCreate(), pkgName: com.android.sun.tattva, sendRet: true
2026-01-12 04:49:23.687  1401-1991  GameManagerService      system_server                        D  onLooperPrepared(), msg: { when=0 what=10010 obj=com.android.sun.tattva target=com.samsung.android.game.GameManagerService$FgCheckThread$1 }
2026-01-12 04:49:23.687  1401-1991  GameManagerService      system_server                        D  handleMessage(), received MSG_APP_CREATE of pkgName: com.android.sun.tattva
2026-01-12 04:49:23.689  1401-5051  MARsPolicyManager       system_server                        D  onPackageResumedFG pkgName = com.android.sun.tattva, userId = 0
2026-01-12 04:49:23.715  1401-1556  WindowManager           system_server                        D  makeSurface duration=1 name=Splash Screen com.android.sun.tattva
2026-01-12 04:49:23.718  1401-1555  GameManagerService      system_server                        D  getForegroundPair(), state=0, bounds=[0,0][1080,2220], displayId=0, userId=0, taskName=com.android.sun.tattva/com.android.sun.MainActivity
2026-01-12 04:49:23.718  1401-1555  GameManagerService      system_server                        D  MultiWindowEventListener.onFocusedStackChanged(), pkgName: com.android.sun.tattva, clsName: com.android.sun.MainActivity, fgActivityName:com.android.sun.tattva/com.android.sun.MainActivity, userID:0
2026-01-12 04:49:23.718  1401-1991  GameManagerService      system_server                        D  onLooperPrepared(), msg: { when=0 what=10000 obj=ComponentInfo{com.android.sun.tattva/com.android.sun.MainActivity} target=com.samsung.android.game.GameManagerService$FgCheckThread$1 }
2026-01-12 04:49:23.718  1401-1991  GameManagerService      system_server                        D  notifyResumePause(). of pkg: com.android.sun.tattva, type: 4, isMinimized: false, isTunableApp: false
2026-01-12 04:49:23.719  1401-1553  CodecSolution           system_server                        D  isMaxAspectPackageEx: com.android.sun.tattva : true(2)
2026-01-12 04:49:23.720  1401-1937  PkgPredictorService     system_server                        D  com.android.sun.tattva go to foreground!
2026-01-12 04:49:23.720  1401-1937  PkgPredictorService     system_server                        D  previous pkgs: com.android.sun.tattva,com.android.sun.tattva,com.android.sun.tattva running pkg: com.android.sun.tattva, uid: 0 is system: false
2026-01-12 04:49:23.721  1401-1937  PkgPredict...-Collector system_server                        D  save record...
                                                                                                     (hour:4 day:2 previous:[com.android.sun.tattva, com.android.sun.tattva, com.android.sun.tattva] activityName:unknown running:com.android.sun.tattva userId:0 screenOrientation:0 wifi:1 bt:0 predictTime:0 apkVersion:2.03 consumeTime:-1 preloaded:false>)
2026-01-12 04:49:23.721  1401-1937  PkgPredict...Controller system_server                        D  User using: com.android.sun.tattva
2026-01-12 04:49:23.722  1401-1555  GameSDK@LifeCycle       system_server                        D  onFocusedStackChanged(): focusedStackInfo: Stack id=223 bounds=[0,0][1080,2220] displayId=0 userId=0
                                                                                                     configuration={1.3 226mcc5mnc [en_US] ldltr sw411dp w411dp h773dp 420dpi nrml long port finger -keyb/v/h -nav/h winConfig={ mBounds=Rect(0, 0 - 1080, 2220) mAppBounds=Rect(0, 0 - 1080, 2094) mWindowingMode=fullscreen mDisplayWindowingMode=fullscreen mActivityType=standard mAlwaysOnTop=undefined mRotation=ROTATION_0} s.299 desktop/d ?dc bts=0 ff=0 bf=0 themeSeq=0}
                                                                                                      taskId=36549: com.android.sun.tattva/com.android.sun.MainActivity bounds=[0,0][1080,2220] userId=0 visible=true topActivity=ComponentInfo{com.android.sun.tattva/com.android.sun.MainActivity}
2026-01-12 04:49:23.723  1401-1555  GameSDK@LifeCycle       system_server                        D  onFocusedPackageChanged(): newPkgName: com.android.sun.tattva, newPid: 9423
2026-01-12 04:49:23.728  1401-1556  WindowManager           system_server                        D  finishDrawingWindow: Window{3438ca2 u0 Splash Screen com.android.sun.tattva} mDrawState=DRAW_PENDING
2026-01-12 04:49:23.732  1401-1556  RemoteAnim...Controller system_server                        D  createAnimationAdapter(): token=AppWindowToken{f24023b token=Token{a5bb0ca ActivityRecord{be7d435 u0 com.android.sun.tattva/com.android.sun.MainActivity t36549}}}
2026-01-12 04:49:23.733  1401-1556  WindowManager           system_server                        D  makeSurface duration=0 leash=Surface(name=Surface(name=AppWindowToken{f24023b token=Token{a5bb0ca ActivityRecord{be7d435 u0 com.android.sun.tattva/com.android.sun.MainActivity t36549}}})/@0x4d5f41c - animation-leash)/@0x921a825
2026-01-12 04:49:23.734  1401-1556  RemoteAnim...Controller system_server                        D  	Add token=AppWindowToken{f24023b token=Token{a5bb0ca ActivityRecord{be7d435 u0 com.android.sun.tattva/com.android.sun.MainActivity t36549}}}
2026-01-12 04:49:23.735  1401-1553  WindowManager           system_server                        D  setSystemUiVisibility: displayId=0, vis=0x8008, fullVis=0x0, dockVis=0x0, win=Window{3438ca2 u0 Splash Screen com.android.sun.tattva}
2026-01-12 04:49:23.743  1401-3927  GamePkgDataHelper       system_server                        D  getSosPolicy(). com.android.sun.tattva
2026-01-12 04:49:23.745  1401-1555  GameManagerService      system_server                        D  identifyGamePackage. com.android.sun.tattva, mCurrentUserId: 0, callerUserId: 0
2026-01-12 04:49:23.745  1401-1555  GamePkgDataHelper       system_server                        D  getGamePkgData(). com.android.sun.tattva
2026-01-12 04:49:23.747  1401-1555  GameManagerService      system_server                        D  noteResumeComponent(), received resumed-component: com.android.sun.tattva
2026-01-12 04:49:23.747  1401-1555  GamePkgDataHelper       system_server                        D  getSosPolicy(). com.android.sun.tattva
2026-01-12 04:49:23.747  1401-1991  GameManagerService      system_server                        D  onLooperPrepared(), msg: { when=0 what=10000 obj=ComponentInfo{com.android.sun.tattva/com.android.sun.MainActivity} target=com.samsung.android.game.GameManagerService$FgCheckThread$1 }
2026-01-12 04:49:23.748  1401-1991  GameManagerService      system_server                        D  notifyResumePause(). of pkg: com.android.sun.tattva, type: 4, isMinimized: false, isTunableApp: false
2026-01-12 04:49:23.748  1401-1555  GameManagerService      system_server                        D  identifyGamePackage. com.android.sun.tattva, mCurrentUserId: 0, callerUserId: 0
2026-01-12 04:49:23.748  1401-1555  GamePkgDataHelper       system_server                        D  getGamePkgData(). com.android.sun.tattva
2026-01-12 04:49:23.749  1401-1567  ApplicationPolicy       system_server                        D  isStatusBarNotificationAllowedAsUser: packageName = com.android.sun.tattva,userId = 0
2026-01-12 04:49:23.749  1401-1567  ApplicationPolicy       system_server                        D  isStatusBarNotificationAllowedAsUser: packageName = com.android.sun.tattva,userId = 0
2026-01-12 04:49:23.852  9423-10988 SwissEphWrapper         usap64                               D  ✅ Swiss Ephemeris initialized at:  /data/user/0/com.android.sun.tattva/files/sweph/data
2026-01-12 04:49:23.854  2406-2406  Launcher.N...onListener com.sec.android.app.launcher         D  onNotificationPosted : com.android.sun.tattva number : 0 listener : null
2026-01-12 04:49:23.889  1401-5051  ApplicationPolicy       system_server                        D  isStatusBarNotificationAllowedAsUser: packageName = com.android.sun.tattva,userId = 0
2026-01-12 04:49:23.889  1401-5051  ApplicationPolicy       system_server                        D  isStatusBarNotificationAllowedAsUser: packageName = com.android.sun.tattva,userId = 0
2026-01-12 04:49:23.890  1401-1567  ApplicationPolicy       system_server                        D  isStatusBarNotificationAllowedAsUser: packageName = com.android.sun.tattva,userId = 0
2026-01-12 04:49:23.891  1401-1567  ApplicationPolicy       system_server                        D  isStatusBarNotificationAllowedAsUser: packageName = com.android.sun.tattva,userId = 0
2026-01-12 04:49:23.951  9423-9423  SwissEphWrapper         usap64                               D  ✅ Swiss Ephemeris initialized at:  /data/user/0/com.android.sun.tattva/files/sweph/data
2026-01-12 04:49:23.998  2406-2406  Launcher.N...onListener com.sec.android.app.launcher         D  onNotificationPosted : com.android.sun.tattva number : 0 listener : null
2026-01-12 04:49:24.001  2406-2406  Launcher.N...onListener com.sec.android.app.launcher         D  onNotificationPosted : com.android.sun.tattva number : 0 listener : null
2026-01-12 04:49:24.022  1401-2120  MdnieScena...rolService system_server                        D   packageName : com.android.sun.tattva    className : com.android.sun.MainActivity
2026-01-12 04:49:24.073  9423-9423  SwissEphWrapper         usap64                               D  ✅ Swiss Ephemeris initialized at:  /data/user/0/com.android.sun.tattva/files/sweph/data
2026-01-12 04:49:24.082  1401-2111  WindowManager           system_server                        D  makeSurface duration=1 name=com.android.sun.tattva/com.android.sun.MainActivity$_9423
2026-01-12 04:49:24.083  1401-1553  WindowManager           system_server                        D  setSystemUiVisibility: displayId=0, vis=0x8708, fullVis=0x0, dockVis=0x0, win=Window{ae9a1a1 u0 com.android.sun.tattva/com.android.sun.MainActivity}
2026-01-12 04:49:24.087  1401-3927  RemoteAnim...Controller system_server                        D  	AppWindowToken{f24023b token=Token{a5bb0ca ActivityRecord{be7d435 u0 com.android.sun.tattva/com.android.sun.MainActivity t36549}}}
2026-01-12 04:49:24.094  1401-2111  WindowManager           system_server                        D  finishDrawingWindow: Window{ae9a1a1 u0 com.android.sun.tattva/com.android.sun.MainActivity} mDrawState=DRAW_PENDING
2026-01-12 04:49:24.099  1401-1556  PkgPredictorService     system_server                        D  pkg:com.android.sun.tattva activity:com.android.sun.MainActivity thisTime:434
2026-01-12 04:49:24.106  1401-1556  WindowManager           system_server                        D  makeSurface duration=1 leash=Surface(name=Surface(name=3438ca2 Splash Screen com.android.sun.tattva)/@0xe9c5e4e - animation-leash)/@0x14b5868
2026-01-12 04:49:24.133  1401-3927  WindowManager           system_server                        D  finishDrawingWindow: Window{ae9a1a1 u0 com.android.sun.tattva/com.android.sun.MainActivity} mDrawState=HAS_DRAWN
2026-01-12 04:49:24.156  1401-1553  CodecSolution           system_server                        D  isMaxAspectPackageEx: com.android.sun.tattva : true(2)
2026-01-12 04:49:24.171  1401-1556  WindowManager           system_server                        E  win=Window{3438ca2 u0 Splash Screen com.android.sun.tattva EXITING} destroySurfaces: appStopped=false win.mWindowRemovalAllowed=true win.mRemoveOnExit=true win.mViewVisibility=0 caller=com.android.server.wm.AppWindowToken.destroySurfaces:1249 com.android.server.wm.AppWindowToken.destroySurfaces:1230 com.android.server.wm.WindowState.onExitAnimationDone:5189 com.android.server.wm.WindowStateAnimator.onAnimationFinished:320 com.android.server.wm.WindowState.onAnimationFinished:5630 com.android.server.wm.-$$Lambda$yVRF8YoeNdTa8GR1wDStVsHu8xM.run:2 com.android.server.wm.SurfaceAnimator.lambda$getFinishedCallback$0$SurfaceAnimator:100 
2026-01-12 04:49:24.286  1401-2120  MdnieScena...rolService system_server                        D   packageName : com.android.sun.tattva    className : com.android.sun.MainActivity
2026-01-12 04:49:26.503  2406-3677  Recommende...msProvider com.sec.android.app.launcher         D  <RecentApps> : (3) [{com.android.sun.tattva/com.android.sun.MainActivity} / UserHandle{0}, {org.telegram.messenger/org.telegram.messenger.DefaultIcon} / UserHandle{0}, {com.android.settings/com.android.settings.Settings} / UserHandle{0}]
2026-01-12 04:49:26.503  2406-3677  Recommende...msProvider com.sec.android.app.launcher         D  <Excludings> : (3) [{org.telegram.messenger/org.telegram.messenger.DefaultIcon} / UserHandle{0}, {com.android.sun.tattva/com.android.sun.MainActivity} / UserHandle{0}, {com.android.settings/com.android.settings.Settings} / UserHandle{0}]
2026-01-12 04:49:26.507  1401-1555  GameManagerService      system_server                        D  notePauseComponent(), received paused-component: com.android.sun.tattva
2026-01-12 04:49:26.552  1401-1556  RemoteAnim...Controller system_server                        D  createAnimationAdapter(): token=AppWindowToken{f24023b token=Token{a5bb0ca ActivityRecord{be7d435 u0 com.android.sun.tattva/com.android.sun.MainActivity t36549}}}
2026-01-12 04:49:26.554  1401-1556  WindowManager           system_server                        D  makeSurface duration=2 leash=Surface(name=Surface(name=AppWindowToken{f24023b token=Token{a5bb0ca ActivityRecord{be7d435 u0 com.android.sun.tattva/com.android.sun.MainActivity t36549}}})/@0x4d5f41c - animation-leash)/@0xaae91d7
2026-01-12 04:49:26.561  1401-1556  RemoteAnim...Controller system_server                        D  	Add token=AppWindowToken{f24023b token=Token{a5bb0ca ActivityRecord{be7d435 u0 com.android.sun.tattva/com.android.sun.MainActivity t36549}}}
2026-01-12 04:49:26.986  1401-2295  RemoteAnim...Controller system_server                        D  	AppWindowToken{f24023b token=Token{a5bb0ca ActivityRecord{be7d435 u0 com.android.sun.tattva/com.android.sun.MainActivity t36549}}}
2026-01-12 04:49:27.003   933-933   Layer                   surfaceflinger                       E  [Surface(name=AppWindowToken{f24023b token=Token{a5bb0ca ActivityRecord{be7d435 u0 com.android.sun.tattva/com.android.sun.MainActivity t36549}}})/@0x4d5f41c - animation-leash#0] No local sync point found, barrierLayer : [com.sec.android.app.launcher/com.sec.android.app.launcher.activities.LauncherActivity$_2406#0]
2026-01-12 04:49:27.003   933-933   Layer                   surfaceflinger                       E  [Surface(name=AppWindowToken{f24023b token=Token{a5bb0ca ActivityRecord{be7d435 u0 com.android.sun.tattva/com.android.sun.MainActivity t36549}}})/@0x4d5f41c - animation-leash#0] No local sync point found, barrierLayer : [com.sec.android.app.launcher/com.sec.android.app.launcher.activities.LauncherActivity$_2406#0]
2026-01-12 04:49:27.070  1401-2295  WindowManager           system_server                        E  win=Window{ae9a1a1 u0 com.android.sun.tattva/com.android.sun.MainActivity} destroySurfaces: appStopped=true win.mWindowRemovalAllowed=false win.mRemoveOnExit=false win.mViewVisibility=8 caller=com.android.server.wm.AppWindowToken.destroySurfaces:1249 com.android.server.wm.AppWindowToken.destroySurfaces:1230 com.android.server.wm.AppWindowToken.notifyAppStopped:1285 com.android.server.wm.ActivityRecord.activityStoppedLocked:2776 com.android.server.wm.ActivityTaskManagerService.activityStopped:2512 android.app.IActivityTaskManager$Stub.onTransact:2280 android.os.Binder.execTransactInternal:1056 
2026-01-12 04:49:36.672  1401-1555  GameManagerService      system_server                        D  getForegroundPair(), state=0, bounds=[0,0][1080,2220], displayId=0, userId=0, taskName=com.android.sun.tattva/com.android.sun.MainActivity
2026-01-12 04:49:36.672  1401-1555  GameManagerService      system_server                        D  MultiWindowEventListener.onFocusedStackChanged(), pkgName: com.android.sun.tattva, clsName: com.android.sun.MainActivity, fgActivityName:com.android.sun.tattva/com.android.sun.MainActivity, userID:0
2026-01-12 04:49:36.673  1401-1555  GameSDK@LifeCycle       system_server                        D  onFocusedStackChanged(): focusedStackInfo: Stack id=224 bounds=[0,0][1080,2220] displayId=0 userId=0
                                                                                                     configuration={1.3 226mcc5mnc [en_US] ldltr sw411dp w411dp h773dp 420dpi nrml long port finger -keyb/v/h -nav/h winConfig={ mBounds=Rect(0, 0 - 1080, 2220) mAppBounds=Rect(0, 0 - 1080, 2094) mWindowingMode=fullscreen mDisplayWindowingMode=fullscreen mActivityType=standard mAlwaysOnTop=undefined mRotation=ROTATION_0} s.299 desktop/d ?dc bts=0 ff=0 bf=0 themeSeq=0}
                                                                                                      taskId=36550: com.android.sun.tattva/com.android.sun.MainActivity bounds=[0,0][1080,2220] userId=0 visible=true topActivity=ComponentInfo{com.android.sun.tattva/com.android.sun.MainActivity}
2026-01-12 04:49:36.674  1401-1556  PhoneWindow             system_server                        D  forceLight changed to true [Splash Screen com.android.sun.tattva] from com.android.internal.policy.PhoneWindow.updateForceLightNavigationBar:4274 com.android.internal.policy.DecorView.updateColorViews:1547 com.android.internal.policy.PhoneWindow.dispatchWindowAttributesChanged:3252 android.view.Window.setFlags:1153 com.android.internal.policy.PhoneWindow.generateLayout:2474 
2026-01-12 04:49:36.674  1401-1556  PhoneWindow             system_server                        D  forceLight changed to false [Splash Screen com.android.sun.tattva] from com.android.internal.policy.PhoneWindow.updateForceLightNavigationBar:4280 com.android.internal.policy.DecorView.updateColorViews:1547 com.android.internal.policy.PhoneWindow.dispatchWindowAttributesChanged:3252 android.view.Window.setFlags:1153 com.android.internal.policy.PhoneWindow.generateLayout:2620 
2026-01-12 04:49:36.680  1401-5051  GamePkgDataHelper       system_server                        D  notifyAppCreate(), pkgName: com.android.sun.tattva, sendRet: true
2026-01-12 04:49:36.680  1401-1991  GameManagerService      system_server                        D  onLooperPrepared(), msg: { when=0 what=10010 obj=com.android.sun.tattva target=com.samsung.android.game.GameManagerService$FgCheckThread$1 }
2026-01-12 04:49:36.680  1401-1991  GameManagerService      system_server                        D  handleMessage(), received MSG_APP_CREATE of pkgName: com.android.sun.tattva
2026-01-12 04:49:36.681  1401-5051  MARsPolicyManager       system_server                        D  onPackageResumedFG pkgName = com.android.sun.tattva, userId = 0
2026-01-12 04:49:36.711  1401-1556  WindowManager           system_server                        D  makeSurface duration=1 name=Splash Screen com.android.sun.tattva
2026-01-12 04:49:36.720  1401-1556  WindowManager           system_server                        D  finishDrawingWindow: Window{3fe24fc u0 Splash Screen com.android.sun.tattva} mDrawState=DRAW_PENDING
2026-01-12 04:49:36.730  1401-1556  RemoteAnim...Controller system_server                        D  createAnimationAdapter(): token=AppWindowToken{7656be4 token=Token{1498377 ActivityRecord{d25c176 u0 com.android.sun.tattva/com.android.sun.MainActivity t36550}}}
2026-01-12 04:49:36.730  1401-1556  WindowManager           system_server                        D  makeSurface duration=1 leash=Surface(name=Surface(name=AppWindowToken{7656be4 token=Token{1498377 ActivityRecord{d25c176 u0 com.android.sun.tattva/com.android.sun.MainActivity t36550}}})/@0xf72b9a6 - animation-leash)/@0x4cdcfe7
2026-01-12 04:49:36.732  1401-1556  RemoteAnim...Controller system_server                        D  	Add token=AppWindowToken{7656be4 token=Token{1498377 ActivityRecord{d25c176 u0 com.android.sun.tattva/com.android.sun.MainActivity t36550}}}
2026-01-12 04:49:36.740  1401-1555  GameSDK@LifeCycle       system_server                        D  onFocusedPackageChanged(): newPkgName: com.android.sun.tattva, newPid: 9423
2026-01-12 04:49:36.745  1401-1553  CodecSolution           system_server                        D  isMaxAspectPackageEx: com.android.sun.tattva : true(2)
2026-01-12 04:49:36.747  1401-1937  PkgPredictorService     system_server                        D  com.android.sun.tattva go to foreground!
2026-01-12 04:49:36.747  1401-1937  PkgPredictorService     system_server                        D  previous pkgs: com.android.sun.tattva,com.android.sun.tattva,com.android.sun.tattva running pkg: com.android.sun.tattva, uid: 0 is system: false
2026-01-12 04:49:36.747  1401-1937  PkgPredict...-Collector system_server                        D  save record...
                                                                                                     (hour:4 day:2 previous:[com.android.sun.tattva, com.android.sun.tattva, com.android.sun.tattva] activityName:unknown running:com.android.sun.tattva userId:0 screenOrientation:0 wifi:1 bt:0 predictTime:0 apkVersion:2.03 consumeTime:-1 preloaded:false>)
2026-01-12 04:49:36.747  1401-1937  PkgPredict...Controller system_server                        D  User using: com.android.sun.tattva
2026-01-12 04:49:36.752  1401-1556  WindowManager           system_server                        D  finishDrawingWindow: Window{3fe24fc u0 Splash Screen com.android.sun.tattva} mDrawState=HAS_DRAWN
2026-01-12 04:49:36.761  1401-1553  WindowManager           system_server                        D  setSystemUiVisibility: displayId=0, vis=0x8008, fullVis=0x0, dockVis=0x0, win=Window{3fe24fc u0 Splash Screen com.android.sun.tattva}
2026-01-12 04:49:36.766  1401-1567  ApplicationPolicy       system_server                        D  isStatusBarNotificationAllowedAsUser: packageName = com.android.sun.tattva,userId = 0
2026-01-12 04:49:36.766  1401-1567  ApplicationPolicy       system_server                        D  isStatusBarNotificationAllowedAsUser: packageName = com.android.sun.tattva,userId = 0
2026-01-12 04:49:36.770  1401-5051  GamePkgDataHelper       system_server                        D  getSosPolicy(). com.android.sun.tattva
2026-01-12 04:49:36.770  1401-1555  GameManagerService      system_server                        D  identifyGamePackage. com.android.sun.tattva, mCurrentUserId: 0, callerUserId: 0
2026-01-12 04:49:36.770  1401-1555  GamePkgDataHelper       system_server                        D  getGamePkgData(). com.android.sun.tattva
2026-01-12 04:49:36.779  1401-1555  GameManagerService      system_server                        D  noteResumeComponent(), received resumed-component: com.android.sun.tattva
2026-01-12 04:49:36.779  1401-1555  GamePkgDataHelper       system_server                        D  getSosPolicy(). com.android.sun.tattva
2026-01-12 04:49:36.779  1401-1991  GameManagerService      system_server                        D  onLooperPrepared(), msg: { when=0 what=10000 obj=ComponentInfo{com.android.sun.tattva/com.android.sun.MainActivity} target=com.samsung.android.game.GameManagerService$FgCheckThread$1 }
2026-01-12 04:49:36.780  1401-1991  GameManagerService      system_server                        D  notifyResumePause(). of pkg: com.android.sun.tattva, type: 4, isMinimized: false, isTunableApp: false
2026-01-12 04:49:36.780  1401-1555  GameManagerService      system_server                        D  identifyGamePackage. com.android.sun.tattva, mCurrentUserId: 0, callerUserId: 0
2026-01-12 04:49:36.780  1401-1555  GamePkgDataHelper       system_server                        D  getGamePkgData(). com.android.sun.tattva
2026-01-12 04:49:36.862  9423-10988 SwissEphWrapper         usap64                               D  ✅ Swiss Ephemeris initialized at:  /data/user/0/com.android.sun.tattva/files/sweph/data
2026-01-12 04:49:36.875  1401-2120  MdnieScena...rolService system_server                        D   packageName : com.android.sun.tattva    className : com.android.sun.MainActivity
2026-01-12 04:49:36.883  2406-2406  Launcher.N...onListener com.sec.android.app.launcher         D  onNotificationPosted : com.android.sun.tattva number : 0 listener : null
2026-01-12 04:49:36.906  1401-1567  ApplicationPolicy       system_server                        D  isStatusBarNotificationAllowedAsUser: packageName = com.android.sun.tattva,userId = 0
2026-01-12 04:49:36.906  1401-1567  ApplicationPolicy       system_server                        D  isStatusBarNotificationAllowedAsUser: packageName = com.android.sun.tattva,userId = 0
2026-01-12 04:49:36.910  1401-5051  ApplicationPolicy       system_server                        D  isStatusBarNotificationAllowedAsUser: packageName = com.android.sun.tattva,userId = 0
2026-01-12 04:49:36.912  1401-5051  ApplicationPolicy       system_server                        D  isStatusBarNotificationAllowedAsUser: packageName = com.android.sun.tattva,userId = 0
2026-01-12 04:49:36.983  9423-9423  SwissEphWrapper         usap64                               D  ✅ Swiss Ephemeris initialized at:  /data/user/0/com.android.sun.tattva/files/sweph/data
2026-01-12 04:49:37.010  2406-2406  Launcher.N...onListener com.sec.android.app.launcher         D  onNotificationPosted : com.android.sun.tattva number : 0 listener : null
2026-01-12 04:49:37.020  2406-2406  Launcher.N...onListener com.sec.android.app.launcher         D  onNotificationPosted : com.android.sun.tattva number : 0 listener : null
2026-01-12 04:49:37.084  9423-9423  SwissEphWrapper         usap64                               D  ✅ Swiss Ephemeris initialized at:  /data/user/0/com.android.sun.tattva/files/sweph/data
2026-01-12 04:49:37.086  1401-3927  RemoteAnim...Controller system_server                        D  	AppWindowToken{7656be4 token=Token{1498377 ActivityRecord{d25c176 u0 com.android.sun.tattva/com.android.sun.MainActivity t36550}}}
2026-01-12 04:49:37.096  1401-3927  WindowManager           system_server                        D  makeSurface duration=0 name=com.android.sun.tattva/com.android.sun.MainActivity$_9423
2026-01-12 04:49:37.097  1401-1553  WindowManager           system_server                        D  setSystemUiVisibility: displayId=0, vis=0x8708, fullVis=0x0, dockVis=0x0, win=Window{f79d539 u0 com.android.sun.tattva/com.android.sun.MainActivity}
2026-01-12 04:49:37.103   933-933   Layer                   surfaceflinger                       E  [Surface(name=AppWindowToken{7656be4 token=Token{1498377 ActivityRecord{d25c176 u0 com.android.sun.tattva/com.android.sun.MainActivity t36550}}})/@0xf72b9a6 - animation-leash#0] No local sync point found, barrierLayer : [com.sec.android.app.launcher/com.sec.android.app.launcher.activities.LauncherActivity$_2406#0]
2026-01-12 04:49:37.105  1401-2111  WindowManager           system_server                        D  finishDrawingWindow: Window{f79d539 u0 com.android.sun.tattva/com.android.sun.MainActivity} mDrawState=DRAW_PENDING
2026-01-12 04:49:37.109  1401-1556  PkgPredictorService     system_server                        D  pkg:com.android.sun.tattva activity:com.android.sun.MainActivity thisTime:451
2026-01-12 04:49:37.120  1401-1556  WindowManager           system_server                        D  makeSurface duration=2 leash=Surface(name=Surface(name=3fe24fc Splash Screen com.android.sun.tattva)/@0x20e478f - animation-leash)/@0xe31cdab
2026-01-12 04:49:37.164  1401-2111  WindowManager           system_server                        D  finishDrawingWindow: Window{f79d539 u0 com.android.sun.tattva/com.android.sun.MainActivity} mDrawState=HAS_DRAWN
2026-01-12 04:49:37.185  1401-1556  WindowManager           system_server                        E  win=Window{3fe24fc u0 Splash Screen com.android.sun.tattva EXITING} destroySurfaces: appStopped=false win.mWindowRemovalAllowed=true win.mRemoveOnExit=true win.mViewVisibility=0 caller=com.android.server.wm.AppWindowToken.destroySurfaces:1249 com.android.server.wm.AppWindowToken.destroySurfaces:1230 com.android.server.wm.WindowState.onExitAnimationDone:5189 com.android.server.wm.WindowStateAnimator.onAnimationFinished:320 com.android.server.wm.WindowState.onAnimationFinished:5630 com.android.server.wm.-$$Lambda$yVRF8YoeNdTa8GR1wDStVsHu8xM.run:2 com.android.server.wm.SurfaceAnimator.lambda$getFinishedCallback$0$SurfaceAnimator:100 
