2026-01-12 01:42:23.111  1401-1556  PkgPredictorService     system_server                        D  pkg:com.android.sun.tattva activity:com.android.sun.MainActivity thisTime:199
2026-01-12 01:42:23.113  2406-2406  Launcher.N...onListener com.sec.android.app.launcher         D  onNotificationPosted : com.android.sun.tattva number : 0 listener : null
2026-01-12 01:42:23.116  1401-1556  WindowManager           system_server                        D  makeSurface duration=1 leash=Surface(name=Surface(name=8524f0a Splash Screen com.android.sun.tattva)/@0xaac7a9d - animation-leash)/@0xb3a3b12
2026-01-12 01:42:23.170  1401-1556  WindowManager           system_server                        E  win=Window{8524f0a u0 Splash Screen com.android.sun.tattva EXITING} destroySurfaces: appStopped=false win.mWindowRemovalAllowed=true win.mRemoveOnExit=true win.mViewVisibility=0 caller=com.android.server.wm.AppWindowToken.destroySurfaces:1249 com.android.server.wm.AppWindowToken.destroySurfaces:1230 com.android.server.wm.WindowState.onExitAnimationDone:5189 com.android.server.wm.WindowStateAnimator.onAnimationFinished:320 com.android.server.wm.WindowState.onAnimationFinished:5630 com.android.server.wm.-$$Lambda$yVRF8YoeNdTa8GR1wDStVsHu8xM.run:2 com.android.server.wm.SurfaceAnimator.lambda$getFinishedCallback$0$SurfaceAnimator:100 
2026-01-12 01:42:23.251  1401-1567  ApplicationPolicy       system_server                        D  isStatusBarNotificationAllowedAsUser: packageName = com.android.sun.tattva,userId = 0
2026-01-12 01:42:23.251  1401-3638  ApplicationPolicy       system_server                        D  isStatusBarNotificationAllowedAsUser: packageName = com.android.sun.tattva,userId = 0
2026-01-12 01:42:23.252  1401-1567  ApplicationPolicy       system_server                        D  isStatusBarNotificationAllowedAsUser: packageName = com.android.sun.tattva,userId = 0
2026-01-12 01:42:23.257  1401-3638  ApplicationPolicy       system_server                        D  isStatusBarNotificationAllowedAsUser: packageName = com.android.sun.tattva,userId = 0
2026-01-12 01:42:23.322  1401-2332  RemoteAnim...Controller system_server                        D  	AppWindowToken{6c2e13a token=Token{b04c065 ActivityRecord{f1455c u0 com.android.sun.tattva/com.android.sun.MainActivity t36509}}}
2026-01-12 01:42:23.336   933-933   Layer                   surfaceflinger                       E  [Surface(name=AppWindowToken{6c2e13a token=Token{b04c065 ActivityRecord{f1455c u0 com.android.sun.tattva/com.android.sun.MainActivity t36509}}})/@0x2cc3c57 - animation-leash#0] No local sync point found, barrierLayer : [com.sec.android.app.launcher/com.sec.android.app.launcher.activities.LauncherActivity$_2406#0]
2026-01-12 01:42:23.360  2406-2406  Launcher.N...onListener com.sec.android.app.launcher         D  onNotificationPosted : com.android.sun.tattva number : 0 listener : null
2026-01-12 01:42:23.362  1401-1553  CodecSolution           system_server                        D  isMaxAspectPackageEx: com.android.sun.tattva : true(2)
2026-01-12 01:42:23.367  2406-2406  Launcher.N...onListener com.sec.android.app.launcher         D  onNotificationPosted : com.android.sun.tattva number : 0 listener : null
2026-01-12 01:42:23.491  1401-2120  MdnieScena...rolService system_server                        D   packageName : com.android.sun.tattva    className : com.android.sun.MainActivity
2026-01-12 01:42:27.681  2406-3677  Recommende...msProvider com.sec.android.app.launcher         D  <RecentApps> : (3) [{com.android.sun.tattva/com.android.sun.MainActivity} / UserHandle{0}, {com.android.settings/com.android.settings.applications.InstalledAppDetails} / UserHandle{0}, {com.android.settings/com.android.settings.Settings} / UserHandle{0}]
2026-01-12 01:42:27.681  2406-3677  Recommende...msProvider com.sec.android.app.launcher         D  <Excludings> : (3) [{com.android.settings/com.android.settings.applications.InstalledAppDetails} / UserHandle{0}, {com.android.sun.tattva/com.android.sun.MainActivity} / UserHandle{0}, {com.android.settings/com.android.settings.Settings} / UserHandle{0}]
2026-01-12 01:42:27.688  1401-1555  GameManagerService      system_server                        D  notePauseComponent(), received paused-component: com.android.sun.tattva
2026-01-12 01:42:27.730  1401-1556  RemoteAnim...Controller system_server                        D  createAnimationAdapter(): token=AppWindowToken{6c2e13a token=Token{b04c065 ActivityRecord{f1455c u0 com.android.sun.tattva/com.android.sun.MainActivity t36509}}}
2026-01-12 01:42:27.731  1401-1556  WindowManager           system_server                        D  makeSurface duration=2 leash=Surface(name=Surface(name=AppWindowToken{6c2e13a token=Token{b04c065 ActivityRecord{f1455c u0 com.android.sun.tattva/com.android.sun.MainActivity t36509}}})/@0x2cc3c57 - animation-leash)/@0x60647f2
2026-01-12 01:42:27.737  1401-1556  RemoteAnim...Controller system_server                        D  	Add token=AppWindowToken{6c2e13a token=Token{b04c065 ActivityRecord{f1455c u0 com.android.sun.tattva/com.android.sun.MainActivity t36509}}}
2026-01-12 01:42:28.172  1401-2271  RemoteAnim...Controller system_server                        D  	AppWindowToken{6c2e13a token=Token{b04c065 ActivityRecord{f1455c u0 com.android.sun.tattva/com.android.sun.MainActivity t36509}}}
2026-01-12 01:42:28.186   933-933   Layer                   surfaceflinger                       E  [Surface(name=AppWindowToken{6c2e13a token=Token{b04c065 ActivityRecord{f1455c u0 com.android.sun.tattva/com.android.sun.MainActivity t36509}}})/@0x2cc3c57 - animation-leash#0] No local sync point found, barrierLayer : [com.sec.android.app.launcher/com.sec.android.app.launcher.activities.LauncherActivity$_2406#0]
2026-01-12 01:42:28.186   933-933   Layer                   surfaceflinger                       E  [Surface(name=AppWindowToken{6c2e13a token=Token{b04c065 ActivityRecord{f1455c u0 com.android.sun.tattva/com.android.sun.MainActivity t36509}}})/@0x2cc3c57 - animation-leash#0] No local sync point found, barrierLayer : [com.sec.android.app.launcher/com.sec.android.app.launcher.activities.LauncherActivity$_2406#0]
2026-01-12 01:42:28.236  1401-2332  WindowManager           system_server                        E  win=Window{32361f1 u0 com.android.sun.tattva/com.android.sun.MainActivity} destroySurfaces: appStopped=true win.mWindowRemovalAllowed=false win.mRemoveOnExit=false win.mViewVisibility=8 caller=com.android.server.wm.AppWindowToken.destroySurfaces:1249 com.android.server.wm.AppWindowToken.destroySurfaces:1230 com.android.server.wm.AppWindowToken.notifyAppStopped:1285 com.android.server.wm.ActivityRecord.activityStoppedLocked:2776 com.android.server.wm.ActivityTaskManagerService.activityStopped:2512 android.app.IActivityTaskManager$Stub.onTransact:2280 android.os.Binder.execTransactInternal:1056 
2026-01-12 01:42:32.988  1401-1555  GameManagerService      system_server                        D  getForegroundPair(), state=0, bounds=[0,0][1080,2220], displayId=0, userId=0, taskName=com.android.sun.tattva/com.android.sun.MainActivity
2026-01-12 01:42:32.988  1401-1555  GameManagerService      system_server                        D  MultiWindowEventListener.onFocusedStackChanged(), pkgName: com.android.sun.tattva, clsName: com.android.sun.MainActivity, fgActivityName:com.android.sun.tattva/com.android.sun.MainActivity, userID:0
2026-01-12 01:42:32.988  1401-1555  GameSDK@LifeCycle       system_server                        D  onFocusedStackChanged(): focusedStackInfo: Stack id=181 bounds=[0,0][1080,2220] displayId=0 userId=0
                                                                                                     configuration={1.3 226mcc5mnc [en_US] ldltr sw411dp w411dp h773dp 420dpi nrml long port finger -keyb/v/h -nav/h winConfig={ mBounds=Rect(0, 0 - 1080, 2220) mAppBounds=Rect(0, 0 - 1080, 2094) mWindowingMode=fullscreen mDisplayWindowingMode=fullscreen mActivityType=standard mAlwaysOnTop=undefined mRotation=ROTATION_0} s.136 desktop/d ?dc bts=0 ff=0 bf=0 themeSeq=0}
                                                                                                      taskId=36510: com.android.sun.tattva/com.android.sun.MainActivity bounds=[0,0][1080,2220] userId=0 visible=true topActivity=ComponentInfo{com.android.sun.tattva/com.android.sun.MainActivity}
2026-01-12 01:42:32.989  1401-1556  PhoneWindow             system_server                        D  forceLight changed to true [Splash Screen com.android.sun.tattva] from com.android.internal.policy.PhoneWindow.updateForceLightNavigationBar:4274 com.android.internal.policy.DecorView.updateColorViews:1547 com.android.internal.policy.PhoneWindow.dispatchWindowAttributesChanged:3252 android.view.Window.setFlags:1153 com.android.internal.policy.PhoneWindow.generateLayout:2474 
2026-01-12 01:42:32.989  1401-1556  PhoneWindow             system_server                        D  forceLight changed to false [Splash Screen com.android.sun.tattva] from com.android.internal.policy.PhoneWindow.updateForceLightNavigationBar:4280 com.android.internal.policy.DecorView.updateColorViews:1547 com.android.internal.policy.PhoneWindow.dispatchWindowAttributesChanged:3252 android.view.Window.setFlags:1153 com.android.internal.policy.PhoneWindow.generateLayout:2620 
2026-01-12 01:42:32.995  1401-5056  GamePkgDataHelper       system_server                        D  notifyAppCreate(), pkgName: com.android.sun.tattva, sendRet: true
2026-01-12 01:42:32.995  1401-1991  GameManagerService      system_server                        D  onLooperPrepared(), msg: { when=0 what=10010 obj=com.android.sun.tattva target=com.samsung.android.game.GameManagerService$FgCheckThread$1 }
2026-01-12 01:42:32.995  1401-1991  GameManagerService      system_server                        D  handleMessage(), received MSG_APP_CREATE of pkgName: com.android.sun.tattva
2026-01-12 01:42:32.996  1401-5056  MARsPolicyManager       system_server                        D  onPackageResumedFG pkgName = com.android.sun.tattva, userId = 0
2026-01-12 01:42:33.013  1401-1555  GameSDK@LifeCycle       system_server                        D  onFocusedPackageChanged(): newPkgName: com.android.sun.tattva, newPid: 20900
2026-01-12 01:42:33.015  1401-1556  WindowManager           system_server                        D  makeSurface duration=1 name=Splash Screen com.android.sun.tattva
2026-01-12 01:42:33.023  1401-1556  WindowManager           system_server                        D  finishDrawingWindow: Window{b994682 u0 Splash Screen com.android.sun.tattva} mDrawState=DRAW_PENDING
2026-01-12 01:42:33.029  1401-1556  RemoteAnim...Controller system_server                        D  createAnimationAdapter(): token=AppWindowToken{ebe36b2 token=Token{c5aa0bd ActivityRecord{c5b9014 u0 com.android.sun.tattva/com.android.sun.MainActivity t36510}}}
2026-01-12 01:42:33.029  1401-1556  WindowManager           system_server                        D  makeSurface duration=1 leash=Surface(name=Surface(name=AppWindowToken{ebe36b2 token=Token{c5aa0bd ActivityRecord{c5b9014 u0 com.android.sun.tattva/com.android.sun.MainActivity t36510}}})/@0xdb45432 - animation-leash)/@0x81b4583
2026-01-12 01:42:33.031  1401-1556  RemoteAnim...Controller system_server                        D  	Add token=AppWindowToken{ebe36b2 token=Token{c5aa0bd ActivityRecord{c5b9014 u0 com.android.sun.tattva/com.android.sun.MainActivity t36510}}}
2026-01-12 01:42:33.043  1401-1567  ApplicationPolicy       system_server                        D  isStatusBarNotificationAllowedAsUser: packageName = com.android.sun.tattva,userId = 0
2026-01-12 01:42:33.044  1401-1553  CodecSolution           system_server                        D  isMaxAspectPackageEx: com.android.sun.tattva : true(2)
2026-01-12 01:42:33.045  1401-1567  ApplicationPolicy       system_server                        D  isStatusBarNotificationAllowedAsUser: packageName = com.android.sun.tattva,userId = 0
2026-01-12 01:42:33.046  1401-1937  PkgPredictorService     system_server                        D  com.android.sun.tattva go to foreground!
2026-01-12 01:42:33.046  1401-1937  PkgPredictorService     system_server                        D  previous pkgs: com.android.sun.tattva,com.android.sun.tattva,com.android.sun.tattva running pkg: com.android.sun.tattva, uid: 0 is system: false
2026-01-12 01:42:33.046  1401-1937  PkgPredict...-Collector system_server                        D  save record...
                                                                                                     (hour:1 day:2 previous:[com.android.sun.tattva, com.android.sun.tattva, com.android.sun.tattva] activityName:unknown running:com.android.sun.tattva userId:0 screenOrientation:0 wifi:1 bt:0 predictTime:0 apkVersion:2.03 consumeTime:-1 preloaded:false>)
2026-01-12 01:42:33.046  1401-1937  PkgPredict...Controller system_server                        D  User using: com.android.sun.tattva
2026-01-12 01:42:33.046  1401-1553  WindowManager           system_server                        D  setSystemUiVisibility: displayId=0, vis=0x8008, fullVis=0x0, dockVis=0x0, win=Window{b994682 u0 Splash Screen com.android.sun.tattva}
2026-01-12 01:42:33.049  1401-2295  GamePkgDataHelper       system_server                        D  getSosPolicy(). com.android.sun.tattva
2026-01-12 01:42:33.051  1401-1555  GameManagerService      system_server                        D  identifyGamePackage. com.android.sun.tattva, mCurrentUserId: 0, callerUserId: 0
2026-01-12 01:42:33.051  1401-1555  GamePkgDataHelper       system_server                        D  getGamePkgData(). com.android.sun.tattva
2026-01-12 01:42:33.055  1401-1555  GameManagerService      system_server                        D  noteResumeComponent(), received resumed-component: com.android.sun.tattva
2026-01-12 01:42:33.056  1401-1991  GameManagerService      system_server                        D  onLooperPrepared(), msg: { when=0 what=10000 obj=ComponentInfo{com.android.sun.tattva/com.android.sun.MainActivity} target=com.samsung.android.game.GameManagerService$FgCheckThread$1 }
2026-01-12 01:42:33.056  1401-1991  GameManagerService      system_server                        D  notifyResumePause(). of pkg: com.android.sun.tattva, type: 4, isMinimized: false, isTunableApp: false
2026-01-12 01:42:33.062  1401-1555  GamePkgDataHelper       system_server                        D  getSosPolicy(). com.android.sun.tattva
2026-01-12 01:42:33.063  1401-1555  GameManagerService      system_server                        D  identifyGamePackage. com.android.sun.tattva, mCurrentUserId: 0, callerUserId: 0
2026-01-12 01:42:33.063  1401-1555  GamePkgDataHelper       system_server                        D  getGamePkgData(). com.android.sun.tattva
2026-01-12 01:42:33.071 20900-21274 SwissEphWrapper         usap64                               D  âœ… Swiss Ephemeris initialized at:  /data/user/0/com.android.sun.tattva/files/sweph/data
2026-01-12 01:42:33.074 20900-20900 SwissEphWrapper         usap64                               D  âœ… Swiss Ephemeris initialized at:  /data/user/0/com.android.sun.tattva/files/sweph/data
2026-01-12 01:42:33.093 20900-20900 AndroidRuntime          usap64                               E  FATAL EXCEPTION: main
                                                                                                    Process: com.android.sun.tattva, PID: 20900
                                                                                                    java.lang.RuntimeException: Cannot create an instance of class s1.a
                                                                                                    	at androidx.lifecycle.x0.c(Unknown Source:53)
                                                                                                    	at androidx.lifecycle.x0.a(Unknown Source:4)
                                                                                                    	at androidx.lifecycle.x0.b(Unknown Source:4)
                                                                                                    	at androidx.lifecycle.t0.b(Unknown Source:63)
                                                                                                    	at androidx.core.view.g.b(Unknown Source:72)
                                                                                                    	at androidx.core.view.g.a(Unknown Source:12)
                                                                                                    	at w0.i0.N(Unknown Source:31)
                                                                                                    	at w0.i0.a(Unknown Source:248)
                                                                                                    	at k0.l.invoke(SourceFile:21)
                                                                                                    	at k0.l.invoke(SourceFile:3)
                                                                                                    	at androidx.compose.runtime.internal.ComposableLambdaImpl.invoke(SourceFile:23)
                                                                                                    	at androidx.compose.runtime.internal.ComposableLambdaImpl.invoke(SourceFile:1)
                                                                                                    	at androidx.compose.animation.a.B(Unknown Source:4)
                                                                                                    	at androidx.compose.material3.SurfaceKt$Surface$1.invoke(SourceFile:36)
                                                                                                    	at androidx.compose.material3.SurfaceKt$Surface$1.invoke(SourceFile:1)
                                                                                                    	at androidx.compose.runtime.internal.ComposableLambdaImpl.invoke(SourceFile:23)
                                                                                                    	at androidx.compose.runtime.internal.ComposableLambdaImpl.invoke(SourceFile:1)
                                                                                                    	at androidx.compose.runtime.CompositionLocalKt.CompositionLocalProvider(SourceFile:3)
                                                                                                    	at androidx.compose.material3.SurfaceKt.Surface-T9BRK9s(Unknown Source:176)
                                                                                                    	at j1.a.invoke(Unknown Source:90)
                                                                                                    	at androidx.compose.runtime.internal.ComposableLambdaImpl.invoke(SourceFile:23)
                                                                                                    	at androidx.compose.runtime.internal.ComposableLambdaImpl.invoke(SourceFile:1)
                                                                                                    	at androidx.compose.runtime.CompositionLocalKt.CompositionLocalProvider(SourceFile:7)
                                                                                                    	at androidx.compose.material3.TextKt.ProvideTextStyle(Unknown Source:91)
                                                                                                    	at androidx.compose.material3.MaterialThemeKt$MaterialTheme$1.invoke(SourceFile:2)
                                                                                                    	at androidx.compose.material3.MaterialThemeKt$MaterialTheme$1.invoke(SourceFile:1)
                                                                                                    	at androidx.compose.runtime.internal.ComposableLambdaImpl.invoke(SourceFile:23)
                                                                                                    	at androidx.compose.runtime.internal.ComposableLambdaImpl.invoke(SourceFile:1)
                                                                                                    	at androidx.compose.runtime.CompositionLocalKt.CompositionLocalProvider(SourceFile:3)
                                                                                                    	at androidx.compose.material3.MaterialThemeKt.MaterialTheme(Unknown Source:284)
                                                                                                    	at r1.c.a(Unknown Source:243)
                                                                                                    	at j1.b.invoke(SourceFile:7)
                                                                                                    	at j1.b.invoke(SourceFile:11)
                                                                                                    	at androidx.compose.runtime.internal.ComposableLambdaImpl.invoke(SourceFile:23)
                                                                                                    	at androidx.compose.runtime.internal.ComposableLambdaImpl.invoke(SourceFile:1)
                                                                                                    	at androidx.compose.ui.platform.ComposeView.Content(Unknown Source:35)
                                                                                                    	at androidx.compose.ui.platform.AbstractComposeView$ensureCompositionCreated$1.invoke(SourceFile:2)
                                                                                                    	at androidx.compose.ui.platform.AbstractComposeView$ensureCompositionCreated$1.invoke(SourceFile:1)
                                                                                                    	at androidx.compose.runtime.internal.ComposableLambdaImpl.invoke(SourceFile:23)
                                                                                                    	at androidx.compose.runtime.internal.ComposableLambdaImpl.invoke(SourceFile:1)
                                                                                                    	at androidx.compose.runtime.CompositionLocalKt.CompositionLocalProvider(SourceFile:3)
                                                                                                    	at androidx.compose.ui.platform.CompositionLocalsKt.ProvideCommonCompositionLocals(Unknown Source:281)
                                                                                                    	at androidx.compose.ui.platform.AndroidCompositionLocals_androidKt$ProvideAndroidCompositionLocals$3.invoke(SourceFile:8)
                                                                                                    	at androidx.compose.ui.platform.AndroidCompositionLocals_androidKt$ProvideAndroidCompositionLocals$3.invoke(SourceFile:1)
                                                                                                    	at androidx.compose.runtime.internal.ComposableLambdaImpl.invoke(SourceFile:23)
                                                                                                    	at androidx.compose.runtime.internal.ComposableLambdaImpl.invoke(SourceFile:1)
                                                                                                    	at androidx.compose.runtime.CompositionLocalKt.CompositionLocalProvider(SourceFile:3)
                                                                                                    	at androidx.compose.ui.platform.AndroidCompositionLocals_androidKt.ProvideAndroidCompositionLocals(Unknown Source:275)
                                                                                                    	at androidx.compose.ui.platform.WrappedComposition$setContent$1$1$2.invoke(SourceFile:2)
                                                                                                    	at androidx.compose.ui.platform.WrappedComposition$setContent$1$1$2.invoke(SourceFile:1)
                                                                                                    	at androidx.compose.runtime.internal.ComposableLambdaImpl.invoke(SourceFile:23)
                                                                                                    	at androidx.compose.runtime.internal.ComposableLambdaImpl.invoke(SourceFile:1)
                                                                                                    	at androidx.compose.runtime.CompositionLocalKt.CompositionLocalProvider(SourceFile:7)
2026-01-12 01:42:33.134 20778-21345 AppErrorNotification    com.samsung.android.lool             D  errorType : 24, process : com.android.sun.tattva , uid : 0
2026-01-12 01:42:33.144  1401-1553  WindowManager           system_server                        D  makeSurface duration=1 name=Application Error: com.android.sun.tattva
2026-01-12 01:42:33.152  2406-2406  Launcher.N...onListener com.sec.android.app.launcher         D  onNotificationPosted : com.android.sun.tattva number : 0 listener : null
2026-01-12 01:42:33.219  1401-1553  WindowManager           system_server                        D  finishDrawingWindow: Window{3a1dc3e u0 Application Error: com.android.sun.tattva} mDrawState=DRAW_PENDING
2026-01-12 01:42:33.222  1401-1553  WindowManager           system_server                        D  setSystemUiVisibility: displayId=0, vis=0x8008, fullVis=0x0, dockVis=0x0, win=Window{3a1dc3e u0 Application Error: com.android.sun.tattva}
2026-01-12 01:42:33.223  1401-1556  WindowManager           system_server                        D  makeSurface duration=3 leash=Surface(name=Surface(name=3a1dc3e Application Error: com.android.sun.tattva)/@0x88081e5 - animation-leash)/@0x26944ba
2026-01-12 01:42:33.232  1401-1553  WindowManager           system_server                        D  makeSurface duration=1 leash=Surface(name=Surface(name=3a1dc3e Application Error: com.android.sun.tattva)/@0x88081e5 - animation-leash)/@0x264f8d3
2026-01-12 01:42:33.266  1401-1567  ApplicationPolicy       system_server                        D  isStatusBarNotificationAllowedAsUser: packageName = com.android.sun.tattva,userId = 0
2026-01-12 01:42:33.267  1401-1567  ApplicationPolicy       system_server                        D  isStatusBarNotificationAllowedAsUser: packageName = com.android.sun.tattva,userId = 0
2026-01-12 01:42:33.270  1401-2271  ApplicationPolicy       system_server                        D  isStatusBarNotificationAllowedAsUser: packageName = com.android.sun.tattva,userId = 0
2026-01-12 01:42:33.273  1401-2271  ApplicationPolicy       system_server                        D  isStatusBarNotificationAllowedAsUser: packageName = com.android.sun.tattva,userId = 0
2026-01-12 01:42:33.371  2406-2406  Launcher.N...onListener com.sec.android.app.launcher         D  onNotificationPosted : com.android.sun.tattva number : 0 listener : null
2026-01-12 01:42:33.378  2406-2406  Launcher.N...onListener com.sec.android.app.launcher         D  onNotificationPosted : com.android.sun.tattva number : 0 listener : null
2026-01-12 01:42:33.403  1401-1474  RemoteAnim...Controller system_server                        D  	AppWindowToken{ebe36b2 token=Token{c5aa0bd ActivityRecord{c5b9014 u0 com.android.sun.tattva/com.android.sun.MainActivity t36510}}}
2026-01-12 01:42:33.420   933-933   Layer                   surfaceflinger                       E  [Surface(name=AppWindowToken{ebe36b2 token=Token{c5aa0bd ActivityRecord{c5b9014 u0 com.android.sun.tattva/com.android.sun.MainActivity t36510}}})/@0xdb45432 - animation-leash#0] No local sync point found, barrierLayer : [com.sec.android.app.launcher/com.sec.android.app.launcher.activities.LauncherActivity$_2406#0]
2026-01-12 01:42:33.623  1401-1555  GameManagerService      system_server                        D  notePauseComponent(), received paused-component: com.android.sun.tattva
2026-01-12 01:42:33.632  1401-1556  WindowManager           system_server                        E  win=Window{b994682 u0 Splash Screen com.android.sun.tattva EXITING} destroySurfaces: appStopped=false win.mWindowRemovalAllowed=true win.mRemoveOnExit=true win.mViewVisibility=0 caller=com.android.server.wm.AppWindowToken.destroySurfaces:1249 com.android.server.wm.AppWindowToken.destroySurfaces:1230 com.android.server.wm.WindowState.onExitAnimationDone:5189 com.android.server.wm.-$$Lambda$01bPtngJg5AqEoOWfW3rWfV7MH4.accept:2 java.util.ArrayList.forEach:1262 com.android.server.wm.AppWindowToken.onAnimationFinished:3941 com.android.server.wm.AppWindowToken.commitVisibility:914 
2026-01-12 01:42:36.621  1401-1553  WindowManager           system_server                        D  makeSurface duration=1 leash=Surface(name=Surface(name=3a1dc3e Application Error: com.android.sun.tattva)/@0x88081e5 - animation-leash)/@0xbc075bd
2026-01-12 01:42:36.622  1401-5051  InputDispatcher         system_server                        E  Window handle Window{3a1dc3e u0 Application Error: com.android.sun.tattva} has no registered input channel
2026-01-12 01:42:36.657  2406-2406  Launcher.N...onListener com.sec.android.app.launcher         D  onNotificationRemoved : StatusBarNotification(pkg=com.android.sun.tattva user=UserHandle{0} id=1001 tag=null key=0|com.android.sun.tattva|1001|null|10463: Notification(channel=tattva_persistent_channel pri=0 contentView=null vibrate=null sound=null defaults=0x0 flags=0x62 color=0x00000000 groupKey=silent vis=PRIVATE semFlags=0x0 semPriority=0 semMissedCount=0)) listener : null
2026-01-12 01:42:37.847  1401-1996  ActivityManager         system_server                        D  package  com.android.sun.tattva, user - 0 is SDcard whitelisted
2026-01-12 01:42:37.902  1401-1555  GameManagerService      system_server                        D  getForegroundPair(), state=0, bounds=[0,0][1080,2220], displayId=0, userId=0, taskName=com.android.sun.tattva/com.android.sun.MainActivity
2026-01-12 01:42:37.902  1401-1555  GameManagerService      system_server                        D  MultiWindowEventListener.onFocusedStackChanged(), pkgName: com.android.sun.tattva, clsName: com.android.sun.MainActivity, fgActivityName:com.android.sun.tattva/com.android.sun.MainActivity, userID:0
2026-01-12 01:42:37.903  1401-1555  GameSDK@LifeCycle       system_server                        D  onFocusedStackChanged(): focusedStackInfo: Stack id=182 bounds=[0,0][1080,2220] displayId=0 userId=0
                                                                                                     configuration={1.3 226mcc5mnc [en_US] ldltr sw411dp w411dp h773dp 420dpi nrml long port finger -keyb/v/h -nav/h winConfig={ mBounds=Rect(0, 0 - 1080, 2220) mAppBounds=Rect(0, 0 - 1080, 2094) mWindowingMode=fullscreen mDisplayWindowingMode=fullscreen mActivityType=standard mAlwaysOnTop=undefined mRotation=ROTATION_0} s.136 desktop/d ?dc bts=0 ff=0 bf=0 themeSeq=0}
                                                                                                      taskId=36511: com.android.sun.tattva/com.android.sun.MainActivity bounds=[0,0][1080,2220] userId=0 visible=true topActivity=ComponentInfo{com.android.sun.tattva/com.android.sun.MainActivity}
2026-01-12 01:42:37.903  1401-1556  PhoneWindow             system_server                        D  forceLight changed to true [Splash Screen com.android.sun.tattva] from com.android.internal.policy.PhoneWindow.updateForceLightNavigationBar:4274 com.android.internal.policy.DecorView.updateColorViews:1547 com.android.internal.policy.PhoneWindow.dispatchWindowAttributesChanged:3252 android.view.Window.setFlags:1153 com.android.internal.policy.PhoneWindow.generateLayout:2474 
2026-01-12 01:42:37.904  1401-1556  PhoneWindow             system_server                        D  forceLight changed to false [Splash Screen com.android.sun.tattva] from com.android.internal.policy.PhoneWindow.updateForceLightNavigationBar:4280 com.android.internal.policy.DecorView.updateColorViews:1547 com.android.internal.policy.PhoneWindow.dispatchWindowAttributesChanged:3252 android.view.Window.setFlags:1153 com.android.internal.policy.PhoneWindow.generateLayout:2620 
2026-01-12 01:42:37.909  1401-3927  GamePkgDataHelper       system_server                        D  notifyAppCreate(), pkgName: com.android.sun.tattva, sendRet: true
2026-01-12 01:42:37.909  1401-1991  GameManagerService      system_server                        D  onLooperPrepared(), msg: { when=0 what=10010 obj=com.android.sun.tattva target=com.samsung.android.game.GameManagerService$FgCheckThread$1 }
2026-01-12 01:42:37.909  1401-1991  GameManagerService      system_server                        D  handleMessage(), received MSG_APP_CREATE of pkgName: com.android.sun.tattva
2026-01-12 01:42:37.910  1401-3927  MARsPolicyManager       system_server                        D  onPackageResumedFG pkgName = com.android.sun.tattva, userId = 0
2026-01-12 01:42:37.929  1401-1556  WindowManager           system_server                        D  makeSurface duration=1 name=Splash Screen com.android.sun.tattva
2026-01-12 01:42:37.935  1401-1555  GameSDK@LifeCycle       system_server                        D  onFocusedPackageChanged(): newPkgName: com.android.sun.tattva, newPid: 21156
2026-01-12 01:42:37.937  1401-1556  WindowManager           system_server                        D  finishDrawingWindow: Window{de95ec9 u0 Splash Screen com.android.sun.tattva} mDrawState=DRAW_PENDING
2026-01-12 01:42:37.937  1401-1553  CodecSolution           system_server                        D  isMaxAspectPackageEx: com.android.sun.tattva : true(2)
2026-01-12 01:42:37.939  1401-1937  PkgPredictorService     system_server                        D  com.android.sun.tattva go to foreground!
2026-01-12 01:42:37.939  1401-1937  PkgPredictorService     system_server                        D  previous pkgs: com.android.sun.tattva,com.android.sun.tattva,com.android.sun.tattva running pkg: com.android.sun.tattva, uid: 0 is system: false
2026-01-12 01:42:37.939  1401-1937  PkgPredict...-Collector system_server                        D  save record...
                                                                                                     (hour:1 day:2 previous:[com.android.sun.tattva, com.android.sun.tattva, com.android.sun.tattva] activityName:unknown running:com.android.sun.tattva userId:0 screenOrientation:0 wifi:1 bt:0 predictTime:1 apkVersion:2.03 consumeTime:-1 preloaded:false>)
2026-01-12 01:42:37.939  1401-1937  PkgPredict...Controller system_server                        D  User using: com.android.sun.tattva
2026-01-12 01:42:37.944  1401-1556  RemoteAnim...Controller system_server                        D  createAnimationAdapter(): token=AppWindowToken{eff9b4f token=Token{8f871ae ActivityRecord{1953a29 u0 com.android.sun.tattva/com.android.sun.MainActivity t36511}}}
2026-01-12 01:42:37.944  1401-1556  WindowManager           system_server                        D  makeSurface duration=1 leash=Surface(name=Surface(name=AppWindowToken{eff9b4f token=Token{8f871ae ActivityRecord{1953a29 u0 com.android.sun.tattva/com.android.sun.MainActivity t36511}}})/@0x4a59b18 - animation-leash)/@0xc548971
2026-01-12 01:42:37.945  1401-1556  RemoteAnim...Controller system_server                        D  	Add token=AppWindowToken{eff9b4f token=Token{8f871ae ActivityRecord{1953a29 u0 com.android.sun.tattva/com.android.sun.MainActivity t36511}}}
2026-01-12 01:42:37.953  1401-1555  GameManagerService      system_server                        D  identifyGamePackage. com.android.sun.tattva, mCurrentUserId: 0, callerUserId: 0
2026-01-12 01:42:37.953  1401-1555  GamePkgDataHelper       system_server                        D  getGamePkgData(). com.android.sun.tattva
2026-01-12 01:42:37.955  1401-5056  GamePkgDataHelper       system_server                        D  getSosPolicy(). com.android.sun.tattva
2026-01-12 01:42:37.957  1401-1555  GameManagerService      system_server                        D  noteResumeComponent(), received resumed-component: com.android.sun.tattva
2026-01-12 01:42:37.957  1401-1555  GamePkgDataHelper       system_server                        D  getSosPolicy(). com.android.sun.tattva
2026-01-12 01:42:37.957  1401-1991  GameManagerService      system_server                        D  onLooperPrepared(), msg: { when=0 what=10000 obj=ComponentInfo{com.android.sun.tattva/com.android.sun.MainActivity} target=com.samsung.android.game.GameManagerService$FgCheckThread$1 }
2026-01-12 01:42:37.957  1401-1991  GameManagerService      system_server                        D  notifyResumePause(). of pkg: com.android.sun.tattva, type: 4, isMinimized: false, isTunableApp: false
2026-01-12 01:42:37.958  1401-1555  GameManagerService      system_server                        D  identifyGamePackage. com.android.sun.tattva, mCurrentUserId: 0, callerUserId: 0
2026-01-12 01:42:37.958  1401-1555  GamePkgDataHelper       system_server                        D  getGamePkgData(). com.android.sun.tattva
2026-01-12 01:42:37.959  1401-1553  WindowManager           system_server                        D  setSystemUiVisibility: displayId=0, vis=0x8008, fullVis=0x0, dockVis=0x0, win=Window{de95ec9 u0 Splash Screen com.android.sun.tattva}
2026-01-12 01:42:38.001  1401-1567  ApplicationPolicy       system_server                        D  isStatusBarNotificationAllowedAsUser: packageName = com.android.sun.tattva,userId = 0
2026-01-12 01:42:38.002  1401-1567  ApplicationPolicy       system_server                        D  isStatusBarNotificationAllowedAsUser: packageName = com.android.sun.tattva,userId = 0
2026-01-12 01:42:38.049 21156-21445 SwissEphWrapper         usap64                               D  âœ… Swiss Ephemeris initialized at:  /data/user/0/com.android.sun.tattva/files/sweph/data
2026-01-12 01:42:38.068  1401-2120  MdnieScena...rolService system_server                        D   packageName : com.android.sun.tattva    className : com.android.sun.MainActivity
2026-01-12 01:42:38.083 21156-21156 SwissEphWrapper         usap64                               D  âœ… Swiss Ephemeris initialized at:  /data/user/0/com.android.sun.tattva/files/sweph/data
2026-01-12 01:42:38.111  2406-2406  Launcher.N...onListener com.sec.android.app.launcher         D  onNotificationPosted : com.android.sun.tattva number : 0 listener : null
2026-01-12 01:42:38.122 21156-21156 SwissEphWrapper         usap64                               D  âœ… Swiss Ephemeris initialized at:  /data/user/0/com.android.sun.tattva/files/sweph/data
2026-01-12 01:42:38.208  1401-2332  WindowManager           system_server                        D  makeSurface duration=1 name=com.android.sun.tattva/com.android.sun.MainActivity$_21156
2026-01-12 01:42:38.210  1401-1553  WindowManager           system_server                        D  setSystemUiVisibility: displayId=0, vis=0x8708, fullVis=0x0, dockVis=0x0, win=Window{a89b0e1 u0 com.android.sun.tattva/com.android.sun.MainActivity}
2026-01-12 01:42:38.249  1401-1567  ApplicationPolicy       system_server                        D  isStatusBarNotificationAllowedAsUser: packageName = com.android.sun.tattva,userId = 0
2026-01-12 01:42:38.249  1401-1567  ApplicationPolicy       system_server                        D  isStatusBarNotificationAllowedAsUser: packageName = com.android.sun.tattva,userId = 0
2026-01-12 01:42:38.253  1401-5056  ApplicationPolicy       system_server                        D  isStatusBarNotificationAllowedAsUser: packageName = com.android.sun.tattva,userId = 0
2026-01-12 01:42:38.253  1401-5056  ApplicationPolicy       system_server                        D  isStatusBarNotificationAllowedAsUser: packageName = com.android.sun.tattva,userId = 0
2026-01-12 01:42:38.262  1401-5056  WindowManager           system_server                        D  finishDrawingWindow: Window{a89b0e1 u0 com.android.sun.tattva/com.android.sun.MainActivity} mDrawState=DRAW_PENDING
2026-01-12 01:42:38.265  1401-1556  PkgPredictorService     system_server                        D  pkg:com.android.sun.tattva activity:com.android.sun.MainActivity thisTime:378
2026-01-12 01:42:38.269  1401-1556  WindowManager           system_server                        D  makeSurface duration=1 leash=Surface(name=Surface(name=de95ec9 Splash Screen com.android.sun.tattva)/@0x2cf9451 - animation-leash)/@0x93904b6
2026-01-12 01:42:38.292  1401-5056  RemoteAnim...Controller system_server                        D  	AppWindowToken{eff9b4f token=Token{8f871ae ActivityRecord{1953a29 u0 com.android.sun.tattva/com.android.sun.MainActivity t36511}}}
2026-01-12 01:42:38.304   933-933   Layer                   surfaceflinger                       E  [Surface(name=AppWindowToken{eff9b4f token=Token{8f871ae ActivityRecord{1953a29 u0 com.android.sun.tattva/com.android.sun.MainActivity t36511}}})/@0x4a59b18 - animation-leash#0] No local sync point found, barrierLayer : [com.sec.android.app.launcher/com.sec.android.app.launcher.activities.LauncherActivity$_2406#0]
2026-01-12 01:42:38.338  1401-1556  WindowManager           system_server                        E  win=Window{de95ec9 u0 Splash Screen com.android.sun.tattva EXITING} destroySurfaces: appStopped=false win.mWindowRemovalAllowed=true win.mRemoveOnExit=true win.mViewVisibility=0 caller=com.android.server.wm.AppWindowToken.destroySurfaces:1249 com.android.server.wm.AppWindowToken.destroySurfaces:1230 com.android.server.wm.WindowState.onExitAnimationDone:5189 com.android.server.wm.WindowStateAnimator.onAnimationFinished:320 com.android.server.wm.WindowState.onAnimationFinished:5630 com.android.server.wm.-$$Lambda$yVRF8YoeNdTa8GR1wDStVsHu8xM.run:2 com.android.server.wm.SurfaceAnimator.lambda$getFinishedCallback$0$SurfaceAnimator:100 
2026-01-12 01:42:38.353  2406-2406  Launcher.N...onListener com.sec.android.app.launcher         D  onNotificationPosted : com.android.sun.tattva number : 0 listener : null
2026-01-12 01:42:38.359  2406-2406  Launcher.N...onListener com.sec.android.app.launcher         D  onNotificationPosted : com.android.sun.tattva number : 0 listener : null
2026-01-12 01:42:38.472  1401-1553  CodecSolution           system_server                        D  isMaxAspectPackageEx: com.android.sun.tattva : true(2)
2026-01-12 01:42:38.602  1401-2120  MdnieScena...rolService system_server                        D   packageName : com.android.sun.tattva    className : com.android.sun.MainActivity
2026-01-12 01:42:39.075  1401-8965  GameManagerService      system_server                        D  identifyGamePackage. com.android.sun.tattva, mCurrentUserId: 0, callerUserId: 0
2026-01-12 01:42:39.075  1401-8965  GamePkgDataHelper       system_server                        D  getGamePkgData(). com.android.sun.tattva
2026-01-12 01:42:40.705  1401-1555  GameManagerService      system_server                        D  notePauseComponent(), received paused-component: com.android.sun.tattva
2026-01-12 01:42:40.753  1401-1556  RemoteAnim...Controller system_server                        D  createAnimationAdapter(): token=AppWindowToken{eff9b4f token=Token{8f871ae ActivityRecord{1953a29 u0 com.android.sun.tattva/com.android.sun.MainActivity t36511}}}
2026-01-12 01:42:40.754  1401-1556  WindowManager           system_server                        D  makeSurface duration=0 leash=Surface(name=Surface(name=AppWindowToken{eff9b4f token=Token{8f871ae ActivityRecord{1953a29 u0 com.android.sun.tattva/com.android.sun.MainActivity t36511}}})/@0x4a59b18 - animation-leash)/@0xf5d7cd4
2026-01-12 01:42:40.758  1401-1556  RemoteAnim...Controller system_server                        D  	Add token=AppWindowToken{eff9b4f token=Token{8f871ae ActivityRecord{1953a29 u0 com.android.sun.tattva/com.android.sun.MainActivity t36511}}}
2026-01-12 01:42:41.070  1401-5053  RemoteAnim...Controller system_server                        D  	AppWindowToken{eff9b4f token=Token{8f871ae ActivityRecord{1953a29 u0 com.android.sun.tattva/com.android.sun.MainActivity t36511}}}
2026-01-12 01:42:41.088   933-933   Layer                   surfaceflinger                       E  [Surface(name=AppWindowToken{eff9b4f token=Token{8f871ae ActivityRecord{1953a29 u0 com.android.sun.tattva/com.android.sun.MainActivity t36511}}})/@0x4a59b18 - animation-leash#0] No local sync point found, barrierLayer : [com.sec.android.app.launcher/com.sec.android.app.launcher.activities.LauncherActivity$_2406#0]
2026-01-12 01:42:41.088   933-933   Layer                   surfaceflinger                       E  [Surface(name=AppWindowToken{eff9b4f token=Token{8f871ae ActivityRecord{1953a29 u0 com.android.sun.tattva/com.android.sun.MainActivity t36511}}})/@0x4a59b18 - animation-leash#0] No local sync point found, barrierLayer : [com.sec.android.app.launcher/com.sec.android.app.launcher.activities.LauncherActivity$_2406#0]
2026-01-12 01:42:41.104  1401-5053  WindowManager           system_server                        E  win=Window{a89b0e1 u0 com.android.sun.tattva/com.android.sun.MainActivity} destroySurfaces: appStopped=true win.mWindowRemovalAllowed=false win.mRemoveOnExit=false win.mViewVisibility=8 caller=com.android.server.wm.AppWindowToken.destroySurfaces:1249 com.android.server.wm.AppWindowToken.destroySurfaces:1230 com.android.server.wm.AppWindowToken.notifyAppStopped:1285 com.android.server.wm.ActivityRecord.activityStoppedLocked:2776 com.android.server.wm.ActivityTaskManagerService.activityStopped:2512 android.app.IActivityTaskManager$Stub.onTransact:2280 android.os.Binder.execTransactInternal:1056 
