2026-01-12 04:47:21.049  1401-1555  GameManagerService      system_server                        D  notePauseComponent(), received paused-component: com.android.sun.tattva
2026-01-12 04:47:21.088  1401-1556  RemoteAnim...Controller system_server                        D  createAnimationAdapter(): token=AppWindowToken{1b2ca2d token=Token{81db944 ActivityRecord{3672a57 u0 com.android.sun.tattva/com.android.sun.MainActivity t36542}}}
2026-01-12 04:47:21.090  1401-1556  WindowManager           system_server                        D  makeSurface duration=2 leash=Surface(name=Surface(name=AppWindowToken{1b2ca2d token=Token{81db944 ActivityRecord{3672a57 u0 com.android.sun.tattva/com.android.sun.MainActivity t36542}}})/@0x8513460 - animation-leash)/@0x86f27de
2026-01-12 04:47:21.096  1401-1556  RemoteAnim...Controller system_server                        D  	Add token=AppWindowToken{1b2ca2d token=Token{81db944 ActivityRecord{3672a57 u0 com.android.sun.tattva/com.android.sun.MainActivity t36542}}}
2026-01-12 04:47:21.423  1401-5056  RemoteAnim...Controller system_server                        D  	AppWindowToken{1b2ca2d token=Token{81db944 ActivityRecord{3672a57 u0 com.android.sun.tattva/com.android.sun.MainActivity t36542}}}
2026-01-12 04:47:21.438   933-933   Layer                   surfaceflinger                       E  [Surface(name=AppWindowToken{1b2ca2d token=Token{81db944 ActivityRecord{3672a57 u0 com.android.sun.tattva/com.android.sun.MainActivity t36542}}})/@0x8513460 - animation-leash#0] No local sync point found, barrierLayer : [com.sec.android.app.launcher/com.sec.android.app.launcher.activities.LauncherActivity$_2406#0]
2026-01-12 04:47:21.456  1401-5057  WindowManager           system_server                        E  win=Window{467adea u0 com.android.sun.tattva/com.android.sun.MainActivity} destroySurfaces: appStopped=true win.mWindowRemovalAllowed=false win.mRemoveOnExit=false win.mViewVisibility=8 caller=com.android.server.wm.AppWindowToken.destroySurfaces:1249 com.android.server.wm.AppWindowToken.destroySurfaces:1230 com.android.server.wm.AppWindowToken.notifyAppStopped:1285 com.android.server.wm.ActivityRecord.activityStoppedLocked:2776 com.android.server.wm.ActivityTaskManagerService.activityStopped:2512 android.app.IActivityTaskManager$Stub.onTransact:2280 android.os.Binder.execTransactInternal:1056 
2026-01-12 04:47:31.038  9423-11137 SwissEphWrapper         usap64                               D  ✅ Swiss Ephemeris initialized at:  /data/user/0/com.android.sun.tattva/files/sweph/data
2026-01-12 04:47:31.123  1401-5056  ApplicationPolicy       system_server                        D  isStatusBarNotificationAllowedAsUser: packageName = com.android.sun.tattva,userId = 0
2026-01-12 04:47:31.125  1401-1567  ApplicationPolicy       system_server                        D  isStatusBarNotificationAllowedAsUser: packageName = com.android.sun.tattva,userId = 0
2026-01-12 04:47:31.125  1401-1567  ApplicationPolicy       system_server                        D  isStatusBarNotificationAllowedAsUser: packageName = com.android.sun.tattva,userId = 0
2026-01-12 04:47:31.126  1401-5056  ApplicationPolicy       system_server                        D  isStatusBarNotificationAllowedAsUser: packageName = com.android.sun.tattva,userId = 0
2026-01-12 04:47:31.249  2406-2406  Launcher.N...onListener com.sec.android.app.launcher         D  onNotificationPosted : com.android.sun.tattva number : 0 listener : null
2026-01-12 04:47:31.251  2406-2406  Launcher.N...onListener com.sec.android.app.launcher         D  onNotificationPosted : com.android.sun.tattva number : 0 listener : null
2026-01-12 04:47:39.924  1401-1555  GameManagerService      system_server                        D  getForegroundPair(), state=0, bounds=[0,0][1080,2220], displayId=0, userId=0, taskName=com.android.sun.tattva/com.android.sun.MainActivity
2026-01-12 04:47:39.924  1401-1555  GameManagerService      system_server                        D  MultiWindowEventListener.onFocusedStackChanged(), pkgName: com.android.sun.tattva, clsName: com.android.sun.MainActivity, fgActivityName:com.android.sun.tattva/com.android.sun.MainActivity, userID:0
2026-01-12 04:47:39.925  1401-1555  GameSDK@LifeCycle       system_server                        D  onFocusedStackChanged(): focusedStackInfo: Stack id=216 bounds=[0,0][1080,2220] displayId=0 userId=0
                                                                                                     configuration={1.3 226mcc5mnc [en_US] ldltr sw411dp w411dp h773dp 420dpi nrml long port finger -keyb/v/h -nav/h winConfig={ mBounds=Rect(0, 0 - 1080, 2220) mAppBounds=Rect(0, 0 - 1080, 2094) mWindowingMode=fullscreen mDisplayWindowingMode=fullscreen mActivityType=standard mAlwaysOnTop=undefined mRotation=ROTATION_0} s.299 desktop/d ?dc bts=0 ff=0 bf=0 themeSeq=0}
                                                                                                      taskId=36542: com.android.sun.tattva/com.android.sun.MainActivity bounds=[0,0][1080,2220] userId=0 visible=true topActivity=ComponentInfo{com.android.sun.tattva/com.android.sun.MainActivity}
2026-01-12 04:47:39.931  1401-5057  MARsPolicyManager       system_server                        D  onPackageResumedFG pkgName = com.android.sun.tattva, userId = 0
2026-01-12 04:47:39.948  1401-1555  GameSDK@LifeCycle       system_server                        D  onFocusedPackageChanged(): newPkgName: com.android.sun.tattva, newPid: 9423
2026-01-12 04:47:39.958  1401-1556  RemoteAnim...Controller system_server                        D  createAnimationAdapter(): token=AppWindowToken{1b2ca2d token=Token{81db944 ActivityRecord{3672a57 u0 com.android.sun.tattva/com.android.sun.MainActivity t36542}}}
2026-01-12 04:47:39.958  1401-1556  WindowManager           system_server                        D  makeSurface duration=1 leash=Surface(name=Surface(name=AppWindowToken{1b2ca2d token=Token{81db944 ActivityRecord{3672a57 u0 com.android.sun.tattva/com.android.sun.MainActivity t36542}}})/@0x8513460 - animation-leash)/@0x7d461b
2026-01-12 04:47:39.960  1401-1556  RemoteAnim...Controller system_server                        D  	Add token=AppWindowToken{1b2ca2d token=Token{81db944 ActivityRecord{3672a57 u0 com.android.sun.tattva/com.android.sun.MainActivity t36542}}}
2026-01-12 04:47:39.969  1401-2111  WindowManager           system_server                        D  makeSurface duration=2 name=com.android.sun.tattva/com.android.sun.MainActivity$_9423
2026-01-12 04:47:39.985  1401-3715  GamePkgDataHelper       system_server                        D  getSosPolicy(). com.android.sun.tattva
2026-01-12 04:47:39.991  1401-1555  GameManagerService      system_server                        D  identifyGamePackage. com.android.sun.tattva, mCurrentUserId: 0, callerUserId: 0
2026-01-12 04:47:39.991  1401-1555  GamePkgDataHelper       system_server                        D  getGamePkgData(). com.android.sun.tattva
2026-01-12 04:47:39.998  1401-1555  GameManagerService      system_server                        D  noteResumeComponent(), received resumed-component: com.android.sun.tattva
2026-01-12 04:47:39.998  1401-1991  GameManagerService      system_server                        D  onLooperPrepared(), msg: { when=0 what=10000 obj=ComponentInfo{com.android.sun.tattva/com.android.sun.MainActivity} target=com.samsung.android.game.GameManagerService$FgCheckThread$1 }
2026-01-12 04:47:39.998  1401-1991  GameManagerService      system_server                        D  notifyResumePause(). of pkg: com.android.sun.tattva, type: 4, isMinimized: false, isTunableApp: false
2026-01-12 04:47:39.999  1401-1555  GamePkgDataHelper       system_server                        D  getSosPolicy(). com.android.sun.tattva
2026-01-12 04:47:39.999  1401-1555  GameManagerService      system_server                        D  identifyGamePackage. com.android.sun.tattva, mCurrentUserId: 0, callerUserId: 0
2026-01-12 04:47:39.999  1401-1555  GamePkgDataHelper       system_server                        D  getGamePkgData(). com.android.sun.tattva
2026-01-12 04:47:40.001  1401-1553  CodecSolution           system_server                        D  isMaxAspectPackageEx: com.android.sun.tattva : true(2)
2026-01-12 04:47:40.002  1401-1937  PkgPredictorService     system_server                        D  com.android.sun.tattva go to foreground!
2026-01-12 04:47:40.002  1401-1937  PkgPredictorService     system_server                        D  previous pkgs: com.android.sun.tattva,com.android.sun.tattva,com.android.sun.tattva running pkg: com.android.sun.tattva, uid: 0 is system: false
2026-01-12 04:47:40.002  1401-1937  PkgPredict...-Collector system_server                        D  save record...
                                                                                                     (hour:4 day:2 previous:[com.android.sun.tattva, com.android.sun.tattva, com.android.sun.tattva] activityName:unknown running:com.android.sun.tattva userId:0 screenOrientation:0 wifi:1 bt:0 predictTime:0 apkVersion:2.03 consumeTime:-1 preloaded:false>)
2026-01-12 04:47:40.002  1401-1937  PkgPredict...Controller system_server                        D  User using: com.android.sun.tattva
2026-01-12 04:47:40.015  1401-5056  WindowManager           system_server                        D  finishDrawingWindow: Window{467adea u0 com.android.sun.tattva/com.android.sun.MainActivity} mDrawState=DRAW_PENDING
2026-01-12 04:47:40.018  1401-1556  PkgPredictorService     system_server                        D  pkg:com.android.sun.tattva activity:com.android.sun.MainActivity thisTime:103
2026-01-12 04:47:40.131  1401-2120  MdnieScena...rolService system_server                        D   packageName : com.android.sun.tattva    className : com.android.sun.MainActivity
2026-01-12 04:47:40.321  1401-3715  RemoteAnim...Controller system_server                        D  	AppWindowToken{1b2ca2d token=Token{81db944 ActivityRecord{3672a57 u0 com.android.sun.tattva/com.android.sun.MainActivity t36542}}}
2026-01-12 04:47:40.335   933-933   Layer                   surfaceflinger                       E  [Surface(name=AppWindowToken{1b2ca2d token=Token{81db944 ActivityRecord{3672a57 u0 com.android.sun.tattva/com.android.sun.MainActivity t36542}}})/@0x8513460 - animation-leash#0] No local sync point found, barrierLayer : [com.sec.android.app.launcher/com.sec.android.app.launcher.activities.LauncherActivity$_2406#0]
2026-01-12 04:47:40.358  1401-1553  CodecSolution           system_server                        D  isMaxAspectPackageEx: com.android.sun.tattva : true(2)
2026-01-12 04:47:40.487  1401-2120  MdnieScena...rolService system_server                        D   packageName : com.android.sun.tattva    className : com.android.sun.MainActivity
2026-01-12 04:47:43.292  2406-3677  Recommende...msProvider com.sec.android.app.launcher         D  <RecentApps> : (3) [{com.android.sun.tattva/com.android.sun.MainActivity} / UserHandle{0}, {org.telegram.messenger/org.telegram.messenger.DefaultIcon} / UserHandle{0}, {com.android.settings/com.android.settings.Settings} / UserHandle{0}]
2026-01-12 04:47:43.292  2406-3677  Recommende...msProvider com.sec.android.app.launcher         D  <Excludings> : (3) [{org.telegram.messenger/org.telegram.messenger.DefaultIcon} / UserHandle{0}, {com.android.sun.tattva/com.android.sun.MainActivity} / UserHandle{0}, {com.android.settings/com.android.settings.Settings} / UserHandle{0}]
2026-01-12 04:47:43.293  1401-1555  GameManagerService      system_server                        D  notePauseComponent(), received paused-component: com.android.sun.tattva
2026-01-12 04:47:43.342  1401-1556  RemoteAnim...Controller system_server                        D  createAnimationAdapter(): token=AppWindowToken{1b2ca2d token=Token{81db944 ActivityRecord{3672a57 u0 com.android.sun.tattva/com.android.sun.MainActivity t36542}}}
2026-01-12 04:47:43.343  1401-1556  WindowManager           system_server                        D  makeSurface duration=0 leash=Surface(name=Surface(name=AppWindowToken{1b2ca2d token=Token{81db944 ActivityRecord{3672a57 u0 com.android.sun.tattva/com.android.sun.MainActivity t36542}}})/@0x8513460 - animation-leash)/@0xc0c85e
2026-01-12 04:47:43.346  1401-1556  RemoteAnim...Controller system_server                        D  	Add token=AppWindowToken{1b2ca2d token=Token{81db944 ActivityRecord{3672a57 u0 com.android.sun.tattva/com.android.sun.MainActivity t36542}}}
2026-01-12 04:47:43.752  1401-5057  RemoteAnim...Controller system_server                        D  	AppWindowToken{1b2ca2d token=Token{81db944 ActivityRecord{3672a57 u0 com.android.sun.tattva/com.android.sun.MainActivity t36542}}}
2026-01-12 04:47:43.768   933-933   Layer                   surfaceflinger                       E  [Surface(name=AppWindowToken{1b2ca2d token=Token{81db944 ActivityRecord{3672a57 u0 com.android.sun.tattva/com.android.sun.MainActivity t36542}}})/@0x8513460 - animation-leash#0] No local sync point found, barrierLayer : [com.sec.android.app.launcher/com.sec.android.app.launcher.activities.LauncherActivity$_2406#0]
2026-01-12 04:47:43.818  1401-2111  WindowManager           system_server                        E  win=Window{467adea u0 com.android.sun.tattva/com.android.sun.MainActivity} destroySurfaces: appStopped=true win.mWindowRemovalAllowed=false win.mRemoveOnExit=false win.mViewVisibility=8 caller=com.android.server.wm.AppWindowToken.destroySurfaces:1249 com.android.server.wm.AppWindowToken.destroySurfaces:1230 com.android.server.wm.AppWindowToken.notifyAppStopped:1285 com.android.server.wm.ActivityRecord.activityStoppedLocked:2776 com.android.server.wm.ActivityTaskManagerService.activityStopped:2512 android.app.IActivityTaskManager$Stub.onTransact:2280 android.os.Binder.execTransactInternal:1056 
2026-01-12 04:48:01.246  9423-11137 SwissEphWrapper         usap64                               D  ✅ Swiss Ephemeris initialized at:  /data/user/0/com.android.sun.tattva/files/sweph/data
2026-01-12 04:48:01.308  1401-1567  ApplicationPolicy       system_server                        D  isStatusBarNotificationAllowedAsUser: packageName = com.android.sun.tattva,userId = 0
2026-01-12 04:48:01.308  1401-5056  ApplicationPolicy       system_server                        D  isStatusBarNotificationAllowedAsUser: packageName = com.android.sun.tattva,userId = 0
2026-01-12 04:48:01.309  1401-1567  ApplicationPolicy       system_server                        D  isStatusBarNotificationAllowedAsUser: packageName = com.android.sun.tattva,userId = 0
2026-01-12 04:48:01.309  1401-5056  ApplicationPolicy       system_server                        D  isStatusBarNotificationAllowedAsUser: packageName = com.android.sun.tattva,userId = 0
2026-01-12 04:48:01.433  2406-2406  Launcher.N...onListener com.sec.android.app.launcher         D  onNotificationPosted : com.android.sun.tattva number : 0 listener : null
2026-01-12 04:48:01.439  2406-2406  Launcher.N...onListener com.sec.android.app.launcher         D  onNotificationPosted : com.android.sun.tattva number : 0 listener : null
2026-01-12 04:48:08.560  1401-1556  PhoneWindow             system_server                        D  forceLight changed to true [Splash Screen com.android.sun.tattva] from com.android.internal.policy.PhoneWindow.updateForceLightNavigationBar:4274 com.android.internal.policy.DecorView.updateColorViews:1547 com.android.internal.policy.PhoneWindow.dispatchWindowAttributesChanged:3252 android.view.Window.setFlags:1153 com.android.internal.policy.PhoneWindow.generateLayout:2474 
2026-01-12 04:48:08.560  1401-1556  PhoneWindow             system_server                        D  forceLight changed to false [Splash Screen com.android.sun.tattva] from com.android.internal.policy.PhoneWindow.updateForceLightNavigationBar:4280 com.android.internal.policy.DecorView.updateColorViews:1547 com.android.internal.policy.PhoneWindow.dispatchWindowAttributesChanged:3252 android.view.Window.setFlags:1153 com.android.internal.policy.PhoneWindow.generateLayout:2620 
2026-01-12 04:48:08.568  1401-3715  GamePkgDataHelper       system_server                        D  notifyAppCreate(), pkgName: com.android.sun.tattva, sendRet: true
2026-01-12 04:48:08.569  1401-3715  MARsPolicyManager       system_server                        D  onPackageResumedFG pkgName = com.android.sun.tattva, userId = 0
2026-01-12 04:48:08.571  1401-1991  GameManagerService      system_server                        D  onLooperPrepared(), msg: { when=-4ms what=10010 obj=com.android.sun.tattva target=com.samsung.android.game.GameManagerService$FgCheckThread$1 }
2026-01-12 04:48:08.571  1401-1991  GameManagerService      system_server                        D  handleMessage(), received MSG_APP_CREATE of pkgName: com.android.sun.tattva
2026-01-12 04:48:08.595  1401-1556  WindowManager           system_server                        D  makeSurface duration=1 name=Splash Screen com.android.sun.tattva
2026-01-12 04:48:08.608  1401-1555  GameManagerService      system_server                        D  getForegroundPair(), state=0, bounds=[0,0][1080,2220], displayId=0, userId=0, taskName=com.android.sun.tattva/com.android.sun.MainActivity
2026-01-12 04:48:08.608  1401-1555  GameManagerService      system_server                        D  MultiWindowEventListener.onFocusedStackChanged(), pkgName: com.android.sun.tattva, clsName: com.android.sun.MainActivity, fgActivityName:com.android.sun.tattva/com.android.sun.MainActivity, userID:0
2026-01-12 04:48:08.609  1401-1991  GameManagerService      system_server                        D  onLooperPrepared(), msg: { when=0 what=10000 obj=ComponentInfo{com.android.sun.tattva/com.android.sun.MainActivity} target=com.samsung.android.game.GameManagerService$FgCheckThread$1 }
2026-01-12 04:48:08.609  1401-1991  GameManagerService      system_server                        D  notifyResumePause(). of pkg: com.android.sun.tattva, type: 4, isMinimized: false, isTunableApp: false
2026-01-12 04:48:08.614  1401-1556  WindowManager           system_server                        D  finishDrawingWindow: Window{3599bdc u0 Splash Screen com.android.sun.tattva} mDrawState=DRAW_PENDING
2026-01-12 04:48:08.618  1401-1555  GameSDK@LifeCycle       system_server                        D  onFocusedStackChanged(): focusedStackInfo: Stack id=217 bounds=[0,0][1080,2220] displayId=0 userId=0
                                                                                                     configuration={1.3 226mcc5mnc [en_US] ldltr sw411dp w411dp h773dp 420dpi nrml long port finger -keyb/v/h -nav/h winConfig={ mBounds=Rect(0, 0 - 1080, 2220) mAppBounds=Rect(0, 0 - 1080, 2094) mWindowingMode=fullscreen mDisplayWindowingMode=fullscreen mActivityType=standard mAlwaysOnTop=undefined mRotation=ROTATION_0} s.299 desktop/d ?dc bts=0 ff=0 bf=0 themeSeq=0}
                                                                                                      taskId=36543: com.android.sun.tattva/com.android.sun.MainActivity bounds=[0,0][1080,2220] userId=0 visible=true topActivity=ComponentInfo{com.android.sun.tattva/com.android.sun.MainActivity}
2026-01-12 04:48:08.624  1401-1556  RemoteAnim...Controller system_server                        D  createAnimationAdapter(): token=AppWindowToken{706ebbf token=Token{ba1fdde ActivityRecord{d99919 u0 com.android.sun.tattva/com.android.sun.MainActivity t36543}}}
2026-01-12 04:48:08.625  1401-1556  WindowManager           system_server                        D  makeSurface duration=1 leash=Surface(name=Surface(name=AppWindowToken{706ebbf token=Token{ba1fdde ActivityRecord{d99919 u0 com.android.sun.tattva/com.android.sun.MainActivity t36543}}})/@0xa08383c - animation-leash)/@0x10a69c5
2026-01-12 04:48:08.627  1401-1556  RemoteAnim...Controller system_server                        D  	Add token=AppWindowToken{706ebbf token=Token{ba1fdde ActivityRecord{d99919 u0 com.android.sun.tattva/com.android.sun.MainActivity t36543}}}
2026-01-12 04:48:08.641  1401-1553  CodecSolution           system_server                        D  isMaxAspectPackageEx: com.android.sun.tattva : true(2)
2026-01-12 04:48:08.643  1401-1937  PkgPredictorService     system_server                        D  com.android.sun.tattva go to foreground!
2026-01-12 04:48:08.643  1401-1937  PkgPredictorService     system_server                        D  previous pkgs: com.android.sun.tattva,com.android.sun.tattva,com.android.sun.tattva running pkg: com.android.sun.tattva, uid: 0 is system: false
2026-01-12 04:48:08.643  1401-1937  PkgPredict...-Collector system_server                        D  save record...
                                                                                                     (hour:4 day:2 previous:[com.android.sun.tattva, com.android.sun.tattva, com.android.sun.tattva] activityName:unknown running:com.android.sun.tattva userId:0 screenOrientation:0 wifi:1 bt:0 predictTime:1 apkVersion:2.03 consumeTime:-1 preloaded:false>)
2026-01-12 04:48:08.643  1401-1937  PkgPredict...Controller system_server                        D  User using: com.android.sun.tattva
2026-01-12 04:48:08.644  1401-1555  GameSDK@LifeCycle       system_server                        D  onFocusedPackageChanged(): newPkgName: com.android.sun.tattva, newPid: 9423
2026-01-12 04:48:08.644  1401-1556  WindowManager           system_server                        D  finishDrawingWindow: Window{3599bdc u0 Splash Screen com.android.sun.tattva} mDrawState=HAS_DRAWN
2026-01-12 04:48:08.679  1401-1553  WindowManager           system_server                        D  setSystemUiVisibility: displayId=0, vis=0x8008, fullVis=0x0, dockVis=0x0, win=Window{3599bdc u0 Splash Screen com.android.sun.tattva}
2026-01-12 04:48:08.683  1401-1567  ApplicationPolicy       system_server                        D  isStatusBarNotificationAllowedAsUser: packageName = com.android.sun.tattva,userId = 0
2026-01-12 04:48:08.684  1401-5057  GamePkgDataHelper       system_server                        D  getSosPolicy(). com.android.sun.tattva
2026-01-12 04:48:08.689  1401-1567  ApplicationPolicy       system_server                        D  isStatusBarNotificationAllowedAsUser: packageName = com.android.sun.tattva,userId = 0
2026-01-12 04:48:08.698  1401-1555  GameManagerService      system_server                        D  identifyGamePackage. com.android.sun.tattva, mCurrentUserId: 0, callerUserId: 0
2026-01-12 04:48:08.698  1401-1555  GamePkgDataHelper       system_server                        D  getGamePkgData(). com.android.sun.tattva
2026-01-12 04:48:08.704  1401-1555  GameManagerService      system_server                        D  noteResumeComponent(), received resumed-component: com.android.sun.tattva
2026-01-12 04:48:08.704  1401-1555  GamePkgDataHelper       system_server                        D  getSosPolicy(). com.android.sun.tattva
2026-01-12 04:48:08.704  1401-1991  GameManagerService      system_server                        D  onLooperPrepared(), msg: { when=0 what=10000 obj=ComponentInfo{com.android.sun.tattva/com.android.sun.MainActivity} target=com.samsung.android.game.GameManagerService$FgCheckThread$1 }
2026-01-12 04:48:08.704  1401-1991  GameManagerService      system_server                        D  notifyResumePause(). of pkg: com.android.sun.tattva, type: 4, isMinimized: false, isTunableApp: false
2026-01-12 04:48:08.705  1401-1555  GameManagerService      system_server                        D  identifyGamePackage. com.android.sun.tattva, mCurrentUserId: 0, callerUserId: 0
2026-01-12 04:48:08.705  1401-1555  GamePkgDataHelper       system_server                        D  getGamePkgData(). com.android.sun.tattva
2026-01-12 04:48:08.770  1401-2120  MdnieScena...rolService system_server                        D   packageName : com.android.sun.tattva    className : com.android.sun.MainActivity
2026-01-12 04:48:08.793  9423-10987 SwissEphWrapper         usap64                               D  ✅ Swiss Ephemeris initialized at:  /data/user/0/com.android.sun.tattva/files/sweph/data
2026-01-12 04:48:08.834  1401-1567  ApplicationPolicy       system_server                        D  isStatusBarNotificationAllowedAsUser: packageName = com.android.sun.tattva,userId = 0
2026-01-12 04:48:08.835  1401-5056  ApplicationPolicy       system_server                        D  isStatusBarNotificationAllowedAsUser: packageName = com.android.sun.tattva,userId = 0
2026-01-12 04:48:08.835  1401-5056  ApplicationPolicy       system_server                        D  isStatusBarNotificationAllowedAsUser: packageName = com.android.sun.tattva,userId = 0
2026-01-12 04:48:08.836  1401-1567  ApplicationPolicy       system_server                        D  isStatusBarNotificationAllowedAsUser: packageName = com.android.sun.tattva,userId = 0
2026-01-12 04:48:08.839  2406-2406  Launcher.N...onListener com.sec.android.app.launcher         D  onNotificationPosted : com.android.sun.tattva number : 0 listener : null
2026-01-12 04:48:08.890  9423-9423  SwissEphWrapper         usap64                               D  ✅ Swiss Ephemeris initialized at:  /data/user/0/com.android.sun.tattva/files/sweph/data
2026-01-12 04:48:08.944  2406-2406  Launcher.N...onListener com.sec.android.app.launcher         D  onNotificationPosted : com.android.sun.tattva number : 0 listener : null
2026-01-12 04:48:08.944  2406-2406  Launcher.N...onListener com.sec.android.app.launcher         D  onNotificationPosted : com.android.sun.tattva number : 0 listener : null
2026-01-12 04:48:08.981  1401-3715  RemoteAnim...Controller system_server                        D  	AppWindowToken{706ebbf token=Token{ba1fdde ActivityRecord{d99919 u0 com.android.sun.tattva/com.android.sun.MainActivity t36543}}}
2026-01-12 04:48:08.998   933-933   Layer                   surfaceflinger                       E  [Surface(name=AppWindowToken{706ebbf token=Token{ba1fdde ActivityRecord{d99919 u0 com.android.sun.tattva/com.android.sun.MainActivity t36543}}})/@0xa08383c - animation-leash#0] No local sync point found, barrierLayer : [com.sec.android.app.launcher/com.sec.android.app.launcher.activities.LauncherActivity$_2406#0]
2026-01-12 04:48:08.998   933-933   Layer                   surfaceflinger                       E  [Surface(name=AppWindowToken{706ebbf token=Token{ba1fdde ActivityRecord{d99919 u0 com.android.sun.tattva/com.android.sun.MainActivity t36543}}})/@0xa08383c - animation-leash#0] No local sync point found, barrierLayer : [com.sec.android.app.launcher/com.sec.android.app.launcher.activities.LauncherActivity$_2406#0]
2026-01-12 04:48:09.001  9423-9423  SwissEphWrapper         usap64                               D  ✅ Swiss Ephemeris initialized at:  /data/user/0/com.android.sun.tattva/files/sweph/data
2026-01-12 04:48:09.015  1401-3715  WindowManager           system_server                        D  makeSurface duration=2 name=com.android.sun.tattva/com.android.sun.MainActivity$_9423
2026-01-12 04:48:09.016  1401-1553  WindowManager           system_server                        D  setSystemUiVisibility: displayId=0, vis=0xa708, fullVis=0x0, dockVis=0x0, win=Window{6ca32e6 u0 com.android.sun.tattva/com.android.sun.MainActivity}
2026-01-12 04:48:09.024  1401-5056  WindowManager           system_server                        D  finishDrawingWindow: Window{6ca32e6 u0 com.android.sun.tattva/com.android.sun.MainActivity} mDrawState=DRAW_PENDING
2026-01-12 04:48:09.028  1401-1556  PkgPredictorService     system_server                        D  pkg:com.android.sun.tattva activity:com.android.sun.MainActivity thisTime:485
2026-01-12 04:48:09.049  1401-1556  WindowManager           system_server                        D  makeSurface duration=1 leash=Surface(name=Surface(name=3599bdc Splash Screen com.android.sun.tattva)/@0xb34982e - animation-leash)/@0xd56ffcf
2026-01-12 04:48:09.105  1401-1553  CodecSolution           system_server                        D  isMaxAspectPackageEx: com.android.sun.tattva : true(2)
2026-01-12 04:48:09.116  1401-1556  WindowManager           system_server                        E  win=Window{3599bdc u0 Splash Screen com.android.sun.tattva EXITING} destroySurfaces: appStopped=false win.mWindowRemovalAllowed=true win.mRemoveOnExit=true win.mViewVisibility=0 caller=com.android.server.wm.AppWindowToken.destroySurfaces:1249 com.android.server.wm.AppWindowToken.destroySurfaces:1230 com.android.server.wm.WindowState.onExitAnimationDone:5189 com.android.server.wm.WindowStateAnimator.onAnimationFinished:320 com.android.server.wm.WindowState.onAnimationFinished:5630 com.android.server.wm.-$$Lambda$yVRF8YoeNdTa8GR1wDStVsHu8xM.run:2 com.android.server.wm.SurfaceAnimator.lambda$getFinishedCallback$0$SurfaceAnimator:100 
2026-01-12 04:48:09.117  1401-1553  WindowManager           system_server                        D  setSystemUiVisibility: displayId=0, vis=0xa718, fullVis=0x2000, dockVis=0x0, win=Window{6ca32e6 u0 com.android.sun.tattva/com.android.sun.MainActivity}
2026-01-12 04:48:09.234  1401-2120  MdnieScena...rolService system_server                        D   packageName : com.android.sun.tattva    className : com.android.sun.MainActivity
2026-01-12 04:48:10.470  2406-3677  Recommende...msProvider com.sec.android.app.launcher         D  <RecentApps> : (3) [{com.android.sun.tattva/com.android.sun.MainActivity} / UserHandle{0}, {org.telegram.messenger/org.telegram.messenger.DefaultIcon} / UserHandle{0}, {com.android.settings/com.android.settings.Settings} / UserHandle{0}]
2026-01-12 04:48:10.471  2406-3677  Recommende...msProvider com.sec.android.app.launcher         D  <Excludings> : (3) [{org.telegram.messenger/org.telegram.messenger.DefaultIcon} / UserHandle{0}, {com.android.sun.tattva/com.android.sun.MainActivity} / UserHandle{0}, {com.android.settings/com.android.settings.Settings} / UserHandle{0}]
2026-01-12 04:48:10.473  1401-1555  GameManagerService      system_server                        D  notePauseComponent(), received paused-component: com.android.sun.tattva
2026-01-12 04:48:10.521  1401-1556  RemoteAnim...Controller system_server                        D  createAnimationAdapter(): token=AppWindowToken{706ebbf token=Token{ba1fdde ActivityRecord{d99919 u0 com.android.sun.tattva/com.android.sun.MainActivity t36543}}}
2026-01-12 04:48:10.522  1401-1556  WindowManager           system_server                        D  makeSurface duration=1 leash=Surface(name=Surface(name=AppWindowToken{706ebbf token=Token{ba1fdde ActivityRecord{d99919 u0 com.android.sun.tattva/com.android.sun.MainActivity t36543}}})/@0xa08383c - animation-leash)/@0xc7d6d09
2026-01-12 04:48:10.529  1401-1556  RemoteAnim...Controller system_server                        D  	Add token=AppWindowToken{706ebbf token=Token{ba1fdde ActivityRecord{d99919 u0 com.android.sun.tattva/com.android.sun.MainActivity t36543}}}
2026-01-12 04:48:10.965  1401-3927  RemoteAnim...Controller system_server                        D  	AppWindowToken{706ebbf token=Token{ba1fdde ActivityRecord{d99919 u0 com.android.sun.tattva/com.android.sun.MainActivity t36543}}}
2026-01-12 04:48:10.982   933-933   Layer                   surfaceflinger                       E  [Surface(name=AppWindowToken{706ebbf token=Token{ba1fdde ActivityRecord{d99919 u0 com.android.sun.tattva/com.android.sun.MainActivity t36543}}})/@0xa08383c - animation-leash#0] No local sync point found, barrierLayer : [com.sec.android.app.launcher/com.sec.android.app.launcher.activities.LauncherActivity$_2406#0]
2026-01-12 04:48:10.982   933-933   Layer                   surfaceflinger                       E  [Surface(name=AppWindowToken{706ebbf token=Token{ba1fdde ActivityRecord{d99919 u0 com.android.sun.tattva/com.android.sun.MainActivity t36543}}})/@0xa08383c - animation-leash#0] No local sync point found, barrierLayer : [com.sec.android.app.launcher/com.sec.android.app.launcher.activities.LauncherActivity$_2406#0]
2026-01-12 04:48:11.031  1401-5057  WindowManager           system_server                        E  win=Window{6ca32e6 u0 com.android.sun.tattva/com.android.sun.MainActivity} destroySurfaces: appStopped=true win.mWindowRemovalAllowed=false win.mRemoveOnExit=false win.mViewVisibility=8 caller=com.android.server.wm.AppWindowToken.destroySurfaces:1249 com.android.server.wm.AppWindowToken.destroySurfaces:1230 com.android.server.wm.AppWindowToken.notifyAppStopped:1285 com.android.server.wm.ActivityRecord.activityStoppedLocked:2776 com.android.server.wm.ActivityTaskManagerService.activityStopped:2512 android.app.IActivityTaskManager$Stub.onTransact:2280 android.os.Binder.execTransactInternal:1056 
2026-01-12 04:48:15.642  1401-1555  GameManagerService      system_server                        D  getForegroundPair(), state=0, bounds=[0,0][1080,2220], displayId=0, userId=0, taskName=com.android.sun.tattva/com.android.sun.MainActivity
2026-01-12 04:48:15.642  1401-1555  GameManagerService      system_server                        D  MultiWindowEventListener.onFocusedStackChanged(), pkgName: com.android.sun.tattva, clsName: com.android.sun.MainActivity, fgActivityName:com.android.sun.tattva/com.android.sun.MainActivity, userID:0
2026-01-12 04:48:15.642  1401-1555  GameSDK@LifeCycle       system_server                        D  onFocusedStackChanged(): focusedStackInfo: Stack id=218 bounds=[0,0][1080,2220] displayId=0 userId=0
                                                                                                     configuration={1.3 226mcc5mnc [en_US] ldltr sw411dp w411dp h773dp 420dpi nrml long port finger -keyb/v/h -nav/h winConfig={ mBounds=Rect(0, 0 - 1080, 2220) mAppBounds=Rect(0, 0 - 1080, 2094) mWindowingMode=fullscreen mDisplayWindowingMode=fullscreen mActivityType=standard mAlwaysOnTop=undefined mRotation=ROTATION_0} s.299 desktop/d ?dc bts=0 ff=0 bf=0 themeSeq=0}
                                                                                                      taskId=36544: com.android.sun.tattva/com.android.sun.MainActivity bounds=[0,0][1080,2220] userId=0 visible=true topActivity=ComponentInfo{com.android.sun.tattva/com.android.sun.MainActivity}
2026-01-12 04:48:15.643  1401-1556  PhoneWindow             system_server                        D  forceLight changed to true [Splash Screen com.android.sun.tattva] from com.android.internal.policy.PhoneWindow.updateForceLightNavigationBar:4274 com.android.internal.policy.DecorView.updateColorViews:1547 com.android.internal.policy.PhoneWindow.dispatchWindowAttributesChanged:3252 android.view.Window.setFlags:1153 com.android.internal.policy.PhoneWindow.generateLayout:2474 
2026-01-12 04:48:15.643  1401-1556  PhoneWindow             system_server                        D  forceLight changed to false [Splash Screen com.android.sun.tattva] from com.android.internal.policy.PhoneWindow.updateForceLightNavigationBar:4280 com.android.internal.policy.DecorView.updateColorViews:1547 com.android.internal.policy.PhoneWindow.dispatchWindowAttributesChanged:3252 android.view.Window.setFlags:1153 com.android.internal.policy.PhoneWindow.generateLayout:2620 
2026-01-12 04:48:15.643  1401-1555  GameSDK@LifeCycle       system_server                        D  onFocusedPackageChanged(): newPkgName: com.android.sun.tattva, newPid: 9423
2026-01-12 04:48:15.649  1401-3927  GamePkgDataHelper       system_server                        D  notifyAppCreate(), pkgName: com.android.sun.tattva, sendRet: true
2026-01-12 04:48:15.649  1401-1991  GameManagerService      system_server                        D  onLooperPrepared(), msg: { when=0 what=10010 obj=com.android.sun.tattva target=com.samsung.android.game.GameManagerService$FgCheckThread$1 }
2026-01-12 04:48:15.649  1401-1991  GameManagerService      system_server                        D  handleMessage(), received MSG_APP_CREATE of pkgName: com.android.sun.tattva
2026-01-12 04:48:15.650  1401-3927  MARsPolicyManager       system_server                        D  onPackageResumedFG pkgName = com.android.sun.tattva, userId = 0
2026-01-12 04:48:15.675  1401-1556  WindowManager           system_server                        D  makeSurface duration=1 name=Splash Screen com.android.sun.tattva
2026-01-12 04:48:15.681  1401-5057  GamePkgDataHelper       system_server                        D  getSosPolicy(). com.android.sun.tattva
2026-01-12 04:48:15.682  1401-1555  GameManagerService      system_server                        D  identifyGamePackage. com.android.sun.tattva, mCurrentUserId: 0, callerUserId: 0
2026-01-12 04:48:15.682  1401-1555  GamePkgDataHelper       system_server                        D  getGamePkgData(). com.android.sun.tattva
2026-01-12 04:48:15.684  1401-1556  WindowManager           system_server                        D  finishDrawingWindow: Window{767d134 u0 Splash Screen com.android.sun.tattva} mDrawState=DRAW_PENDING
2026-01-12 04:48:15.690  1401-1556  RemoteAnim...Controller system_server                        D  createAnimationAdapter(): token=AppWindowToken{11fb102 token=Token{be7524d ActivityRecord{6eccde4 u0 com.android.sun.tattva/com.android.sun.MainActivity t36544}}}
2026-01-12 04:48:15.691  1401-1556  WindowManager           system_server                        D  makeSurface duration=1 leash=Surface(name=Surface(name=AppWindowToken{11fb102 token=Token{be7524d ActivityRecord{6eccde4 u0 com.android.sun.tattva/com.android.sun.MainActivity t36544}}})/@0x4183edf - animation-leash)/@0xf4e72c
2026-01-12 04:48:15.692  1401-1556  RemoteAnim...Controller system_server                        D  	Add token=AppWindowToken{11fb102 token=Token{be7524d ActivityRecord{6eccde4 u0 com.android.sun.tattva/com.android.sun.MainActivity t36544}}}
2026-01-12 04:48:15.695  1401-1555  GameManagerService      system_server                        D  noteResumeComponent(), received resumed-component: com.android.sun.tattva
2026-01-12 04:48:15.695  1401-1555  GamePkgDataHelper       system_server                        D  getSosPolicy(). com.android.sun.tattva
2026-01-12 04:48:15.696  1401-1555  GameManagerService      system_server                        D  identifyGamePackage. com.android.sun.tattva, mCurrentUserId: 0, callerUserId: 0
2026-01-12 04:48:15.696  1401-1555  GamePkgDataHelper       system_server                        D  getGamePkgData(). com.android.sun.tattva
2026-01-12 04:48:15.696  1401-1991  GameManagerService      system_server                        D  onLooperPrepared(), msg: { when=-2ms what=10000 obj=ComponentInfo{com.android.sun.tattva/com.android.sun.MainActivity} target=com.samsung.android.game.GameManagerService$FgCheckThread$1 }
2026-01-12 04:48:15.696  1401-1991  GameManagerService      system_server                        D  notifyResumePause(). of pkg: com.android.sun.tattva, type: 4, isMinimized: false, isTunableApp: false
2026-01-12 04:48:15.701  1401-1553  CodecSolution           system_server                        D  isMaxAspectPackageEx: com.android.sun.tattva : true(2)
2026-01-12 04:48:15.701  1401-1937  PkgPredictorService     system_server                        D  com.android.sun.tattva go to foreground!
2026-01-12 04:48:15.701  1401-1937  PkgPredictorService     system_server                        D  previous pkgs: com.android.sun.tattva,com.android.sun.tattva,com.android.sun.tattva running pkg: com.android.sun.tattva, uid: 0 is system: false
2026-01-12 04:48:15.701  1401-1937  PkgPredict...-Collector system_server                        D  save record...
                                                                                                     (hour:4 day:2 previous:[com.android.sun.tattva, com.android.sun.tattva, com.android.sun.tattva] activityName:unknown running:com.android.sun.tattva userId:0 screenOrientation:0 wifi:1 bt:0 predictTime:1 apkVersion:2.03 consumeTime:-1 preloaded:false>)
2026-01-12 04:48:15.702  1401-1937  PkgPredict...Controller system_server                        D  User using: com.android.sun.tattva
2026-01-12 04:48:15.702  1401-1553  WindowManager           system_server                        D  setSystemUiVisibility: displayId=0, vis=0x8008, fullVis=0x0, dockVis=0x0, win=Window{767d134 u0 Splash Screen com.android.sun.tattva}
2026-01-12 04:48:15.713  1401-1567  ApplicationPolicy       system_server                        D  isStatusBarNotificationAllowedAsUser: packageName = com.android.sun.tattva,userId = 0
2026-01-12 04:48:15.716  1401-1567  ApplicationPolicy       system_server                        D  isStatusBarNotificationAllowedAsUser: packageName = com.android.sun.tattva,userId = 0
2026-01-12 04:48:15.812  9423-10988 SwissEphWrapper         usap64                               D  ✅ Swiss Ephemeris initialized at:  /data/user/0/com.android.sun.tattva/files/sweph/data
2026-01-12 04:48:15.822  2406-2406  Launcher.N...onListener com.sec.android.app.launcher         D  onNotificationPosted : com.android.sun.tattva number : 0 listener : null
2026-01-12 04:48:15.832  1401-2120  MdnieScena...rolService system_server                        D   packageName : com.android.sun.tattva    className : com.android.sun.MainActivity
2026-01-12 04:48:15.865  1401-1567  ApplicationPolicy       system_server                        D  isStatusBarNotificationAllowedAsUser: packageName = com.android.sun.tattva,userId = 0
2026-01-12 04:48:15.866  1401-1567  ApplicationPolicy       system_server                        D  isStatusBarNotificationAllowedAsUser: packageName = com.android.sun.tattva,userId = 0
2026-01-12 04:48:15.866  1401-3927  ApplicationPolicy       system_server                        D  isStatusBarNotificationAllowedAsUser: packageName = com.android.sun.tattva,userId = 0
2026-01-12 04:48:15.869  1401-3927  ApplicationPolicy       system_server                        D  isStatusBarNotificationAllowedAsUser: packageName = com.android.sun.tattva,userId = 0
2026-01-12 04:48:15.927  9423-9423  SwissEphWrapper         usap64                               D  ✅ Swiss Ephemeris initialized at:  /data/user/0/com.android.sun.tattva/files/sweph/data
2026-01-12 04:48:15.970  2406-2406  Launcher.N...onListener com.sec.android.app.launcher         D  onNotificationPosted : com.android.sun.tattva number : 0 listener : null
2026-01-12 04:48:15.975  2406-2406  Launcher.N...onListener com.sec.android.app.launcher         D  onNotificationPosted : com.android.sun.tattva number : 0 listener : null
2026-01-12 04:48:16.022  9423-9423  SwissEphWrapper         usap64                               D  ✅ Swiss Ephemeris initialized at:  /data/user/0/com.android.sun.tattva/files/sweph/data
2026-01-12 04:48:16.032  1401-2111  WindowManager           system_server                        D  makeSurface duration=2 name=com.android.sun.tattva/com.android.sun.MainActivity$_9423
2026-01-12 04:48:16.033  1401-1553  WindowManager           system_server                        D  setSystemUiVisibility: displayId=0, vis=0xa708, fullVis=0x0, dockVis=0x0, win=Window{c879d73 u0 com.android.sun.tattva/com.android.sun.MainActivity}
2026-01-12 04:48:16.042  1401-3927  WindowManager           system_server                        D  finishDrawingWindow: Window{c879d73 u0 com.android.sun.tattva/com.android.sun.MainActivity} mDrawState=DRAW_PENDING
2026-01-12 04:48:16.045  1401-1556  PkgPredictorService     system_server                        D  pkg:com.android.sun.tattva activity:com.android.sun.MainActivity thisTime:418
2026-01-12 04:48:16.050  1401-5057  RemoteAnim...Controller system_server                        D  	AppWindowToken{11fb102 token=Token{be7524d ActivityRecord{6eccde4 u0 com.android.sun.tattva/com.android.sun.MainActivity t36544}}}
2026-01-12 04:48:16.056  1401-1556  WindowManager           system_server                        D  makeSurface duration=1 leash=Surface(name=Surface(name=767d134 Splash Screen com.android.sun.tattva)/@0x7dbdf89 - animation-leash)/@0x9cf2ba8
2026-01-12 04:48:16.064   933-933   Layer                   surfaceflinger                       E  [Surface(name=AppWindowToken{11fb102 token=Token{be7524d ActivityRecord{6eccde4 u0 com.android.sun.tattva/com.android.sun.MainActivity t36544}}})/@0x4183edf - animation-leash#0] No local sync point found, barrierLayer : [com.sec.android.app.launcher/com.sec.android.app.launcher.activities.LauncherActivity$_2406#0]
2026-01-12 04:48:16.113  1401-1556  WindowManager           system_server                        E  win=Window{767d134 u0 Splash Screen com.android.sun.tattva EXITING} destroySurfaces: appStopped=false win.mWindowRemovalAllowed=true win.mRemoveOnExit=true win.mViewVisibility=0 caller=com.android.server.wm.AppWindowToken.destroySurfaces:1249 com.android.server.wm.AppWindowToken.destroySurfaces:1230 com.android.server.wm.WindowState.onExitAnimationDone:5189 com.android.server.wm.WindowStateAnimator.onAnimationFinished:320 com.android.server.wm.WindowState.onAnimationFinished:5630 com.android.server.wm.-$$Lambda$yVRF8YoeNdTa8GR1wDStVsHu8xM.run:2 com.android.server.wm.SurfaceAnimator.lambda$getFinishedCallback$0$SurfaceAnimator:100 
2026-01-12 04:48:16.115  1401-1553  WindowManager           system_server                        D  setSystemUiVisibility: displayId=0, vis=0xa718, fullVis=0x2000, dockVis=0x0, win=Window{c879d73 u0 com.android.sun.tattva/com.android.sun.MainActivity}
2026-01-12 04:48:16.121  1401-1553  CodecSolution           system_server                        D  isMaxAspectPackageEx: com.android.sun.tattva : true(2)
2026-01-12 04:48:16.250  1401-2120  MdnieScena...rolService system_server                        D   packageName : com.android.sun.tattva    className : com.android.sun.MainActivity
2026-01-12 04:48:17.592  1401-1555  GameManagerService      system_server                        D  notePauseComponent(), received paused-component: com.android.sun.tattva
2026-01-12 04:48:17.593  2406-3677  Recommende...msProvider com.sec.android.app.launcher         D  <RecentApps> : (3) [{com.android.sun.tattva/com.android.sun.MainActivity} / UserHandle{0}, {org.telegram.messenger/org.telegram.messenger.DefaultIcon} / UserHandle{0}, {com.android.settings/com.android.settings.Settings} / UserHandle{0}]
2026-01-12 04:48:17.593  2406-3677  Recommende...msProvider com.sec.android.app.launcher         D  <Excludings> : (3) [{org.telegram.messenger/org.telegram.messenger.DefaultIcon} / UserHandle{0}, {com.android.sun.tattva/com.android.sun.MainActivity} / UserHandle{0}, {com.android.settings/com.android.settings.Settings} / UserHandle{0}]
2026-01-12 04:48:17.643  1401-1556  RemoteAnim...Controller system_server                        D  createAnimationAdapter(): token=AppWindowToken{11fb102 token=Token{be7524d ActivityRecord{6eccde4 u0 com.android.sun.tattva/com.android.sun.MainActivity t36544}}}
2026-01-12 04:48:17.644  1401-1556  WindowManager           system_server                        D  makeSurface duration=2 leash=Surface(name=Surface(name=AppWindowToken{11fb102 token=Token{be7524d ActivityRecord{6eccde4 u0 com.android.sun.tattva/com.android.sun.MainActivity t36544}}})/@0x4183edf - animation-leash)/@0x71d516c
2026-01-12 04:48:17.649  1401-1556  RemoteAnim...Controller system_server                        D  	Add token=AppWindowToken{11fb102 token=Token{be7524d ActivityRecord{6eccde4 u0 com.android.sun.tattva/com.android.sun.MainActivity t36544}}}
2026-01-12 04:48:18.064  1401-3927  RemoteAnim...Controller system_server                        D  	AppWindowToken{11fb102 token=Token{be7524d ActivityRecord{6eccde4 u0 com.android.sun.tattva/com.android.sun.MainActivity t36544}}}
2026-01-12 04:48:18.081   933-933   Layer                   surfaceflinger                       E  [Surface(name=AppWindowToken{11fb102 token=Token{be7524d ActivityRecord{6eccde4 u0 com.android.sun.tattva/com.android.sun.MainActivity t36544}}})/@0x4183edf - animation-leash#0] No local sync point found, barrierLayer : [com.sec.android.app.launcher/com.sec.android.app.launcher.activities.LauncherActivity$_2406#0]
2026-01-12 04:48:18.163  1401-2111  WindowManager           system_server                        E  win=Window{c879d73 u0 com.android.sun.tattva/com.android.sun.MainActivity} destroySurfaces: appStopped=true win.mWindowRemovalAllowed=false win.mRemoveOnExit=false win.mViewVisibility=8 caller=com.android.server.wm.AppWindowToken.destroySurfaces:1249 com.android.server.wm.AppWindowToken.destroySurfaces:1230 com.android.server.wm.AppWindowToken.notifyAppStopped:1285 com.android.server.wm.ActivityRecord.activityStoppedLocked:2776 com.android.server.wm.ActivityTaskManagerService.activityStopped:2512 android.app.IActivityTaskManager$Stub.onTransact:2280 android.os.Binder.execTransactInternal:1056 
2026-01-12 04:48:20.717  1401-1555  GameManagerService      system_server                        D  getForegroundPair(), state=0, bounds=[0,0][1080,2220], displayId=0, userId=0, taskName=com.android.sun.tattva/com.android.sun.MainActivity
2026-01-12 04:48:20.717  1401-1555  GameManagerService      system_server                        D  MultiWindowEventListener.onFocusedStackChanged(), pkgName: com.android.sun.tattva, clsName: com.android.sun.MainActivity, fgActivityName:com.android.sun.tattva/com.android.sun.MainActivity, userID:0
2026-01-12 04:48:20.718  1401-1556  PhoneWindow             system_server                        D  forceLight changed to true [Splash Screen com.android.sun.tattva] from com.android.internal.policy.PhoneWindow.updateForceLightNavigationBar:4274 com.android.internal.policy.DecorView.updateColorViews:1547 com.android.internal.policy.PhoneWindow.dispatchWindowAttributesChanged:3252 android.view.Window.setFlags:1153 com.android.internal.policy.PhoneWindow.generateLayout:2474 
