2026-01-12 01:41:58.681  1401-1996  ActivityManager         system_server                        D  package  com.android.sun.tattva, user - 0 is SDcard whitelisted
2026-01-12 01:41:58.830  1401-1555  GameManagerService      system_server                        D  getForegroundPair(), state=0, bounds=[0,0][1080,2220], displayId=0, userId=0, taskName=com.android.sun.tattva/com.android.sun.MainActivity
2026-01-12 01:41:58.830  1401-1555  GameManagerService      system_server                        D  MultiWindowEventListener.onFocusedStackChanged(), pkgName: com.android.sun.tattva, clsName: com.android.sun.MainActivity, fgActivityName:com.android.sun.tattva/com.android.sun.MainActivity, userID:0
2026-01-12 01:41:58.831  1401-1555  GameSDK@LifeCycle       system_server                        D  onFocusedStackChanged(): focusedStackInfo: Stack id=176 bounds=[0,0][1080,2220] displayId=0 userId=0
                                                                                                     configuration={1.3 226mcc5mnc [en_US] ldltr sw411dp w411dp h773dp 420dpi nrml long port finger -keyb/v/h -nav/h winConfig={ mBounds=Rect(0, 0 - 1080, 2220) mAppBounds=Rect(0, 0 - 1080, 2094) mWindowingMode=fullscreen mDisplayWindowingMode=fullscreen mActivityType=standard mAlwaysOnTop=undefined mRotation=ROTATION_0} s.136 desktop/d ?dc bts=0 ff=0 bf=0 themeSeq=0}
                                                                                                      taskId=36505: com.android.sun.tattva/com.android.sun.MainActivity bounds=[0,0][1080,2220] userId=0 visible=true topActivity=ComponentInfo{com.android.sun.tattva/com.android.sun.MainActivity}
2026-01-12 01:41:58.846  1401-1556  PhoneWindow             system_server                        D  forceLight changed to true [Splash Screen com.android.sun.tattva] from com.android.internal.policy.PhoneWindow.updateForceLightNavigationBar:4274 com.android.internal.policy.DecorView.updateColorViews:1547 com.android.internal.policy.PhoneWindow.dispatchWindowAttributesChanged:3252 android.view.Window.setFlags:1153 com.android.internal.policy.PhoneWindow.generateLayout:2474 
2026-01-12 01:41:58.847  1401-1556  PhoneWindow             system_server                        D  forceLight changed to false [Splash Screen com.android.sun.tattva] from com.android.internal.policy.PhoneWindow.updateForceLightNavigationBar:4280 com.android.internal.policy.DecorView.updateColorViews:1547 com.android.internal.policy.PhoneWindow.dispatchWindowAttributesChanged:3252 android.view.Window.setFlags:1153 com.android.internal.policy.PhoneWindow.generateLayout:2620 
2026-01-12 01:41:58.888  1401-3715  GamePkgDataHelper       system_server                        D  notifyAppCreate(), pkgName: com.android.sun.tattva, sendRet: true
2026-01-12 01:41:58.888  1401-1991  GameManagerService      system_server                        D  onLooperPrepared(), msg: { when=0 what=10010 obj=com.android.sun.tattva target=com.samsung.android.game.GameManagerService$FgCheckThread$1 }
2026-01-12 01:41:58.888  1401-1991  GameManagerService      system_server                        D  handleMessage(), received MSG_APP_CREATE of pkgName: com.android.sun.tattva
2026-01-12 01:41:58.903  1401-3715  MARsPolicyManager       system_server                        D  onPackageResumedFG pkgName = com.android.sun.tattva, userId = 0
2026-01-12 01:41:58.914  1401-1556  WindowManager           system_server                        D  makeSurface duration=1 name=Splash Screen com.android.sun.tattva
2026-01-12 01:41:58.916  1401-1555  GameSDK@LifeCycle       system_server                        D  onFocusedPackageChanged(): newPkgName: com.android.sun.tattva, newPid: 14728
2026-01-12 01:41:58.926  1401-1553  CodecSolution           system_server                        D  isMaxAspectPackageEx: com.android.sun.tattva : true(2)
2026-01-12 01:41:58.931  1401-1556  WindowManager           system_server                        D  finishDrawingWindow: Window{d124203 u0 Splash Screen com.android.sun.tattva} mDrawState=DRAW_PENDING
2026-01-12 01:41:58.936  1401-1474  GamePkgDataHelper       system_server                        D  getSosPolicy(). com.android.sun.tattva
2026-01-12 01:41:58.936  1401-1555  GameManagerService      system_server                        D  identifyGamePackage. com.android.sun.tattva, mCurrentUserId: 0, callerUserId: 0
2026-01-12 01:41:58.936  1401-1555  GamePkgDataHelper       system_server                        D  getGamePkgData(). com.android.sun.tattva
2026-01-12 01:41:58.941  1401-1937  PkgPredictorService     system_server                        D  com.android.sun.tattva go to foreground!
2026-01-12 01:41:58.944  1401-1937  PkgPredictorService     system_server                        D  previous pkgs: com.android.sun.tattva,com.android.sun.tattva,com.android.sun.tattva running pkg: com.android.sun.tattva, uid: 0 is system: false
2026-01-12 01:41:58.944  1401-1937  PkgPredict...-Collector system_server                        D  save record...
                                                                                                     (hour:1 day:2 previous:[com.android.sun.tattva, com.android.sun.tattva, com.android.sun.tattva] activityName:unknown running:com.android.sun.tattva userId:0 screenOrientation:0 wifi:1 bt:0 predictTime:0 apkVersion:2.03 consumeTime:-1 preloaded:false>)
2026-01-12 01:41:58.944  1401-1937  PkgPredict...Controller system_server                        D  User using: com.android.sun.tattva
2026-01-12 01:41:58.956  1401-1556  RemoteAnim...Controller system_server                        D  createAnimationAdapter(): token=AppWindowToken{6e4f83a token=Token{294d365 ActivityRecord{939c45c u0 com.android.sun.tattva/com.android.sun.MainActivity t36505}}}
2026-01-12 01:41:58.957  1401-1556  WindowManager           system_server                        D  makeSurface duration=1 leash=Surface(name=Surface(name=AppWindowToken{6e4f83a token=Token{294d365 ActivityRecord{939c45c u0 com.android.sun.tattva/com.android.sun.MainActivity t36505}}})/@0x930e4f1 - animation-leash)/@0x2f918d6
2026-01-12 01:41:58.959  1401-1556  RemoteAnim...Controller system_server                        D  	Add token=AppWindowToken{6e4f83a token=Token{294d365 ActivityRecord{939c45c u0 com.android.sun.tattva/com.android.sun.MainActivity t36505}}}
2026-01-12 01:41:58.964  1401-1555  GameManagerService      system_server                        D  noteResumeComponent(), received resumed-component: com.android.sun.tattva
2026-01-12 01:41:58.964  1401-1555  GamePkgDataHelper       system_server                        D  getSosPolicy(). com.android.sun.tattva
2026-01-12 01:41:58.964  1401-1991  GameManagerService      system_server                        D  onLooperPrepared(), msg: { when=0 what=10000 obj=ComponentInfo{com.android.sun.tattva/com.android.sun.MainActivity} target=com.samsung.android.game.GameManagerService$FgCheckThread$1 }
2026-01-12 01:41:58.964  1401-1991  GameManagerService      system_server                        D  notifyResumePause(). of pkg: com.android.sun.tattva, type: 4, isMinimized: false, isTunableApp: false
2026-01-12 01:41:58.964  1401-1555  GameManagerService      system_server                        D  identifyGamePackage. com.android.sun.tattva, mCurrentUserId: 0, callerUserId: 0
2026-01-12 01:41:58.965  1401-1555  GamePkgDataHelper       system_server                        D  getGamePkgData(). com.android.sun.tattva
2026-01-12 01:41:58.965  1401-1553  WindowManager           system_server                        D  setSystemUiVisibility: displayId=0, vis=0x8008, fullVis=0x0, dockVis=0x0, win=Window{d124203 u0 Splash Screen com.android.sun.tattva}
2026-01-12 01:41:58.976  1401-1556  WindowManager           system_server                        D  finishDrawingWindow: Window{d124203 u0 Splash Screen com.android.sun.tattva} mDrawState=HAS_DRAWN
2026-01-12 01:41:59.017  1401-1567  ApplicationPolicy       system_server                        D  isStatusBarNotificationAllowedAsUser: packageName = com.android.sun.tattva,userId = 0
2026-01-12 01:41:59.019  1401-1567  ApplicationPolicy       system_server                        D  isStatusBarNotificationAllowedAsUser: packageName = com.android.sun.tattva,userId = 0
2026-01-12 01:41:59.057  1401-2120  MdnieScena...rolService system_server                        D   packageName : com.android.sun.tattva    className : com.android.sun.MainActivity
2026-01-12 01:41:59.061 14728-20744 SwissEphWrapper         usap64                               D  âœ… Swiss Ephemeris initialized at:  /data/user/0/com.android.sun.tattva/files/sweph/data
2026-01-12 01:41:59.108 14728-14728 SwissEphWrapper         usap64                               D  âœ… Swiss Ephemeris initialized at:  /data/user/0/com.android.sun.tattva/files/sweph/data
2026-01-12 01:41:59.128  2406-2406  Launcher.N...onListener com.sec.android.app.launcher         D  onNotificationPosted : com.android.sun.tattva number : 0 listener : null
2026-01-12 01:41:59.161 14728-14728 AndroidRuntime          usap64                               E  FATAL EXCEPTION: main
                                                                                                    Process: com.android.sun.tattva, PID: 14728
                                                                                                    java.lang.RuntimeException: Cannot create an instance of class s1.a
                                                                                                    	at androidx.lifecycle.x0.c(Unknown Source:53)
                                                                                                    	at androidx.lifecycle.x0.a(Unknown Source:4)
                                                                                                    	at androidx.lifecycle.x0.b(Unknown Source:4)
                                                                                                    	at androidx.lifecycle.t0.b(Unknown Source:63)
                                                                                                    	at androidx.core.view.g.b(Unknown Source:72)
                                                                                                    	at androidx.core.view.g.a(Unknown Source:12)
                                                                                                    	at w0.i0.N(Unknown Source:31)
                                                                                                    	at w0.i0.a(Unknown Source:248)
                                                                                                    	at k0.l.invoke(SourceFile:21)
                                                                                                    	at k0.l.invoke(SourceFile:3)
                                                                                                    	at androidx.compose.runtime.internal.ComposableLambdaImpl.invoke(SourceFile:23)
                                                                                                    	at androidx.compose.runtime.internal.ComposableLambdaImpl.invoke(SourceFile:1)
                                                                                                    	at androidx.compose.animation.a.B(Unknown Source:4)
                                                                                                    	at androidx.compose.material3.SurfaceKt$Surface$1.invoke(SourceFile:36)
                                                                                                    	at androidx.compose.material3.SurfaceKt$Surface$1.invoke(SourceFile:1)
                                                                                                    	at androidx.compose.runtime.internal.ComposableLambdaImpl.invoke(SourceFile:23)
                                                                                                    	at androidx.compose.runtime.internal.ComposableLambdaImpl.invoke(SourceFile:1)
                                                                                                    	at androidx.compose.runtime.CompositionLocalKt.CompositionLocalProvider(SourceFile:3)
                                                                                                    	at androidx.compose.material3.SurfaceKt.Surface-T9BRK9s(Unknown Source:176)
                                                                                                    	at j1.a.invoke(Unknown Source:90)
                                                                                                    	at androidx.compose.runtime.internal.ComposableLambdaImpl.invoke(SourceFile:23)
                                                                                                    	at androidx.compose.runtime.internal.ComposableLambdaImpl.invoke(SourceFile:1)
                                                                                                    	at androidx.compose.runtime.CompositionLocalKt.CompositionLocalProvider(SourceFile:7)
                                                                                                    	at androidx.compose.material3.TextKt.ProvideTextStyle(Unknown Source:91)
                                                                                                    	at androidx.compose.material3.MaterialThemeKt$MaterialTheme$1.invoke(SourceFile:2)
                                                                                                    	at androidx.compose.material3.MaterialThemeKt$MaterialTheme$1.invoke(SourceFile:1)
                                                                                                    	at androidx.compose.runtime.internal.ComposableLambdaImpl.invoke(SourceFile:23)
                                                                                                    	at androidx.compose.runtime.internal.ComposableLambdaImpl.invoke(SourceFile:1)
                                                                                                    	at androidx.compose.runtime.CompositionLocalKt.CompositionLocalProvider(SourceFile:3)
                                                                                                    	at androidx.compose.material3.MaterialThemeKt.MaterialTheme(Unknown Source:284)
                                                                                                    	at r1.c.a(Unknown Source:243)
                                                                                                    	at j1.b.invoke(SourceFile:7)
                                                                                                    	at j1.b.invoke(SourceFile:11)
                                                                                                    	at androidx.compose.runtime.internal.ComposableLambdaImpl.invoke(SourceFile:23)
                                                                                                    	at androidx.compose.runtime.internal.ComposableLambdaImpl.invoke(SourceFile:1)
                                                                                                    	at androidx.compose.ui.platform.ComposeView.Content(Unknown Source:35)
                                                                                                    	at androidx.compose.ui.platform.AbstractComposeView$ensureCompositionCreated$1.invoke(SourceFile:2)
                                                                                                    	at androidx.compose.ui.platform.AbstractComposeView$ensureCompositionCreated$1.invoke(SourceFile:1)
                                                                                                    	at androidx.compose.runtime.internal.ComposableLambdaImpl.invoke(SourceFile:23)
                                                                                                    	at androidx.compose.runtime.internal.ComposableLambdaImpl.invoke(SourceFile:1)
                                                                                                    	at androidx.compose.runtime.CompositionLocalKt.CompositionLocalProvider(SourceFile:3)
                                                                                                    	at androidx.compose.ui.platform.CompositionLocalsKt.ProvideCommonCompositionLocals(Unknown Source:281)
                                                                                                    	at androidx.compose.ui.platform.AndroidCompositionLocals_androidKt$ProvideAndroidCompositionLocals$3.invoke(SourceFile:8)
                                                                                                    	at androidx.compose.ui.platform.AndroidCompositionLocals_androidKt$ProvideAndroidCompositionLocals$3.invoke(SourceFile:1)
                                                                                                    	at androidx.compose.runtime.internal.ComposableLambdaImpl.invoke(SourceFile:23)
                                                                                                    	at androidx.compose.runtime.internal.ComposableLambdaImpl.invoke(SourceFile:1)
                                                                                                    	at androidx.compose.runtime.CompositionLocalKt.CompositionLocalProvider(SourceFile:3)
                                                                                                    	at androidx.compose.ui.platform.AndroidCompositionLocals_androidKt.ProvideAndroidCompositionLocals(Unknown Source:275)
                                                                                                    	at androidx.compose.ui.platform.WrappedComposition$setContent$1$1$2.invoke(SourceFile:2)
                                                                                                    	at androidx.compose.ui.platform.WrappedComposition$setContent$1$1$2.invoke(SourceFile:1)
                                                                                                    	at androidx.compose.runtime.internal.ComposableLambdaImpl.invoke(SourceFile:23)
                                                                                                    	at androidx.compose.runtime.internal.ComposableLambdaImpl.invoke(SourceFile:1)
                                                                                                    	at androidx.compose.runtime.CompositionLocalKt.CompositionLocalProvider(SourceFile:7)
2026-01-12 01:41:59.288  1401-1858  InputDispatcher         system_server                        E  channel '2756c6b com.android.sun.tattva/com.android.sun.MainActivity (server)' ~ Channel is unrecoverably broken and will be disposed!
2026-01-12 01:41:59.338  2406-2406  Launcher.N...onListener com.sec.android.app.launcher         D  onNotificationRemoved : StatusBarNotification(pkg=com.android.sun.tattva user=UserHandle{0} id=1001 tag=null key=0|com.android.sun.tattva|1001|null|10463: Notification(channel=tattva_persistent_channel pri=0 contentView=null vibrate=null sound=null defaults=0x0 flags=0x62 color=0x00000000 groupKey=silent vis=PRIVATE semFlags=0x0 semPriority=0 semMissedCount=0)) listener : null
2026-01-12 01:41:59.348   933-933   Layer                   surfaceflinger                       E  [Surface(name=AppWindowToken{6e4f83a token=Token{294d365 ActivityRecord{939c45c u0 com.android.sun.tattva/com.android.sun.MainActivity t36505}}})/@0x930e4f1 - animation-leash#0] No local sync point found, barrierLayer : [com.sec.android.app.launcher/com.sec.android.app.launcher.activities.LauncherActivity$_2406#0]
2026-01-12 01:41:59.572 20778-20823 AppErrorNotification    pid-20778                            D  errorType : 24, process : com.android.sun.tattva , uid : 0
2026-01-12 01:42:00.308  1401-1567  ActivityManager         system_server                        D  package  com.android.sun.tattva, user - 0 is SDcard whitelisted
2026-01-12 01:42:00.375  1401-1567  ApplicationPolicy       system_server                        D  isStatusBarNotificationAllowedAsUser: packageName = com.android.sun.tattva,userId = 0
2026-01-12 01:42:00.375  1401-1567  ApplicationPolicy       system_server                        D  isStatusBarNotificationAllowedAsUser: packageName = com.android.sun.tattva,userId = 0
2026-01-12 01:42:00.412  1401-1567  ApplicationPolicy       system_server                        D  isStatusBarNotificationAllowedAsUser: packageName = com.android.sun.tattva,userId = 0
2026-01-12 01:42:00.412  1401-1567  ApplicationPolicy       system_server                        D  isStatusBarNotificationAllowedAsUser: packageName = com.android.sun.tattva,userId = 0
2026-01-12 01:42:00.441 20868-20891 SwissEphWrapper         pid-20868                            D  âœ… Swiss Ephemeris initialized at:  /data/user/0/com.android.sun.tattva/files/sweph/data
2026-01-12 01:42:00.482  2406-2406  Launcher.N...onListener com.sec.android.app.launcher         D  onNotificationPosted : com.android.sun.tattva number : 0 listener : null
2026-01-12 01:42:00.518  2406-2406  Launcher.N...onListener com.sec.android.app.launcher         D  onNotificationPosted : com.android.sun.tattva number : 0 listener : null
2026-01-12 01:42:00.575  1401-1567  ApplicationPolicy       system_server                        D  isStatusBarNotificationAllowedAsUser: packageName = com.android.sun.tattva,userId = 0
2026-01-12 01:42:00.576  1401-1567  ApplicationPolicy       system_server                        D  isStatusBarNotificationAllowedAsUser: packageName = com.android.sun.tattva,userId = 0
2026-01-12 01:42:00.576  1401-2539  ApplicationPolicy       system_server                        D  isStatusBarNotificationAllowedAsUser: packageName = com.android.sun.tattva,userId = 0
2026-01-12 01:42:00.576  1401-2539  ApplicationPolicy       system_server                        D  isStatusBarNotificationAllowedAsUser: packageName = com.android.sun.tattva,userId = 0
2026-01-12 01:42:00.682  2406-2406  Launcher.N...onListener com.sec.android.app.launcher         D  onNotificationPosted : com.android.sun.tattva number : 0 listener : null
2026-01-12 01:42:00.686  2406-2406  Launcher.N...onListener com.sec.android.app.launcher         D  onNotificationPosted : com.android.sun.tattva number : 0 listener : null
---------------------------- PROCESS STARTED (20868) for package com.android.sun.tattva ----------------------------
2026-01-12 01:42:02.639  1401-1555  GameManagerService      system_server                        D  getForegroundPair(), state=0, bounds=[0,0][1080,2220], displayId=0, userId=0, taskName=com.android.sun.tattva/com.android.sun.MainActivity
2026-01-12 01:42:02.639  1401-1555  GameManagerService      system_server                        D  MultiWindowEventListener.onFocusedStackChanged(), pkgName: com.android.sun.tattva, clsName: com.android.sun.MainActivity, fgActivityName:com.android.sun.tattva/com.android.sun.MainActivity, userID:0
2026-01-12 01:42:02.640  1401-1555  GameSDK@LifeCycle       system_server                        D  onFocusedStackChanged(): focusedStackInfo: Stack id=177 bounds=[0,0][1080,2220] displayId=0 userId=0
                                                                                                     configuration={1.3 226mcc5mnc [en_US] ldltr sw411dp w411dp h773dp 420dpi nrml long port finger -keyb/v/h -nav/h winConfig={ mBounds=Rect(0, 0 - 1080, 2220) mAppBounds=Rect(0, 0 - 1080, 2094) mWindowingMode=fullscreen mDisplayWindowingMode=fullscreen mActivityType=standard mAlwaysOnTop=undefined mRotation=ROTATION_0} s.136 desktop/d ?dc bts=0 ff=0 bf=0 themeSeq=0}
                                                                                                      taskId=36506: com.android.sun.tattva/com.android.sun.MainActivity bounds=[0,0][1080,2220] userId=0 visible=true topActivity=ComponentInfo{com.android.sun.tattva/com.android.sun.MainActivity}
2026-01-12 01:42:02.640  1401-1556  PhoneWindow             system_server                        D  forceLight changed to true [Splash Screen com.android.sun.tattva] from com.android.internal.policy.PhoneWindow.updateForceLightNavigationBar:4274 com.android.internal.policy.DecorView.updateColorViews:1547 com.android.internal.policy.PhoneWindow.dispatchWindowAttributesChanged:3252 android.view.Window.setFlags:1153 com.android.internal.policy.PhoneWindow.generateLayout:2474 
2026-01-12 01:42:02.641  1401-1556  PhoneWindow             system_server                        D  forceLight changed to false [Splash Screen com.android.sun.tattva] from com.android.internal.policy.PhoneWindow.updateForceLightNavigationBar:4280 com.android.internal.policy.DecorView.updateColorViews:1547 com.android.internal.policy.PhoneWindow.dispatchWindowAttributesChanged:3252 android.view.Window.setFlags:1153 com.android.internal.policy.PhoneWindow.generateLayout:2620 
2026-01-12 01:42:02.641  1401-1555  GameSDK@LifeCycle       system_server                        D  onFocusedPackageChanged(): newPkgName: com.android.sun.tattva, newPid: 20868
2026-01-12 01:42:02.641  1401-1991  GameManagerService      system_server                        D  onLooperPrepared(), msg: { when=-2ms what=10000 obj=ComponentInfo{com.android.sun.tattva/com.android.sun.MainActivity} target=com.samsung.android.game.GameManagerService$FgCheckThread$1 }
2026-01-12 01:42:02.641  1401-1991  GameManagerService      system_server                        D  notifyResumePause(). of pkg: com.android.sun.tattva, type: 4, isMinimized: false, isTunableApp: false
2026-01-12 01:42:02.648  1401-3714  GamePkgDataHelper       system_server                        D  notifyAppCreate(), pkgName: com.android.sun.tattva, sendRet: true
2026-01-12 01:42:02.648  1401-1991  GameManagerService      system_server                        D  onLooperPrepared(), msg: { when=0 what=10010 obj=com.android.sun.tattva target=com.samsung.android.game.GameManagerService$FgCheckThread$1 }
2026-01-12 01:42:02.648  1401-1991  GameManagerService      system_server                        D  handleMessage(), received MSG_APP_CREATE of pkgName: com.android.sun.tattva
2026-01-12 01:42:02.649  1401-3714  MARsPolicyManager       system_server                        D  onPackageResumedFG pkgName = com.android.sun.tattva, userId = 0
2026-01-12 01:42:02.672  1401-1556  WindowManager           system_server                        D  makeSurface duration=2 name=Splash Screen com.android.sun.tattva
2026-01-12 01:42:02.676  1401-1553  CodecSolution           system_server                        D  isMaxAspectPackageEx: com.android.sun.tattva : true(2)
2026-01-12 01:42:02.678  1401-1937  PkgPredictorService     system_server                        D  com.android.sun.tattva go to foreground!
2026-01-12 01:42:02.678  1401-1937  PkgPredictorService     system_server                        D  previous pkgs: com.android.sun.tattva,com.android.sun.tattva,com.android.sun.tattva running pkg: com.android.sun.tattva, uid: 0 is system: false
2026-01-12 01:42:02.678  1401-1937  PkgPredict...-Collector system_server                        D  save record...
                                                                                                     (hour:1 day:2 previous:[com.android.sun.tattva, com.android.sun.tattva, com.android.sun.tattva] activityName:unknown running:com.android.sun.tattva userId:0 screenOrientation:0 wifi:1 bt:0 predictTime:2 apkVersion:2.03 consumeTime:-1 preloaded:false>)
2026-01-12 01:42:02.678  1401-1937  PkgPredict...Controller system_server                        D  User using: com.android.sun.tattva
2026-01-12 01:42:02.681  1401-1556  WindowManager           system_server                        D  finishDrawingWindow: Window{f58c840 u0 Splash Screen com.android.sun.tattva} mDrawState=DRAW_PENDING
2026-01-12 01:42:02.682 20868-20868 PhoneWindow             com.android.sun.tattva               D  forceLight changed to true [] from com.android.internal.policy.PhoneWindow.updateForceLightNavigationBar:4274 com.android.internal.policy.DecorView.updateColorViews:1547 com.android.internal.policy.PhoneWindow.dispatchWindowAttributesChanged:3252 android.view.Window.setFlags:1153 com.android.internal.policy.PhoneWindow.generateLayout:2474 
2026-01-12 01:42:02.682 20868-20868 PhoneWindow             com.android.sun.tattva               D  forceLight changed to false [] from com.android.internal.policy.PhoneWindow.updateForceLightNavigationBar:4280 com.android.internal.policy.DecorView.updateColorViews:1547 com.android.internal.policy.PhoneWindow.dispatchWindowAttributesChanged:3252 android.view.Window.setFlags:1153 com.android.internal.policy.PhoneWindow.generateLayout:2620 
2026-01-12 01:42:02.683 20868-20868 MultiWindowDecorSupport com.android.sun.tattva               D  setCaptionType = 0, DecorView = DecorView@ddc9578[]
2026-01-12 01:42:02.684  1401-5053  GamePkgDataHelper       system_server                        D  getSosPolicy(). com.android.sun.tattva
2026-01-12 01:42:02.686 20868-20868 NotificationHelper      com.android.sun.tattva               D  Notification channel created:  moon_notifications
2026-01-12 01:42:02.689  1401-1556  RemoteAnim...Controller system_server                        D  createAnimationAdapter(): token=AppWindowToken{31bddd1 token=Token{51e04f8 ActivityRecord{717445b u0 com.android.sun.tattva/com.android.sun.MainActivity t36506}}}
2026-01-12 01:42:02.690  1401-1556  WindowManager           system_server                        D  makeSurface duration=0 leash=Surface(name=Surface(name=AppWindowToken{31bddd1 token=Token{51e04f8 ActivityRecord{717445b u0 com.android.sun.tattva/com.android.sun.MainActivity t36506}}})/@0x6e345e1 - animation-leash)/@0xb157f06
2026-01-12 01:42:02.691  1401-1556  RemoteAnim...Controller system_server                        D  	Add token=AppWindowToken{31bddd1 token=Token{51e04f8 ActivityRecord{717445b u0 com.android.sun.tattva/com.android.sun.MainActivity t36506}}}
2026-01-12 01:42:02.692  1401-1553  WindowManager           system_server                        D  setSystemUiVisibility: displayId=0, vis=0x8008, fullVis=0x0, dockVis=0x0, win=Window{f58c840 u0 Splash Screen com.android.sun.tattva}
2026-01-12 01:42:02.697  1401-1555  GameManagerService      system_server                        D  identifyGamePackage. com.android.sun.tattva, mCurrentUserId: 0, callerUserId: 0
2026-01-12 01:42:02.697  1401-1555  GamePkgDataHelper       system_server                        D  getGamePkgData(). com.android.sun.tattva
2026-01-12 01:42:02.700  1401-1555  GameManagerService      system_server                        D  noteResumeComponent(), received resumed-component: com.android.sun.tattva
2026-01-12 01:42:02.700  1401-1555  GamePkgDataHelper       system_server                        D  getSosPolicy(). com.android.sun.tattva
2026-01-12 01:42:02.700  1401-1991  GameManagerService      system_server                        D  onLooperPrepared(), msg: { when=0 what=10000 obj=ComponentInfo{com.android.sun.tattva/com.android.sun.MainActivity} target=com.samsung.android.game.GameManagerService$FgCheckThread$1 }
2026-01-12 01:42:02.701  1401-1991  GameManagerService      system_server                        D  notifyResumePause(). of pkg: com.android.sun.tattva, type: 4, isMinimized: false, isTunableApp: false
2026-01-12 01:42:02.701  1401-1555  GameManagerService      system_server                        D  identifyGamePackage. com.android.sun.tattva, mCurrentUserId: 0, callerUserId: 0
2026-01-12 01:42:02.701  1401-1555  GamePkgDataHelper       system_server                        D  getGamePkgData(). com.android.sun.tattva
2026-01-12 01:42:02.725  1401-1567  ApplicationPolicy       system_server                        D  isStatusBarNotificationAllowedAsUser: packageName = com.android.sun.tattva,userId = 0
2026-01-12 01:42:02.725 20868-20891 SwissEphWrapper         com.android.sun.tattva               D  Deleting existing seas_18.se1 to prevent corruption
2026-01-12 01:42:02.726  1401-1567  ApplicationPolicy       system_server                        D  isStatusBarNotificationAllowedAsUser: packageName = com.android.sun.tattva,userId = 0
2026-01-12 01:42:02.728 20868-20891 SwissEphWrapper         com.android.sun.tattva               D  âœ“ Copied seas_18.se1 (223002 bytes)
2026-01-12 01:42:02.728 20868-20891 SwissEphWrapper         com.android.sun.tattva               D  Deleting existing semo_18.se1 to prevent corruption
2026-01-12 01:42:02.739 20868-20891 SwissEphWrapper         com.android.sun.tattva               D  âœ“ Copied semo_18.se1 (1304771 bytes)
2026-01-12 01:42:02.739 20868-20891 SwissEphWrapper         com.android.sun.tattva               D  Deleting existing sepl_18.se1 to prevent corruption
2026-01-12 01:42:02.744 20868-20891 SwissEphWrapper         com.android.sun.tattva               D  âœ“ Copied sepl_18.se1 (484055 bytes)
2026-01-12 01:42:02.748 20868-20891 SwissEphWrapper         com.android.sun.tattva               D  âœ… Swiss Ephemeris initialized at:  /data/user/0/com.android.sun.tattva/files/sweph/data
2026-01-12 01:42:02.753 20868-20891 AstroCalculator         com.android.sun.tattva               D  â•â•â•â•â•â•â•â•â•â•â•â•â•â•â•â•â•â•â•â•â•â•â•â•â•â•â•â•â•â•â•â•â•â•â•â•â•â•â•
2026-01-12 01:42:02.753 20868-20891 AstroCalculator         com.android.sun.tattva               D  ğŸ“ TimeZone offset: 2.0 ore
2026-01-12 01:42:02.753 20868-20891 AstroCalculator         com.android.sun.tattva               D  ğŸ“ TimeZone offset in ms: 7200000
2026-01-12 01:42:02.753 20868-20891 AstroCalculator         com.android.sun.tattva               D  ğŸ“ Calendar TimeZone: LocationTZ
2026-01-12 01:42:02.753 20868-20891 AstroCalculator         com.android.sun.tattva               D  ğŸ“ Ora rezultatÄƒ: 8:6:59
2026-01-12 01:42:02.753 20868-20891 AstroCalculator         com.android.sun.tattva               D  â•â•â•â•â•â•â•â•â•â•â•â•â•â•â•â•â•â•â•â•â•â•â•â•â•â•â•â•â•â•â•â•â•â•â•â•â•â•â•
2026-01-12 01:42:02.759 20868-20891 AstroCalculator         com.android.sun.tattva               D  â•â•â•â•â•â•â•â•â•â•â•â•â•â•â•â•â•â•â•â•â•â•â•â•â•â•â•â•â•â•â•â•â•â•â•â•â•â•â•
2026-01-12 01:42:02.759 20868-20891 AstroCalculator         com.android.sun.tattva               D  ğŸ“ TimeZone offset: 2.0 ore
2026-01-12 01:42:02.759 20868-20891 AstroCalculator         com.android.sun.tattva               D  ğŸ“ TimeZone offset in ms: 7200000
2026-01-12 01:42:02.759 20868-20891 AstroCalculator         com.android.sun.tattva               D  ğŸ“ Calendar TimeZone: LocationTZ
2026-01-12 01:42:02.759 20868-20891 AstroCalculator         com.android.sun.tattva               D  ğŸ“ Ora rezultatÄƒ: 8:7:24
2026-01-12 01:42:02.759 20868-20891 AstroCalculator         com.android.sun.tattva               D  â•â•â•â•â•â•â•â•â•â•â•â•â•â•â•â•â•â•â•â•â•â•â•â•â•â•â•â•â•â•â•â•â•â•â•â•â•â•â•
2026-01-12 01:42:02.764 20868-20891 AstroCalculator         com.android.sun.tattva               D  â•â•â•â•â•â•â•â•â•â•â•â•â•â•â•â•â•â•â•â•â•â•â•â•â•â•â•â•â•â•â•â•â•â•â•â•â•â•â•
2026-01-12 01:42:02.764 20868-20891 AstroCalculator         com.android.sun.tattva               D  ğŸ“ TimeZone offset: 2.0 ore
2026-01-12 01:42:02.764 20868-20891 AstroCalculator         com.android.sun.tattva               D  ğŸ“ TimeZone offset in ms: 7200000
2026-01-12 01:42:02.764 20868-20891 AstroCalculator         com.android.sun.tattva               D  ğŸ“ Calendar TimeZone: LocationTZ
2026-01-12 01:42:02.764 20868-20891 AstroCalculator         com.android.sun.tattva               D  ğŸ“ Ora rezultatÄƒ: 17:5:17
2026-01-12 01:42:02.764 20868-20891 AstroCalculator         com.android.sun.tattva               D  â•â•â•â•â•â•â•â•â•â•â•â•â•â•â•â•â•â•â•â•â•â•â•â•â•â•â•â•â•â•â•â•â•â•â•â•â•â•â•
2026-01-12 01:42:02.769 20868-20891 AstroCalculator         com.android.sun.tattva               D  â•â•â•â•â•â•â•â•â•â•â•â•â•â•â•â•â•â•â•â•â•â•â•â•â•â•â•â•â•â•â•â•â•â•â•â•â•â•â•
2026-01-12 01:42:02.769 20868-20891 AstroCalculator         com.android.sun.tattva               D  ğŸ“ TimeZone offset: 2.0 ore
2026-01-12 01:42:02.769 20868-20891 AstroCalculator         com.android.sun.tattva               D  ğŸ“ TimeZone offset in ms: 7200000
2026-01-12 01:42:02.769 20868-20891 AstroCalculator         com.android.sun.tattva               D  ğŸ“ Calendar TimeZone: LocationTZ
2026-01-12 01:42:02.769 20868-20891 AstroCalculator         com.android.sun.tattva               D  ğŸ“ Ora rezultatÄƒ: 17:4:5
2026-01-12 01:42:02.769 20868-20891 AstroCalculator         com.android.sun.tattva               D  â•â•â•â•â•â•â•â•â•â•â•â•â•â•â•â•â•â•â•â•â•â•â•â•â•â•â•â•â•â•â•â•â•â•â•â•â•â•â•
2026-01-12 01:42:02.774 20868-20891 AstroCalculator         com.android.sun.tattva               D  â•â•â•â•â•â•â•â•â•â•â•â•â•â•â•â•â•â•â•â•â•â•â•â•â•â•â•â•â•â•â•â•â•â•â•â•â•â•â•
2026-01-12 01:42:02.774 20868-20891 AstroCalculator         com.android.sun.tattva               D  ğŸ“ TimeZone offset: 2.0 ore
2026-01-12 01:42:02.774 20868-20891 AstroCalculator         com.android.sun.tattva               D  ğŸ“ TimeZone offset in ms: 7200000
2026-01-12 01:42:02.774 20868-20891 AstroCalculator         com.android.sun.tattva               D  ğŸ“ Calendar TimeZone: LocationTZ
2026-01-12 01:42:02.774 20868-20891 AstroCalculator         com.android.sun.tattva               D  ğŸ“ Ora rezultatÄƒ: 8:6:59
2026-01-12 01:42:02.774 20868-20891 AstroCalculator         com.android.sun.tattva               D  â•â•â•â•â•â•â•â•â•â•â•â•â•â•â•â•â•â•â•â•â•â•â•â•â•â•â•â•â•â•â•â•â•â•â•â•â•â•â•
2026-01-12 01:42:02.774 20868-20891 TattvaCalculator        com.android.sun.tattva               D  === TATTVA DEBUG START ===
2026-01-12 01:42:02.774 20868-20891 TattvaCalculator        com.android.sun.tattva               D  Current time: 2026-01-12 01:42:02
2026-01-12 01:42:02.774 20868-20891 TattvaCalculator        com.android.sun.tattva               D  Sunrise time: 2026-01-11 08:07:24
2026-01-12 01:42:02.774 20868-20891 TattvaCalculator        com.android.sun.tattva               D  Elapsed since sunrise: 1054 minutes
2026-01-12 01:42:02.774 20868-20891 TattvaCalculator        com.android.sun.tattva               D  Tattva index from sunrise: 43
2026-01-12 01:42:02.774 20868-20891 TattvaCalculator        com.android.sun.tattva               D  Cycle number: 8
2026-01-12 01:42:02.774 20868-20891 TattvaCalculator        com.android.sun.tattva               D  Tattva index in cycle: 3
2026-01-12 01:42:02.774 20868-20891 TattvaCalculator        com.android.sun.tattva               D  Current Tattva: Apas
2026-01-12 01:42:02.774 20868-20891 TattvaCalculator        com.android.sun.tattva               D  Tattva starts at: 2026-01-12 01:19:24
2026-01-12 01:42:02.774 20868-20891 TattvaCalculator        com.android.sun.tattva               D  Tattva ends at: 2026-01-12 01:43:24
2026-01-12 01:42:02.774 20868-20891 TattvaCalculator        com.android.sun.tattva               D  Current millis: 1768174922748
2026-01-12 01:42:02.774 20868-20891 TattvaCalculator        com.android.sun.tattva               D  Tattva end millis: 1768175004857
2026-01-12 01:42:02.774 20868-20891 TattvaCalculator        com.android.sun.tattva               D  Remaining millis: 82109
2026-01-12 01:42:02.774 20868-20891 TattvaCalculator        com.android.sun.tattva               D  Remaining: 1m 22s
2026-01-12 01:42:02.774 20868-20891 TattvaCalculator        com.android.sun.tattva               D  === TATTVA DEBUG END ===
2026-01-12 01:42:02.774 20868-20891 SubTattvaCalculator     com.android.sun.tattva               D  === SUBTATTVA DEBUG START ===
2026-01-12 01:42:02.774 20868-20891 SubTattvaCalculator     com.android.sun.tattva               D  Current time: 2026-01-12 01:42:02
2026-01-12 01:42:02.774 20868-20891 SubTattvaCalculator     com.android.sun.tattva               D  Sunrise time: 2026-01-11 08:07:24
2026-01-12 01:42:02.774 20868-20891 SubTattvaCalculator     com.android.sun.tattva               D  Elapsed since sunrise: 63277 seconds
2026-01-12 01:42:02.774 20868-20891 SubTattvaCalculator     com.android.sun.tattva               D  SubTattva index from sunrise: 219
2026-01-12 01:42:02.774 20868-20891 SubTattvaCalculator     com.android.sun.tattva               D  SubTattva index in Tattva: 4
2026-01-12 01:42:02.774 20868-20891 SubTattvaCalculator     com.android.sun.tattva               D  Current SubTattva: Prithivi
2026-01-12 01:42:02.775 20868-20891 SubTattvaCalculator     com.android.sun.tattva               D  SubTattva starts at: 2026-01-12 01:38:36
2026-01-12 01:42:02.775 20868-20891 SubTattvaCalculator     com.android.sun.tattva               D  SubTattva ends at: 2026-01-12 01:43:24
2026-01-12 01:42:02.775 20868-20891 SubTattvaCalculator     com.android.sun.tattva               D  Current millis: 1768174922748
2026-01-12 01:42:02.775 20868-20891 SubTattvaCalculator     com.android.sun.tattva               D  SubTattva end millis: 1768175004857
2026-01-12 01:42:02.775 20868-20891 SubTattvaCalculator     com.android.sun.tattva               D  Remaining millis: 82109
2026-01-12 01:42:02.775 20868-20891 SubTattvaCalculator     com.android.sun.tattva               D  Remaining: 1m 22s
2026-01-12 01:42:02.775 20868-20891 SubTattvaCalculator     com.android.sun.tattva               D  === SUBTATTVA DEBUG END ===
2026-01-12 01:42:02.775 20868-20891 MoonPhaseCalculator     com.android.sun.tattva               D  ğŸ“ START SEARCH: target=154.2833Â°, current=284.59433390016Â°
2026-01-12 01:42:02.775 20868-20891 MoonPhaseCalculator     com.android.sun.tattva               D    Degrees to go: 229.68896609984Â°, estimated days: 18
2026-01-12 01:42:02.777 20868-20891 MoonPhaseCalculator     com.android.sun.tattva               D    After DAY search:   2026-01-30 23:42:02 UTC
2026-01-12 01:42:02.778 20868-20891 MoonPhaseCalculator     com.android.sun.tattva               D    After HOUR search:  2026-01-30 23:42:02 UTC
2026-01-12 01:42:02.782 20868-20868 SwissEphWrapper         com.android.sun.tattva               D  Deleting existing seas_18.se1 to prevent corruption
2026-01-12 01:42:02.785 20868-20868 SwissEphWrapper         com.android.sun.tattva               D  âœ“ Copied seas_18.se1 (223002 bytes)
2026-01-12 01:42:02.785 20868-20891 MoonPhaseCalculator     com.android.sun.tattva               D  âœ… FOUND phase 154.2833Â° (UTC):  2026-01-30 23:53:02 UTC, diff=0.0022907867755179723Â°
2026-01-12 01:42:02.785 20868-20891 MoonPhaseCalculator     com.android.sun.tattva               D  âœ… Converted to Location: 2026-01-31 01:53:02 Location
2026-01-12 01:42:02.785 20868-20868 SwissEphWrapper         com.android.sun.tattva               D  Deleting existing semo_18.se1 to prevent corruption
2026-01-12 01:42:02.785 20868-20891 MoonPhaseCalculator     com.android.sun.tattva               D  ğŸ“ START SEARCH: target=180.0Â°, current=284.59433390016Â°
2026-01-12 01:42:02.785 20868-20891 MoonPhaseCalculator     com.android.sun.tattva               D    Degrees to go: 255.40566609984Â°, estimated days: 20
2026-01-12 01:42:02.787 20868-20891 MoonPhaseCalculator     com.android.sun.tattva               D    After DAY search:   2026-02-01 23:42:02 UTC
2026-01-12 01:42:02.788 20868-20891 MoonPhaseCalculator     com.android.sun.tattva               D    After HOUR search:  2026-02-01 21:42:02 UTC
2026-01-12 01:42:02.794 20868-20891 MoonPhaseCalculator     com.android.sun.tattva               D  âœ… FOUND phase 180.0Â° (UTC):  2026-02-01 22:09:02 UTC, diff=1.709867456440861E-4Â°
2026-01-12 01:42:02.794 20868-20891 MoonPhaseCalculator     com.android.sun.tattva               D  âœ… Converted to Location: 2026-02-02 00:09:02 Location
2026-01-12 01:42:02.794 20868-20891 MoonPhaseCalculator     com.android.sun.tattva               D  ğŸ“ START SEARCH: target=0.0Â°, current=284.59433390016Â°
2026-01-12 01:42:02.794 20868-20891 MoonPhaseCalculator     com.android.sun.tattva               D    Degrees to go: 75.40566609984Â°, estimated days: 6
2026-01-12 01:42:02.795 20868-20891 MoonPhaseCalculator     com.android.sun.tattva               D    After DAY search:   2026-01-18 23:42:02 UTC
2026-01-12 01:42:02.796 20868-20891 MoonPhaseCalculator     com.android.sun.tattva               D    After HOUR search:  2026-01-18 19:42:02 UTC
2026-01-12 01:42:02.796 20868-20868 SwissEphWrapper         com.android.sun.tattva               D  âœ“ Copied semo_18.se1 (1304771 bytes)
2026-01-12 01:42:02.796 20868-20868 SwissEphWrapper         com.android.sun.tattva               D  Deleting existing sepl_18.se1 to prevent corruption
2026-01-12 01:42:02.801 20868-20891 MoonPhaseCalculator     com.android.sun.tattva               D  âœ… FOUND phase 0.0Â° (UTC):  2026-01-18 19:52:02 UTC, diff=0.001938596984984997Â°
2026-01-12 01:42:02.801 20868-20891 MoonPhaseCalculator     com.android.sun.tattva               D  âœ… Converted to Location: 2026-01-18 21:52:02 Location
2026-01-12 01:42:02.801 20868-20891 MoonPhaseCalculator     com.android.sun.tattva               D  === MOON PHASE DEBUG ===
2026-01-12 01:42:02.801 20868-20891 MoonPhaseCalculator     com.android.sun.tattva               D  Location TZ: Location
2026-01-12 01:42:02.801 20868-20891 MoonPhaseCalculator     com.android.sun.tattva               D  Moon:      217.34988663986988Â°, Sun:   291.84854491407003Â°
2026-01-12 01:42:02.801 20868-20891 MoonPhaseCalculator     com.android.sun.tattva               D  Phase angle: 285.5013417257999Â°
2026-01-12 01:42:02.801 20868-20891 MoonPhaseCalculator     com.android.sun.tattva               D  Illumination:  41%
2026-01-12 01:42:02.801 20868-20891 MoonPhaseCalculator     com.android.sun.tattva               D  Next Tripura Sundari: 2026-01-31 01:53:02 Location
2026-01-12 01:42:02.801 20868-20891 MoonPhaseCalculator     com.android.sun.tattva               D  Next Full Moon:    2026-02-02 00:09:02 Location
2026-01-12 01:42:02.801 20868-20891 MoonPhaseCalculator     com.android.sun.tattva               D  Next New Moon:   2026-01-18 21:52:02 Location
2026-01-12 01:42:02.801 20868-20868 SwissEphWrapper         com.android.sun.tattva               D  âœ“ Copied sepl_18.se1 (484055 bytes)
2026-01-12 01:42:02.801 20868-20891 PlanetDebug             com.android.sun.tattva               D  ============================================
2026-01-12 01:42:02.801 20868-20891 PlanetDebug             com.android.sun.tattva               D  ğŸ” PLANETARY HOUR CALCULATION START
2026-01-12 01:42:02.801 20868-20891 PlanetDebug             com.android.sun.tattva               D  ============================================
2026-01-12 01:42:02.801 20868-20891 PlanetDebug             com.android.sun.tattva               D  ğŸ“… currentTime:     2026-01-12 01:42:02
2026-01-12 01:42:02.801 20868-20891 PlanetDebug             com.android.sun.tattva               D  ğŸŒ… sunrise:         2026-01-11 08:07:24
2026-01-12 01:42:02.801 20868-20891 PlanetDebug             com.android.sun.tattva               D  ğŸŒ‡ sunset:          2026-01-11 17:05:17
2026-01-12 01:42:02.801 20868-20891 PlanetDebug             com.android.sun.tattva               D  ğŸŒ‡ previousSunset:  2026-01-10 17:04:05
2026-01-12 01:42:02.801 20868-20891 PlanetDebug             com.android.sun.tattva               D  ğŸŒ… nextSunrise:     2026-01-12 08:06:59
2026-01-12 01:42:02.801 20868-20891 PlanetDebug             com.android.sun.tattva               D  â˜€ï¸ isDayTime: false
2026-01-12 01:42:02.801 20868-20891 PlanetDebug             com.android.sun.tattva               D  ğŸŒ™ NIGHT (after sunset): from sunset to nextSunrise
2026-01-12 01:42:02.801 20868-20891 PlanetDebug             com.android.sun.tattva               D  â° startMillis: 1768143917237 (2026-01-11 17:05:17)
2026-01-12 01:42:02.801 20868-20891 PlanetDebug             com.android.sun.tattva               D  â° endMillis:   1768198019107 (2026-01-12 08:06:59)
2026-01-12 01:42:02.801 20868-20891 PlanetDebug             com.android.sun.tattva               D  â± totalDuration: 901.6978333333333 minutes
2026-01-12 01:42:02.801 20868-20891 PlanetDebug             com.android.sun.tattva               D  â± planetaryHourDuration: 75.14148333333333 minutes
2026-01-12 01:42:02.801 20868-20891 PlanetDebug             com.android.sun.tattva               D  â± elapsedTime: 516.7585166666667 minutes
2026-01-12 01:42:02.801 20868-20891 PlanetDebug             com.android.sun.tattva               D  ğŸ”¢ hourIndex: 6 (hour 7 of 12)
2026-01-12 01:42:02.801 20868-20891 PlanetDebug             com.android.sun.tattva               D  ğŸŒ™ NIGHT: globalHourIndex = 18 (hours 13-24 of day)
2026-01-12 01:42:02.801 20868-20891 PlanetDebug             com.android.sun.tattva               D  â° hourStart: 2026-01-12 00:36:08
2026-01-12 01:42:02.802 20868-20891 PlanetDebug             com.android.sun.tattva               D  â° hourEnd:   2026-01-12 01:51:16
2026-01-12 01:42:02.802 20868-20891 PlanetDebug             com.android.sun.tattva               D  ğŸ“… referenceDay: 2026-01-11 08:07:24
2026-01-12 01:42:02.802 20868-20891 PlanetDebug             com.android.sun.tattva               D  ğŸ“… dayOfWeek: 0 (SUN)
2026-01-12 01:42:02.802 20868-20891 PlanetDebug             com.android.sun.tattva               D  ğŸ“… dayRuler: Sun
2026-01-12 01:42:02.802 20868-20891 PlanetDebug             com.android.sun.tattva               D  ğŸ”¢ globalHourIndex: 18 (hour 19 of 24)
2026-01-12 01:42:02.802 20868-20891 PlanetDebug             com.android.sun.tattva               D  ğŸ” getPlanetForHour: dayOfWeek=0, globalHourIndex=18
2026-01-12 01:42:02.802 20868-20891 PlanetDebug             com.android.sun.tattva               D  ğŸ” startPlanet: Soare (index 3 in chaldeanOrder)
2026-01-12 01:42:02.802 20868-20891 PlanetDebug             com.android.sun.tattva               D  ğŸ” planetIndex: (3 + 18) % 7 = 0
2026-01-12 01:42:02.802 20868-20891 PlanetDebug             com.android.sun.tattva               D  ğŸ” result: Saturn
